15:06:01 ==============================================================================
15:06:01 EVENT-PROVENANCE RGAT  |  focal loss  |  neighbourhood sampling
15:06:01 ==============================================================================
15:06:01 ==============================================================================
EVENT-PROVENANCE SCHEMA (KQL contract)
==============================================================================
event types (6):  SignIn, ProcessCreate, NetworkConnection, FileActivity, SystemConfig, DnsQuery
relations   (6):  PROCESS_CHILD, SESSION_ACTION, HOST_SEQUENCE, USER_SEQUENCE, NET_TRIGGER, CONFIG_TRIGGER
------------------------------------------------------------------------------
feature block             offset   dim  kind
etype_onehot                   0     6  onehot
hour_sin_cos                   6     2  dense
dow_sin_cos                    8     2  dense
host_role_onehot              10     6  onehot
os_onehot                     16     2  onehot
user_role_onehot              18     3  onehot
auth_flags                    21     4  dense
integrity_onehot              25     3  onehot
net_flags                     28     2  dense
protocol_onehot               30     3  onehot
port_class_onehot             33     4  onehot
log_bytes                     37     1  dense
process_cat_onehot            38    14  onehot
file_cat_onehot               52     9  onehot
file_action_onehot            61     4  onehot
config_kind_onehot            65     5  onehot
dns_feats                     70     2  dense
cmdline_feats                 72     6  dense
TOTAL node features                 78
edge features: 8  (log_dt_min + dt bucket onehot + log_bytes)
==============================================================================
15:06:01 [run ] run dir: runs\20260807_150601_ens_member_2024
15:06:01 [env ] CUDA device: NVIDIA GeForce RTX 5060  VRAM 8.0 GB  torch 2.13.0+cu132
15:06:01 [data] loading cached dataset from data\graph_d34b2d9b067a.pt
15:06:01 [data]   nodes=402,064
[data]   PROCESS_CHILD    edges=   44,696
[data]   SESSION_ACTION   edges=   24,079
[data]   HOST_SEQUENCE    edges=  292,980
[data]   USER_SEQUENCE    edges=  315,563
[data]   NET_TRIGGER      edges=    8,158
[data]   CONFIG_TRIGGER   edges=    4,135
[data]   split train: nodes= 275,273  positive= 2,367  pos_rate=0.86%
[data]   split val  : nodes=  54,356  positive=   769  pos_rate=1.41%
[data]   split test : nodes=  60,664  positive=   779  pos_rate=1.28%
15:06:01 [model] EventProvenanceRGAT  layers=6 hidden=128 heads=4 params=767,729
15:06:01 [loss ] focal loss  gamma=2.0 alpha=0.75
15:06:01 [thr  ] threshold policy: f1
15:06:01 [train] 80 epochs x 19 steps (seeds/batch=512, pos=128/neg=384)
15:06:02 [train] ep 1 step   1/19 | loss 0.0571 (pos 0.112/neg 0.054) | sup 500+/8802- | seedF1 0.628 | subgraph n=9,302 e=30,020 | lr 3.07e-05 | gpu 846MB
15:06:02 [train] ep 1 step   5/19 | loss 0.0514 (pos 0.131/neg 0.047) | sup 517+/8502- | seedF1 0.594 | subgraph n=9,019 e=28,583 | lr 3.34e-05 | gpu 899MB
15:06:03 [train] ep 1 step  10/19 | loss 0.0440 (pos 0.157/neg 0.038) | sup 482+/8659- | seedF1 0.531 | subgraph n=9,141 e=28,871 | lr 3.67e-05 | gpu 899MB
15:06:03 [train] ep 1 step  15/19 | loss 0.0389 (pos 0.196/neg 0.030) | sup 468+/8272- | seedF1 0.457 | subgraph n=8,740 e=28,480 | lr 4.01e-05 | gpu 900MB
15:06:05 ┌────────────────────────────────────────────────────────────────────────────
15:06:05 │ EPOCH   1/80  train_loss 0.0451 (pos 0.162 / neg 0.038)  seedF1 0.405  2.6s  (68501 seeds/s)  eta ~3.4min
15:06:05 │ VAL  AUROC 0.6981 | AUPRC 0.0521 (base 0.0141) | F1 0.1095 (thr 0.457) | P 0.1172 R 0.1027 | MCC 0.0978
15:06:05 │ best AUPRC 0.0521 @ ep1   ** improved **
15:06:05 └────────────────────────────────────────────────────────────────────────────
15:06:05 [train] ep 2 step   1/19 | loss 0.0356 (pos 0.220/neg 0.024) | sup 556+/8888- | seedF1 0.307 | subgraph n=9,444 e=30,203 | lr 4.35e-05 | gpu 900MB
15:06:05 [train] ep 2 step   6/19 | loss 0.0334 (pos 0.270/neg 0.019) | sup 512+/8368- | seedF1 0.216 | subgraph n=8,880 e=28,496 | lr 4.69e-05 | gpu 900MB
15:06:06 [train] ep 2 step  11/19 | loss 0.0304 (pos 0.302/neg 0.015) | sup 504+/9033- | seedF1 0.166 | subgraph n=9,537 e=30,309 | lr 5.03e-05 | gpu 900MB
15:06:06 [train] ep 2 step  16/19 | loss 0.0302 (pos 0.329/neg 0.013) | sup 531+/9076- | seedF1 0.134 | subgraph n=9,607 e=30,881 | lr 5.36e-05 | gpu 900MB
15:06:08 ┌────────────────────────────────────────────────────────────────────────────
15:06:08 │ EPOCH   2/80  train_loss 0.0313 (pos 0.291 / neg 0.017)  seedF1 0.122  1.9s  (91816 seeds/s)  eta ~2.5min
15:06:08 │ VAL  AUROC 0.8403 | AUPRC 0.1413 (base 0.0141) | F1 0.2091 (thr 0.382) | P 0.2114 R 0.2068 | MCC 0.1979
15:06:08 │ best AUPRC 0.1413 @ ep2   ** improved **
15:06:08 └────────────────────────────────────────────────────────────────────────────
15:06:08 [train] ep 3 step   1/19 | loss 0.0279 (pos 0.329/neg 0.012) | sup 484+/9025- | seedF1 0.402 | subgraph n=9,509 e=30,739 | lr 5.63e-05 | gpu 900MB
15:06:08 [train] ep 3 step   2/19 | loss 0.0292 (pos 0.333/neg 0.012) | sup 510+/8826- | seedF1 0.413 | subgraph n=9,336 e=29,773 | lr 5.70e-05 | gpu 900MB
15:06:08 [train] ep 3 step   7/19 | loss 0.0269 (pos 0.312/neg 0.011) | sup 481+/8837- | seedF1 0.482 | subgraph n=9,318 e=30,224 | lr 6.04e-05 | gpu 900MB
15:06:09 [train] ep 3 step  12/19 | loss 0.0284 (pos 0.307/neg 0.012) | sup 538+/9049- | seedF1 0.532 | subgraph n=9,587 e=30,293 | lr 6.38e-05 | gpu 951MB
15:06:09 [train] ep 3 step  17/19 | loss 0.0248 (pos 0.264/neg 0.012) | sup 485+/9156- | seedF1 0.588 | subgraph n=9,641 e=30,739 | lr 6.71e-05 | gpu 951MB
15:06:11 ┌────────────────────────────────────────────────────────────────────────────
15:06:11 │ EPOCH   3/80  train_loss 0.0268 (pos 0.297 / neg 0.012)  seedF1 0.606  1.9s  (93530 seeds/s)  eta ~2.5min
15:06:11 │ VAL  AUROC 0.8418 | AUPRC 0.1055 (base 0.0141) | F1 0.1825 (thr 0.515) | P 0.1964 R 0.1704 | MCC 0.1720
15:06:11 │ best AUPRC 0.1413 @ ep2   patience 19/20
15:06:11 └────────────────────────────────────────────────────────────────────────────
15:06:11 [train] ep 4 step   1/19 | loss 0.0230 (pos 0.243/neg 0.012) | sup 447+/8821- | seedF1 0.202 | subgraph n=9,268 e=29,664 | lr 6.92e-05 | gpu 951MB
15:06:11 [train] ep 4 step   3/19 | loss 0.0240 (pos 0.256/neg 0.011) | sup 464+/8598- | seedF1 0.181 | subgraph n=9,062 e=28,634 | lr 7.05e-05 | gpu 951MB
15:06:11 [train] ep 4 step   8/19 | loss 0.0237 (pos 0.261/neg 0.010) | sup 499+/8838- | seedF1 0.211 | subgraph n=9,337 e=30,035 | lr 7.39e-05 | gpu 951MB
15:06:12 [train] ep 4 step  13/19 | loss 0.0218 (pos 0.241/neg 0.010) | sup 490+/8844- | seedF1 0.243 | subgraph n=9,334 e=29,990 | lr 7.72e-05 | gpu 951MB
15:06:12 [train] ep 4 step  18/19 | loss 0.0204 (pos 0.231/neg 0.009) | sup 492+/8933- | seedF1 0.299 | subgraph n=9,425 e=30,368 | lr 8.06e-05 | gpu 951MB
15:06:13 ┌────────────────────────────────────────────────────────────────────────────
15:06:13 │ EPOCH   4/80  train_loss 0.0231 (pos 0.251 / neg 0.010)  seedF1 0.310  1.9s  (94061 seeds/s)  eta ~2.4min
15:06:13 │ VAL  AUROC 0.8912 | AUPRC 0.2048 (base 0.0141) | F1 0.2387 (thr 0.584) | P 0.2004 R 0.2952 | MCC 0.2300
15:06:13 │ best AUPRC 0.2048 @ ep4   ** improved **
15:06:13 └────────────────────────────────────────────────────────────────────────────
15:06:14 [train] ep 5 step   1/19 | loss 0.0201 (pos 0.257/neg 0.009) | sup 455+/9695- | seedF1 0.197 | subgraph n=10,150 e=32,495 | lr 8.20e-05 | gpu 951MB
15:06:14 [train] ep 5 step   4/19 | loss 0.0201 (pos 0.207/neg 0.009) | sup 494+/8342- | seedF1 0.284 | subgraph n=8,836 e=28,162 | lr 8.40e-05 | gpu 951MB
15:06:14 [train] ep 5 step   9/19 | loss 0.0183 (pos 0.214/neg 0.008) | sup 476+/9323- | seedF1 0.346 | subgraph n=9,799 e=31,760 | lr 8.74e-05 | gpu 951MB
15:06:15 [train] ep 5 step  14/19 | loss 0.0202 (pos 0.241/neg 0.008) | sup 541+/9602- | seedF1 0.376 | subgraph n=10,143 e=32,353 | lr 9.07e-05 | gpu 951MB
15:06:15 [train] ep 5 step  19/19 | loss 0.0222 (pos 0.251/neg 0.008) | sup 537+/8763- | seedF1 0.412 | subgraph n=9,300 e=29,962 | lr 9.41e-05 | gpu 951MB
15:06:16 ┌────────────────────────────────────────────────────────────────────────────
15:06:16 │ EPOCH   5/80  train_loss 0.0200 (pos 0.220 / neg 0.009)  seedF1 0.412  1.9s  (93280 seeds/s)  eta ~2.4min
15:06:16 │ VAL  AUROC 0.9188 | AUPRC 0.3391 (base 0.0141) | F1 0.3480 (thr 0.692) | P 0.4186 R 0.2978 | MCC 0.3453
15:06:16 │ best AUPRC 0.3391 @ ep5   ** improved **
15:06:16 └────────────────────────────────────────────────────────────────────────────
15:06:16 [train] ep 6 step   1/19 | loss 0.0192 (pos 0.191/neg 0.008) | sup 568+/8933- | seedF1 0.148 | subgraph n=9,501 e=30,655 | lr 9.48e-05 | gpu 951MB
15:06:17 [train] ep 6 step   5/19 | loss 0.0172 (pos 0.182/neg 0.008) | sup 487+/8874- | seedF1 0.232 | subgraph n=9,361 e=30,149 | lr 9.75e-05 | gpu 951MB
15:06:17 [train] ep 6 step  10/19 | loss 0.0174 (pos 0.195/neg 0.008) | sup 486+/8761- | seedF1 0.254 | subgraph n=9,247 e=29,540 | lr 1.01e-04 | gpu 951MB
15:06:18 [train] ep 6 step  15/19 | loss 0.0172 (pos 0.191/neg 0.007) | sup 522+/9230- | seedF1 0.282 | subgraph n=9,752 e=30,854 | lr 1.04e-04 | gpu 951MB
15:06:19 ┌────────────────────────────────────────────────────────────────────────────
15:06:19 │ EPOCH   6/80  train_loss 0.0179 (pos 0.196 / neg 0.008)  seedF1 0.304  1.9s  (93310 seeds/s)  eta ~2.3min
15:06:19 │ VAL  AUROC 0.9350 | AUPRC 0.4539 (base 0.0141) | F1 0.4602 (thr 0.709) | P 0.5665 R 0.3875 | MCC 0.4624
15:06:19 │ best AUPRC 0.4539 @ ep6   ** improved **
15:06:19 └────────────────────────────────────────────────────────────────────────────
15:06:19 [train] ep 7 step   1/19 | loss 0.0165 (pos 0.191/neg 0.007) | sup 477+/8767- | seedF1 0.352 | subgraph n=9,244 e=29,722 | lr 1.08e-04 | gpu 951MB
15:06:20 [train] ep 7 step   6/19 | loss 0.0171 (pos 0.202/neg 0.007) | sup 488+/8961- | seedF1 0.349 | subgraph n=9,449 e=30,812 | lr 1.11e-04 | gpu 951MB
15:06:20 [train] ep 7 step  11/19 | loss 0.0148 (pos 0.179/neg 0.006) | sup 470+/9078- | seedF1 0.391 | subgraph n=9,548 e=30,609 | lr 1.14e-04 | gpu 951MB
15:06:21 [train] ep 7 step  16/19 | loss 0.0154 (pos 0.172/neg 0.006) | sup 519+/8640- | seedF1 0.395 | subgraph n=9,159 e=29,128 | lr 1.18e-04 | gpu 951MB
15:06:22 ┌────────────────────────────────────────────────────────────────────────────
15:06:22 │ EPOCH   7/80  train_loss 0.0157 (pos 0.175 / neg 0.007)  seedF1 0.407  1.9s  (93834 seeds/s)  eta ~2.3min
15:06:22 │ VAL  AUROC 0.9376 | AUPRC 0.4851 (base 0.0141) | F1 0.4873 (thr 0.774) | P 0.7420 R 0.3628 | MCC 0.5144
15:06:22 │ best AUPRC 0.4851 @ ep7   ** improved **
15:06:22 └────────────────────────────────────────────────────────────────────────────
15:06:22 [train] ep 8 step   1/19 | loss 0.0142 (pos 0.150/neg 0.007) | sup 470+/8793- | seedF1 0.368 | subgraph n=9,263 e=29,576 | lr 1.20e-04 | gpu 951MB
15:06:22 [train] ep 8 step   2/19 | loss 0.0155 (pos 0.149/neg 0.007) | sup 528+/8411- | seedF1 0.372 | subgraph n=8,939 e=28,995 | lr 1.21e-04 | gpu 951MB
15:06:23 [train] ep 8 step   7/19 | loss 0.0142 (pos 0.165/neg 0.006) | sup 479+/8730- | seedF1 0.354 | subgraph n=9,209 e=29,219 | lr 1.24e-04 | gpu 951MB
15:06:23 [train] ep 8 step  12/19 | loss 0.0145 (pos 0.171/neg 0.006) | sup 468+/8832- | seedF1 0.367 | subgraph n=9,300 e=29,845 | lr 1.28e-04 | gpu 952MB
15:06:24 [train] ep 8 step  17/19 | loss 0.0143 (pos 0.174/neg 0.006) | sup 484+/9158- | seedF1 0.369 | subgraph n=9,642 e=30,886 | lr 1.31e-04 | gpu 952MB
15:06:25 ┌────────────────────────────────────────────────────────────────────────────
15:06:25 │ EPOCH   8/80  train_loss 0.0147 (pos 0.170 / neg 0.006)  seedF1 0.374  1.9s  (93606 seeds/s)  eta ~2.3min
15:06:25 │ VAL  AUROC 0.9439 | AUPRC 0.5339 (base 0.0141) | F1 0.5445 (thr 0.774) | P 0.7829 R 0.4174 | MCC 0.5675
15:06:25 │ best AUPRC 0.5339 @ ep8   ** improved **
15:06:25 └────────────────────────────────────────────────────────────────────────────
15:06:25 [train] ep 9 step   1/19 | loss 0.0149 (pos 0.160/neg 0.006) | sup 544+/9167- | seedF1 0.396 | subgraph n=9,711 e=30,790 | lr 1.33e-04 | gpu 952MB
15:06:25 [train] ep 9 step   3/19 | loss 0.0144 (pos 0.148/neg 0.006) | sup 521+/8732- | seedF1 0.401 | subgraph n=9,253 e=29,691 | lr 1.35e-04 | gpu 952MB
15:06:26 [train] ep 9 step   8/19 | loss 0.0143 (pos 0.154/neg 0.006) | sup 510+/8751- | seedF1 0.430 | subgraph n=9,261 e=29,582 | lr 1.38e-04 | gpu 952MB
15:06:26 [train] ep 9 step  13/19 | loss 0.0148 (pos 0.172/neg 0.006) | sup 542+/9575- | seedF1 0.437 | subgraph n=10,117 e=32,648 | lr 1.41e-04 | gpu 952MB
15:06:27 [train] ep 9 step  18/19 | loss 0.0144 (pos 0.155/neg 0.006) | sup 528+/9107- | seedF1 0.441 | subgraph n=9,635 e=30,313 | lr 1.45e-04 | gpu 952MB
15:06:28 ┌────────────────────────────────────────────────────────────────────────────
15:06:28 │ EPOCH   9/80  train_loss 0.0141 (pos 0.155 / neg 0.006)  seedF1 0.440  1.9s  (93664 seeds/s)  eta ~2.2min
15:06:28 │ VAL  AUROC 0.9498 | AUPRC 0.5713 (base 0.0141) | F1 0.5843 (thr 0.769) | P 0.9093 R 0.4304 | MCC 0.6224
15:06:28 │ best AUPRC 0.5713 @ ep9   ** improved **
15:06:28 └────────────────────────────────────────────────────────────────────────────
15:06:28 [train] ep10 step   1/19 | loss 0.0124 (pos 0.146/neg 0.006) | sup 453+/9073- | seedF1 0.491 | subgraph n=9,526 e=30,353 | lr 1.46e-04 | gpu 952MB
15:06:28 [train] ep10 step   4/19 | loss 0.0140 (pos 0.151/neg 0.006) | sup 522+/9004- | seedF1 0.460 | subgraph n=9,526 e=30,631 | lr 1.48e-04 | gpu 952MB
15:06:29 [train] ep10 step   9/19 | loss 0.0133 (pos 0.169/neg 0.005) | sup 466+/9141- | seedF1 0.471 | subgraph n=9,607 e=30,902 | lr 1.51e-04 | gpu 952MB
15:06:29 [train] ep10 step  14/19 | loss 0.0130 (pos 0.135/neg 0.005) | sup 547+/8871- | seedF1 0.489 | subgraph n=9,418 e=30,017 | lr 1.55e-04 | gpu 952MB
15:06:30 [train] ep10 step  19/19 | loss 0.0128 (pos 0.134/neg 0.006) | sup 495+/8611- | seedF1 0.501 | subgraph n=9,106 e=29,246 | lr 1.58e-04 | gpu 952MB
15:06:31 ┌────────────────────────────────────────────────────────────────────────────
15:06:31 │ EPOCH  10/80  train_loss 0.0131 (pos 0.149 / neg 0.006)  seedF1 0.501  1.9s  (92751 seeds/s)  eta ~2.2min
15:06:31 │ VAL  AUROC 0.9523 | AUPRC 0.5863 (base 0.0141) | F1 0.5944 (thr 0.792) | P 0.9067 R 0.4421 | MCC 0.6299
15:06:31 │ best AUPRC 0.5863 @ ep10   ** improved **
15:06:31 └────────────────────────────────────────────────────────────────────────────
15:06:31 [train] ep11 step   1/19 | loss 0.0114 (pos 0.120/neg 0.006) | sup 526+/9681- | seedF1 0.511 | subgraph n=10,207 e=32,863 | lr 1.59e-04 | gpu 952MB
15:06:31 [train] ep11 step   5/19 | loss 0.0117 (pos 0.146/neg 0.005) | sup 436+/9004- | seedF1 0.519 | subgraph n=9,440 e=30,121 | lr 1.62e-04 | gpu 952MB
15:06:32 [train] ep11 step  10/19 | loss 0.0128 (pos 0.141/neg 0.005) | sup 490+/8316- | seedF1 0.504 | subgraph n=8,806 e=28,092 | lr 1.65e-04 | gpu 952MB
15:06:32 [train] ep11 step  15/19 | loss 0.0131 (pos 0.155/neg 0.005) | sup 497+/9085- | seedF1 0.495 | subgraph n=9,582 e=30,535 | lr 1.68e-04 | gpu 952MB
15:06:34 ┌────────────────────────────────────────────────────────────────────────────
15:06:34 │ EPOCH  11/80  train_loss 0.0128 (pos 0.146 / neg 0.005)  seedF1 0.497  1.9s  (92390 seeds/s)  eta ~2.2min
15:06:34 │ VAL  AUROC 0.9544 | AUPRC 0.6032 (base 0.0141) | F1 0.6105 (thr 0.747) | P 0.9010 R 0.4616 | MCC 0.6417
15:06:34 │ best AUPRC 0.6032 @ ep11   ** improved **
15:06:34 └────────────────────────────────────────────────────────────────────────────
15:06:34 [train] ep12 step   1/19 | loss 0.0123 (pos 0.141/neg 0.005) | sup 491+/8793- | seedF1 0.556 | subgraph n=9,284 e=29,804 | lr 1.72e-04 | gpu 952MB
15:06:34 [train] ep12 step   6/19 | loss 0.0125 (pos 0.135/neg 0.005) | sup 498+/8669- | seedF1 0.567 | subgraph n=9,167 e=29,029 | lr 1.75e-04 | gpu 952MB
15:06:35 [train] ep12 step  11/19 | loss 0.0129 (pos 0.145/neg 0.005) | sup 510+/8357- | seedF1 0.578 | subgraph n=8,867 e=28,392 | lr 1.78e-04 | gpu 952MB
15:06:35 [train] ep12 step  16/19 | loss 0.0116 (pos 0.130/neg 0.005) | sup 512+/8762- | seedF1 0.583 | subgraph n=9,274 e=29,398 | lr 1.82e-04 | gpu 952MB
15:06:37 ┌────────────────────────────────────────────────────────────────────────────
15:06:37 │ EPOCH  12/80  train_loss 0.0119 (pos 0.130 / neg 0.005)  seedF1 0.597  1.9s  (93735 seeds/s)  eta ~2.1min
15:06:37 │ VAL  AUROC 0.9557 | AUPRC 0.6055 (base 0.0141) | F1 0.6057 (thr 0.810) | P 0.9158 R 0.4525 | MCC 0.6406
15:06:37 │ best AUPRC 0.6055 @ ep12   ** improved **
15:06:37 └────────────────────────────────────────────────────────────────────────────
15:06:37 [train] ep13 step   1/19 | loss 0.0119 (pos 0.109/neg 0.006) | sup 516+/8346- | seedF1 0.582 | subgraph n=8,862 e=28,356 | lr 1.85e-04 | gpu 952MB
15:06:37 [train] ep13 step   2/19 | loss 0.0135 (pos 0.155/neg 0.005) | sup 510+/8617- | seedF1 0.555 | subgraph n=9,127 e=29,216 | lr 1.85e-04 | gpu 952MB
15:06:37 [train] ep13 step   7/19 | loss 0.0122 (pos 0.153/neg 0.005) | sup 488+/8974- | seedF1 0.530 | subgraph n=9,462 e=30,223 | lr 1.89e-04 | gpu 952MB
15:06:38 [train] ep13 step  12/19 | loss 0.0111 (pos 0.118/neg 0.005) | sup 503+/8896- | seedF1 0.539 | subgraph n=9,399 e=30,143 | lr 1.92e-04 | gpu 952MB
15:06:38 [train] ep13 step  17/19 | loss 0.0120 (pos 0.132/neg 0.004) | sup 565+/8991- | seedF1 0.533 | subgraph n=9,556 e=30,833 | lr 1.95e-04 | gpu 952MB
15:06:40 ┌────────────────────────────────────────────────────────────────────────────
15:06:40 │ EPOCH  13/80  train_loss 0.0116 (pos 0.128 / neg 0.005)  seedF1 0.536  1.9s  (93463 seeds/s)  eta ~2.1min
15:06:40 │ VAL  AUROC 0.9566 | AUPRC 0.6181 (base 0.0141) | F1 0.6184 (thr 0.795) | P 0.9158 R 0.4668 | MCC 0.6507
15:06:40 │ best AUPRC 0.6181 @ ep13   ** improved **
15:06:40 └────────────────────────────────────────────────────────────────────────────
15:06:40 [train] ep14 step   1/19 | loss 0.0116 (pos 0.112/neg 0.006) | sup 550+/9169- | seedF1 0.550 | subgraph n=9,719 e=30,954 | lr 1.97e-04 | gpu 952MB
15:06:40 [train] ep14 step   3/19 | loss 0.0100 (pos 0.105/neg 0.005) | sup 501+/8979- | seedF1 0.581 | subgraph n=9,480 e=29,780 | lr 1.99e-04 | gpu 952MB
15:06:40 [train] ep14 step   8/19 | loss 0.0113 (pos 0.140/neg 0.004) | sup 492+/9100- | seedF1 0.578 | subgraph n=9,592 e=30,588 | lr 2.02e-04 | gpu 952MB
15:06:41 [train] ep14 step  13/19 | loss 0.0109 (pos 0.121/neg 0.005) | sup 507+/8774- | seedF1 0.586 | subgraph n=9,281 e=29,834 | lr 2.05e-04 | gpu 952MB
15:06:41 [train] ep14 step  18/19 | loss 0.0102 (pos 0.111/neg 0.005) | sup 526+/9508- | seedF1 0.585 | subgraph n=10,034 e=31,978 | lr 2.09e-04 | gpu 952MB
15:06:42 ┌────────────────────────────────────────────────────────────────────────────
15:06:42 │ EPOCH  14/80  train_loss 0.0111 (pos 0.126 / neg 0.005)  seedF1 0.583  1.9s  (94233 seeds/s)  eta ~2.1min
15:06:42 │ VAL  AUROC 0.9584 | AUPRC 0.6258 (base 0.0141) | F1 0.6244 (thr 0.768) | P 0.8935 R 0.4798 | MCC 0.6515
15:06:42 │ best AUPRC 0.6258 @ ep14   ** improved **
15:06:42 └────────────────────────────────────────────────────────────────────────────
15:06:43 [train] ep15 step   1/19 | loss 0.0105 (pos 0.107/neg 0.005) | sup 499+/8672- | seedF1 0.617 | subgraph n=9,171 e=29,441 | lr 2.10e-04 | gpu 952MB
15:06:43 [train] ep15 step   4/19 | loss 0.0113 (pos 0.129/neg 0.005) | sup 500+/8866- | seedF1 0.630 | subgraph n=9,366 e=29,637 | lr 2.12e-04 | gpu 952MB
15:06:43 [train] ep15 step   9/19 | loss 0.0107 (pos 0.130/neg 0.004) | sup 492+/9312- | seedF1 0.638 | subgraph n=9,804 e=31,679 | lr 2.16e-04 | gpu 952MB
15:06:44 [train] ep15 step  14/19 | loss 0.0098 (pos 0.101/neg 0.005) | sup 514+/9381- | seedF1 0.621 | subgraph n=9,895 e=31,742 | lr 2.19e-04 | gpu 952MB
15:06:44 [train] ep15 step  19/19 | loss 0.0094 (pos 0.108/neg 0.004) | sup 489+/9010- | seedF1 0.626 | subgraph n=9,499 e=30,688 | lr 2.22e-04 | gpu 952MB
15:06:45 ┌────────────────────────────────────────────────────────────────────────────
15:06:45 │ EPOCH  15/80  train_loss 0.0108 (pos 0.120 / neg 0.005)  seedF1 0.626  1.9s  (94083 seeds/s)  eta ~2.0min
15:06:45 │ VAL  AUROC 0.9610 | AUPRC 0.6386 (base 0.0141) | F1 0.6271 (thr 0.766) | P 0.8782 R 0.4876 | MCC 0.6510
15:06:45 │ best AUPRC 0.6386 @ ep15   ** improved **
15:06:45 └────────────────────────────────────────────────────────────────────────────
15:06:45 [train] ep16 step   1/19 | loss 0.0116 (pos 0.126/neg 0.004) | sup 511+/8075- | seedF1 0.606 | subgraph n=8,586 e=28,068 | lr 2.23e-04 | gpu 952MB
15:06:46 [train] ep16 step   5/19 | loss 0.0115 (pos 0.126/neg 0.005) | sup 499+/8717- | seedF1 0.614 | subgraph n=9,216 e=29,597 | lr 2.26e-04 | gpu 952MB
15:06:46 [train] ep16 step  10/19 | loss 0.0101 (pos 0.115/neg 0.004) | sup 492+/8958- | seedF1 0.618 | subgraph n=9,450 e=30,586 | lr 2.29e-04 | gpu 952MB
15:06:47 [train] ep16 step  15/19 | loss 0.0095 (pos 0.113/neg 0.004) | sup 449+/8871- | seedF1 0.631 | subgraph n=9,320 e=29,824 | lr 2.32e-04 | gpu 952MB
15:06:48 ┌────────────────────────────────────────────────────────────────────────────
15:06:48 │ EPOCH  16/80  train_loss 0.0106 (pos 0.118 / neg 0.005)  seedF1 0.631  1.9s  (92906 seeds/s)  eta ~2.0min
15:06:48 │ VAL  AUROC 0.9623 | AUPRC 0.6423 (base 0.0141) | F1 0.6375 (thr 0.770) | P 0.9024 R 0.4928 | MCC 0.6637
15:06:48 │ best AUPRC 0.6423 @ ep16   ** improved **
15:06:48 └────────────────────────────────────────────────────────────────────────────
15:06:48 [train] ep17 step   1/19 | loss 0.0115 (pos 0.138/neg 0.004) | sup 494+/8600- | seedF1 0.580 | subgraph n=9,094 e=29,366 | lr 2.36e-04 | gpu 952MB
15:06:49 [train] ep17 step   6/19 | loss 0.0096 (pos 0.103/neg 0.004) | sup 501+/8856- | seedF1 0.641 | subgraph n=9,357 e=30,204 | lr 2.39e-04 | gpu 952MB
15:06:49 [train] ep17 step  11/19 | loss 0.0097 (pos 0.117/neg 0.004) | sup 525+/9140- | seedF1 0.634 | subgraph n=9,665 e=30,906 | lr 2.43e-04 | gpu 952MB
15:06:50 [train] ep17 step  16/19 | loss 0.0086 (pos 0.085/neg 0.004) | sup 529+/8900- | seedF1 0.639 | subgraph n=9,429 e=30,386 | lr 2.46e-04 | gpu 952MB
15:06:51 ┌────────────────────────────────────────────────────────────────────────────
15:06:51 │ EPOCH  17/80  train_loss 0.0099 (pos 0.110 / neg 0.004)  seedF1 0.638  1.9s  (93518 seeds/s)  eta ~2.0min
15:06:51 │ VAL  AUROC 0.9626 | AUPRC 0.6585 (base 0.0141) | F1 0.6590 (thr 0.751) | P 0.8989 R 0.5202 | MCC 0.6806
15:06:51 │ best AUPRC 0.6585 @ ep17   ** improved **
15:06:51 └────────────────────────────────────────────────────────────────────────────
15:06:51 [train] ep18 step   1/19 | loss 0.0106 (pos 0.120/neg 0.004) | sup 534+/8901- | seedF1 0.681 | subgraph n=9,435 e=30,301 | lr 2.49e-04 | gpu 952MB
15:06:51 [train] ep18 step   2/19 | loss 0.0112 (pos 0.145/neg 0.004) | sup 488+/9222- | seedF1 0.660 | subgraph n=9,710 e=31,151 | lr 2.49e-04 | gpu 952MB
15:06:52 [train] ep18 step   7/19 | loss 0.0097 (pos 0.106/neg 0.005) | sup 499+/9289- | seedF1 0.675 | subgraph n=9,788 e=31,764 | lr 2.53e-04 | gpu 952MB
15:06:52 [train] ep18 step  12/19 | loss 0.0101 (pos 0.116/neg 0.004) | sup 527+/8921- | seedF1 0.688 | subgraph n=9,448 e=30,449 | lr 2.56e-04 | gpu 952MB
15:06:53 [train] ep18 step  17/19 | loss 0.0094 (pos 0.112/neg 0.004) | sup 491+/8804- | seedF1 0.692 | subgraph n=9,295 e=29,939 | lr 2.59e-04 | gpu 952MB
15:06:54 ┌────────────────────────────────────────────────────────────────────────────
15:06:54 │ EPOCH  18/80  train_loss 0.0098 (pos 0.107 / neg 0.004)  seedF1 0.692  1.9s  (94622 seeds/s)  eta ~2.0min
15:06:54 │ VAL  AUROC 0.9643 | AUPRC 0.6685 (base 0.0141) | F1 0.6623 (thr 0.748) | P 0.8884 R 0.5280 | MCC 0.6816
15:06:54 │ best AUPRC 0.6685 @ ep18   ** improved **
15:06:54 └────────────────────────────────────────────────────────────────────────────
15:06:54 [train] ep19 step   1/19 | loss 0.0082 (pos 0.093/neg 0.004) | sup 488+/9219- | seedF1 0.682 | subgraph n=9,707 e=31,317 | lr 2.62e-04 | gpu 952MB
15:06:54 [train] ep19 step   3/19 | loss 0.0089 (pos 0.100/neg 0.004) | sup 491+/9051- | seedF1 0.677 | subgraph n=9,542 e=31,055 | lr 2.63e-04 | gpu 952MB
15:06:55 [train] ep19 step   8/19 | loss 0.0098 (pos 0.123/neg 0.003) | sup 511+/9071- | seedF1 0.701 | subgraph n=9,582 e=30,435 | lr 2.66e-04 | gpu 952MB
15:06:55 [train] ep19 step  13/19 | loss 0.0099 (pos 0.092/neg 0.005) | sup 493+/8673- | seedF1 0.696 | subgraph n=9,166 e=29,515 | lr 2.70e-04 | gpu 952MB
15:06:56 [train] ep19 step  18/19 | loss 0.0101 (pos 0.118/neg 0.004) | sup 496+/8136- | seedF1 0.693 | subgraph n=8,632 e=27,650 | lr 2.73e-04 | gpu 952MB
15:06:57 ┌────────────────────────────────────────────────────────────────────────────
15:06:57 │ EPOCH  19/80  train_loss 0.0096 (pos 0.106 / neg 0.004)  seedF1 0.694  1.9s  (92880 seeds/s)  eta ~1.9min
15:06:57 │ VAL  AUROC 0.9622 | AUPRC 0.6568 (base 0.0141) | F1 0.6623 (thr 0.773) | P 0.8996 R 0.5241 | MCC 0.6835
15:06:57 │ best AUPRC 0.6685 @ ep18   patience 19/20
15:06:57 └────────────────────────────────────────────────────────────────────────────
15:06:57 [train] ep20 step   1/19 | loss 0.0097 (pos 0.128/neg 0.003) | sup 480+/9042- | seedF1 0.573 | subgraph n=9,522 e=30,965 | lr 2.74e-04 | gpu 952MB
15:06:57 [train] ep20 step   4/19 | loss 0.0090 (pos 0.093/neg 0.004) | sup 517+/9487- | seedF1 0.650 | subgraph n=10,004 e=32,210 | lr 2.76e-04 | gpu 952MB
15:06:58 [train] ep20 step   9/19 | loss 0.0092 (pos 0.100/neg 0.004) | sup 509+/9305- | seedF1 0.659 | subgraph n=9,814 e=31,002 | lr 2.80e-04 | gpu 952MB
15:06:58 [train] ep20 step  14/19 | loss 0.0094 (pos 0.112/neg 0.004) | sup 476+/9059- | seedF1 0.659 | subgraph n=9,535 e=30,911 | lr 2.83e-04 | gpu 952MB
15:06:59 [train] ep20 step  19/19 | loss 0.0079 (pos 0.102/neg 0.003) | sup 505+/9483- | seedF1 0.663 | subgraph n=9,988 e=32,384 | lr 2.86e-04 | gpu 952MB
15:07:00 ┌────────────────────────────────────────────────────────────────────────────
15:07:00 │ EPOCH  20/80  train_loss 0.0093 (pos 0.105 / neg 0.004)  seedF1 0.663  1.9s  (93167 seeds/s)  eta ~1.9min
15:07:00 │ VAL  AUROC 0.9644 | AUPRC 0.6564 (base 0.0141) | F1 0.6514 (thr 0.809) | P 0.9322 R 0.5007 | MCC 0.6802
15:07:00 │ best AUPRC 0.6685 @ ep18   patience 18/20
15:07:00 └────────────────────────────────────────────────────────────────────────────
15:07:00 [train] ep21 step   1/19 | loss 0.0075 (pos 0.072/neg 0.004) | sup 492+/8880- | seedF1 0.624 | subgraph n=9,372 e=29,725 | lr 2.87e-04 | gpu 952MB
15:07:00 [train] ep21 step   5/19 | loss 0.0093 (pos 0.102/neg 0.004) | sup 534+/9305- | seedF1 0.647 | subgraph n=9,839 e=31,789 | lr 2.90e-04 | gpu 952MB
15:07:01 [train] ep21 step  10/19 | loss 0.0080 (pos 0.091/neg 0.004) | sup 482+/9945- | seedF1 0.650 | subgraph n=10,427 e=33,186 | lr 2.93e-04 | gpu 952MB
15:07:01 [train] ep21 step  15/19 | loss 0.0089 (pos 0.106/neg 0.004) | sup 453+/8396- | seedF1 0.637 | subgraph n=8,849 e=28,568 | lr 2.97e-04 | gpu 952MB
15:07:03 ┌────────────────────────────────────────────────────────────────────────────
15:07:03 │ EPOCH  21/80  train_loss 0.0089 (pos 0.098 / neg 0.004)  seedF1 0.625  1.9s  (94478 seeds/s)  eta ~1.9min
15:07:03 │ VAL  AUROC 0.9627 | AUPRC 0.6598 (base 0.0141) | F1 0.6616 (thr 0.807) | P 0.9512 R 0.5072 | MCC 0.6917
15:07:03 │ best AUPRC 0.6685 @ ep18   patience 17/20
15:07:03 └────────────────────────────────────────────────────────────────────────────
15:07:03 [train] ep22 step   1/19 | loss 0.0088 (pos 0.087/neg 0.004) | sup 530+/8932- | seedF1 0.664 | subgraph n=9,462 e=30,087 | lr 3.00e-04 | gpu 952MB
15:07:03 [train] ep22 step   6/19 | loss 0.0095 (pos 0.113/neg 0.004) | sup 492+/8601- | seedF1 0.637 | subgraph n=9,093 e=29,318 | lr 3.00e-04 | gpu 952MB
15:07:04 [train] ep22 step  11/19 | loss 0.0080 (pos 0.093/neg 0.003) | sup 500+/9166- | seedF1 0.641 | subgraph n=9,666 e=30,993 | lr 3.00e-04 | gpu 952MB
15:07:04 [train] ep22 step  16/19 | loss 0.0082 (pos 0.072/neg 0.005) | sup 477+/8377- | seedF1 0.645 | subgraph n=8,854 e=28,038 | lr 3.00e-04 | gpu 952MB
15:07:06 ┌────────────────────────────────────────────────────────────────────────────
15:07:06 │ EPOCH  22/80  train_loss 0.0087 (pos 0.094 / neg 0.004)  seedF1 0.643  1.9s  (94496 seeds/s)  eta ~1.8min
15:07:06 │ VAL  AUROC 0.9666 | AUPRC 0.6799 (base 0.0141) | F1 0.6744 (thr 0.788) | P 0.9375 R 0.5267 | MCC 0.6998
15:07:06 │ best AUPRC 0.6799 @ ep22   ** improved **
15:07:06 └────────────────────────────────────────────────────────────────────────────
15:07:06 [train] ep23 step   1/19 | loss 0.0089 (pos 0.105/neg 0.003) | sup 509+/8604- | seedF1 0.636 | subgraph n=9,113 e=29,176 | lr 3.00e-04 | gpu 952MB
15:07:06 [train] ep23 step   2/19 | loss 0.0074 (pos 0.083/neg 0.004) | sup 448+/8977- | seedF1 0.664 | subgraph n=9,425 e=29,835 | lr 3.00e-04 | gpu 952MB
15:07:06 [train] ep23 step   7/19 | loss 0.0078 (pos 0.079/neg 0.004) | sup 519+/9026- | seedF1 0.667 | subgraph n=9,545 e=31,024 | lr 3.00e-04 | gpu 952MB
15:07:07 [train] ep23 step  12/19 | loss 0.0086 (pos 0.096/neg 0.004) | sup 496+/8821- | seedF1 0.671 | subgraph n=9,317 e=29,852 | lr 2.99e-04 | gpu 952MB
15:07:07 [train] ep23 step  17/19 | loss 0.0085 (pos 0.081/neg 0.004) | sup 530+/8646- | seedF1 0.675 | subgraph n=9,176 e=29,481 | lr 2.99e-04 | gpu 952MB
15:07:08 ┌────────────────────────────────────────────────────────────────────────────
15:07:08 │ EPOCH  23/80  train_loss 0.0084 (pos 0.093 / neg 0.004)  seedF1 0.674  1.9s  (92381 seeds/s)  eta ~1.8min
15:07:08 │ VAL  AUROC 0.9660 | AUPRC 0.6808 (base 0.0141) | F1 0.6812 (thr 0.758) | P 0.8943 R 0.5501 | MCC 0.6983
15:07:08 │ best AUPRC 0.6808 @ ep23   ** improved **
15:07:08 └────────────────────────────────────────────────────────────────────────────
15:07:09 [train] ep24 step   1/19 | loss 0.0084 (pos 0.089/neg 0.003) | sup 504+/8294- | seedF1 0.708 | subgraph n=8,798 e=28,376 | lr 2.99e-04 | gpu 952MB
15:07:09 [train] ep24 step   3/19 | loss 0.0080 (pos 0.077/neg 0.004) | sup 482+/8230- | seedF1 0.711 | subgraph n=8,712 e=27,606 | lr 2.99e-04 | gpu 952MB
15:07:09 [train] ep24 step   8/19 | loss 0.0081 (pos 0.090/neg 0.003) | sup 536+/9025- | seedF1 0.713 | subgraph n=9,561 e=30,358 | lr 2.99e-04 | gpu 952MB
15:07:10 [train] ep24 step  13/19 | loss 0.0071 (pos 0.067/neg 0.004) | sup 499+/9280- | seedF1 0.722 | subgraph n=9,779 e=31,861 | lr 2.99e-04 | gpu 952MB
15:07:10 [train] ep24 step  18/19 | loss 0.0094 (pos 0.129/neg 0.003) | sup 471+/8607- | seedF1 0.714 | subgraph n=9,078 e=29,147 | lr 2.98e-04 | gpu 952MB
15:07:11 ┌────────────────────────────────────────────────────────────────────────────
15:07:11 │ EPOCH  24/80  train_loss 0.0083 (pos 0.093 / neg 0.004)  seedF1 0.713  1.9s  (94177 seeds/s)  eta ~1.7min
15:07:11 │ VAL  AUROC 0.9663 | AUPRC 0.6797 (base 0.0141) | F1 0.6684 (thr 0.804) | P 0.9519 R 0.5150 | MCC 0.6973
15:07:11 │ best AUPRC 0.6808 @ ep23   patience 19/20
15:07:11 └────────────────────────────────────────────────────────────────────────────
15:07:11 [train] ep25 step   1/19 | loss 0.0087 (pos 0.097/neg 0.004) | sup 518+/8924- | seedF1 0.616 | subgraph n=9,442 e=30,344 | lr 2.98e-04 | gpu 952MB
15:07:12 [train] ep25 step   4/19 | loss 0.0076 (pos 0.068/neg 0.004) | sup 473+/8747- | seedF1 0.651 | subgraph n=9,220 e=29,851 | lr 2.98e-04 | gpu 952MB
15:07:12 [train] ep25 step   9/19 | loss 0.0089 (pos 0.102/neg 0.003) | sup 507+/8304- | seedF1 0.666 | subgraph n=8,811 e=28,357 | lr 2.98e-04 | gpu 952MB
15:07:13 [train] ep25 step  14/19 | loss 0.0079 (pos 0.087/neg 0.004) | sup 457+/8783- | seedF1 0.670 | subgraph n=9,240 e=29,394 | lr 2.97e-04 | gpu 952MB
15:07:13 [train] ep25 step  19/19 | loss 0.0078 (pos 0.078/neg 0.004) | sup 486+/8379- | seedF1 0.662 | subgraph n=8,865 e=28,220 | lr 2.97e-04 | gpu 952MB
15:07:14 ┌────────────────────────────────────────────────────────────────────────────
15:07:14 │ EPOCH  25/80  train_loss 0.0082 (pos 0.090 / neg 0.004)  seedF1 0.662  1.9s  (93715 seeds/s)  eta ~1.7min
15:07:14 │ VAL  AUROC 0.9646 | AUPRC 0.6659 (base 0.0141) | F1 0.6661 (thr 0.813) | P 0.9343 R 0.5176 | MCC 0.6925
15:07:14 │ best AUPRC 0.6808 @ ep23   patience 18/20
15:07:14 └────────────────────────────────────────────────────────────────────────────
15:07:14 [train] ep26 step   1/19 | loss 0.0073 (pos 0.070/neg 0.004) | sup 526+/9485- | seedF1 0.669 | subgraph n=10,011 e=31,770 | lr 2.97e-04 | gpu 952MB
15:07:15 [train] ep26 step   5/19 | loss 0.0082 (pos 0.100/neg 0.003) | sup 499+/8975- | seedF1 0.637 | subgraph n=9,474 e=30,633 | lr 2.96e-04 | gpu 952MB
15:07:15 [train] ep26 step  10/19 | loss 0.0073 (pos 0.075/neg 0.004) | sup 491+/9083- | seedF1 0.636 | subgraph n=9,574 e=30,309 | lr 2.96e-04 | gpu 952MB
15:07:16 [train] ep26 step  15/19 | loss 0.0077 (pos 0.085/neg 0.004) | sup 497+/9175- | seedF1 0.645 | subgraph n=9,672 e=31,418 | lr 2.95e-04 | gpu 952MB
15:07:17 ┌────────────────────────────────────────────────────────────────────────────
15:07:17 │ EPOCH  26/80  train_loss 0.0081 (pos 0.086 / neg 0.004)  seedF1 0.645  1.9s  (93676 seeds/s)  eta ~1.7min
15:07:17 │ VAL  AUROC 0.9676 | AUPRC 0.6757 (base 0.0141) | F1 0.6689 (thr 0.824) | P 0.9498 R 0.5163 | MCC 0.6974
15:07:17 │ best AUPRC 0.6808 @ ep23   patience 17/20
15:07:17 └────────────────────────────────────────────────────────────────────────────
15:07:17 [train] ep27 step   1/19 | loss 0.0068 (pos 0.070/neg 0.003) | sup 534+/9439- | seedF1 0.679 | subgraph n=9,973 e=32,349 | lr 2.95e-04 | gpu 952MB
15:07:18 [train] ep27 step   6/19 | loss 0.0078 (pos 0.087/neg 0.003) | sup 540+/9108- | seedF1 0.665 | subgraph n=9,648 e=30,962 | lr 2.94e-04 | gpu 952MB
15:07:18 [train] ep27 step  11/19 | loss 0.0073 (pos 0.060/neg 0.004) | sup 551+/9017- | seedF1 0.654 | subgraph n=9,568 e=30,588 | lr 2.94e-04 | gpu 952MB
15:07:19 [train] ep27 step  16/19 | loss 0.0083 (pos 0.108/neg 0.003) | sup 496+/9044- | seedF1 0.643 | subgraph n=9,540 e=30,464 | lr 2.93e-04 | gpu 952MB
15:07:20 ┌────────────────────────────────────────────────────────────────────────────
15:07:20 │ EPOCH  27/80  train_loss 0.0079 (pos 0.084 / neg 0.003)  seedF1 0.647  1.9s  (93451 seeds/s)  eta ~1.7min
15:07:20 │ VAL  AUROC 0.9645 | AUPRC 0.6708 (base 0.0141) | F1 0.6672 (thr 0.793) | P 0.8987 R 0.5306 | MCC 0.6874
15:07:20 │ best AUPRC 0.6808 @ ep23   patience 16/20
15:07:20 └────────────────────────────────────────────────────────────────────────────
15:07:20 [train] ep28 step   1/19 | loss 0.0074 (pos 0.071/neg 0.004) | sup 476+/8918- | seedF1 0.718 | subgraph n=9,394 e=30,321 | lr 2.93e-04 | gpu 952MB
15:07:20 [train] ep28 step   2/19 | loss 0.0069 (pos 0.069/neg 0.004) | sup 470+/8583- | seedF1 0.733 | subgraph n=9,053 e=29,031 | lr 2.93e-04 | gpu 952MB
15:07:20 [train] ep28 step   7/19 | loss 0.0080 (pos 0.102/neg 0.003) | sup 440+/8651- | seedF1 0.670 | subgraph n=9,091 e=29,673 | lr 2.92e-04 | gpu 952MB
15:07:21 [train] ep28 step  12/19 | loss 0.0067 (pos 0.056/neg 0.004) | sup 460+/8389- | seedF1 0.676 | subgraph n=8,849 e=28,265 | lr 2.91e-04 | gpu 952MB
15:07:21 [train] ep28 step  17/19 | loss 0.0071 (pos 0.080/neg 0.003) | sup 467+/8382- | seedF1 0.677 | subgraph n=8,849 e=28,197 | lr 2.91e-04 | gpu 952MB
15:07:23 ┌────────────────────────────────────────────────────────────────────────────
15:07:23 │ EPOCH  28/80  train_loss 0.0076 (pos 0.083 / neg 0.003)  seedF1 0.682  1.9s  (93541 seeds/s)  eta ~1.6min
15:07:23 │ VAL  AUROC 0.9658 | AUPRC 0.6725 (base 0.0141) | F1 0.6706 (thr 0.825) | P 0.9349 R 0.5228 | MCC 0.6962
15:07:23 │ best AUPRC 0.6808 @ ep23   patience 15/20
15:07:23 └────────────────────────────────────────────────────────────────────────────
15:07:23 [train] ep29 step   1/19 | loss 0.0071 (pos 0.068/neg 0.004) | sup 474+/8559- | seedF1 0.743 | subgraph n=9,033 e=29,343 | lr 2.90e-04 | gpu 952MB
15:07:23 [train] ep29 step   3/19 | loss 0.0073 (pos 0.085/neg 0.003) | sup 484+/8485- | seedF1 0.684 | subgraph n=8,969 e=28,425 | lr 2.90e-04 | gpu 952MB
15:07:23 [train] ep29 step   8/19 | loss 0.0080 (pos 0.086/neg 0.003) | sup 518+/8779- | seedF1 0.677 | subgraph n=9,297 e=29,905 | lr 2.89e-04 | gpu 952MB
15:07:24 [train] ep29 step  13/19 | loss 0.0082 (pos 0.101/neg 0.003) | sup 471+/8573- | seedF1 0.663 | subgraph n=9,044 e=28,597 | lr 2.88e-04 | gpu 952MB
15:07:24 [train] ep29 step  18/19 | loss 0.0073 (pos 0.074/neg 0.003) | sup 547+/9211- | seedF1 0.657 | subgraph n=9,758 e=31,256 | lr 2.88e-04 | gpu 952MB
15:07:25 ┌────────────────────────────────────────────────────────────────────────────
15:07:25 │ EPOCH  29/80  train_loss 0.0075 (pos 0.081 / neg 0.003)  seedF1 0.655  1.9s  (93791 seeds/s)  eta ~1.6min
15:07:25 │ VAL  AUROC 0.9678 | AUPRC 0.6943 (base 0.0141) | F1 0.6883 (thr 0.808) | P 0.9539 R 0.5384 | MCC 0.7139
15:07:25 │ best AUPRC 0.6943 @ ep29   ** improved **
15:07:25 └────────────────────────────────────────────────────────────────────────────
15:07:26 [train] ep30 step   1/19 | loss 0.0077 (pos 0.086/neg 0.003) | sup 490+/8229- | seedF1 0.652 | subgraph n=8,719 e=27,887 | lr 2.87e-04 | gpu 952MB
15:07:26 [train] ep30 step   4/19 | loss 0.0071 (pos 0.061/neg 0.004) | sup 518+/8576- | seedF1 0.675 | subgraph n=9,094 e=29,497 | lr 2.87e-04 | gpu 952MB
15:07:26 [train] ep30 step   9/19 | loss 0.0061 (pos 0.065/neg 0.003) | sup 516+/8826- | seedF1 0.681 | subgraph n=9,342 e=30,110 | lr 2.86e-04 | gpu 952MB
15:07:27 [train] ep30 step  14/19 | loss 0.0065 (pos 0.077/neg 0.003) | sup 472+/9302- | seedF1 0.677 | subgraph n=9,774 e=31,010 | lr 2.85e-04 | gpu 952MB
15:07:27 [train] ep30 step  19/19 | loss 0.0087 (pos 0.104/neg 0.003) | sup 505+/8756- | seedF1 0.667 | subgraph n=9,261 e=29,501 | lr 2.84e-04 | gpu 952MB
15:07:28 ┌────────────────────────────────────────────────────────────────────────────
15:07:28 │ EPOCH  30/80  train_loss 0.0072 (pos 0.080 / neg 0.003)  seedF1 0.667  1.9s  (93356 seeds/s)  eta ~1.6min
15:07:28 │ VAL  AUROC 0.9663 | AUPRC 0.6847 (base 0.0141) | F1 0.6846 (thr 0.791) | P 0.9132 R 0.5475 | MCC 0.7041
15:07:28 │ best AUPRC 0.6943 @ ep29   patience 19/20
15:07:28 └────────────────────────────────────────────────────────────────────────────
15:07:28 [train] ep31 step   1/19 | loss 0.0082 (pos 0.096/neg 0.003) | sup 477+/8484- | seedF1 0.672 | subgraph n=8,961 e=28,538 | lr 2.84e-04 | gpu 952MB
15:07:29 [train] ep31 step   5/19 | loss 0.0071 (pos 0.072/neg 0.003) | sup 545+/9076- | seedF1 0.704 | subgraph n=9,621 e=30,665 | lr 2.83e-04 | gpu 952MB
15:07:29 [train] ep31 step  10/19 | loss 0.0076 (pos 0.083/neg 0.003) | sup 535+/9095- | seedF1 0.693 | subgraph n=9,630 e=30,609 | lr 2.82e-04 | gpu 952MB
15:07:30 [train] ep31 step  15/19 | loss 0.0067 (pos 0.068/neg 0.003) | sup 474+/8634- | seedF1 0.693 | subgraph n=9,108 e=29,497 | lr 2.81e-04 | gpu 952MB
15:07:31 ┌────────────────────────────────────────────────────────────────────────────
15:07:31 │ EPOCH  31/80  train_loss 0.0071 (pos 0.075 / neg 0.003)  seedF1 0.698  1.9s  (92126 seeds/s)  eta ~1.6min
15:07:31 │ VAL  AUROC 0.9671 | AUPRC 0.6864 (base 0.0141) | F1 0.6867 (thr 0.830) | P 0.9559 R 0.5358 | MCC 0.7129
15:07:31 │ best AUPRC 0.6943 @ ep29   patience 18/20
15:07:31 └────────────────────────────────────────────────────────────────────────────
15:07:31 [train] ep32 step   1/19 | loss 0.0073 (pos 0.080/neg 0.003) | sup 510+/9062- | seedF1 0.701 | subgraph n=9,572 e=30,364 | lr 2.80e-04 | gpu 952MB
15:07:32 [train] ep32 step   6/19 | loss 0.0073 (pos 0.075/neg 0.003) | sup 476+/7825- | seedF1 0.677 | subgraph n=8,301 e=26,894 | lr 2.79e-04 | gpu 952MB
15:07:32 [train] ep32 step  11/19 | loss 0.0074 (pos 0.071/neg 0.003) | sup 543+/8450- | seedF1 0.678 | subgraph n=8,993 e=29,139 | lr 2.78e-04 | gpu 952MB
15:07:33 [train] ep32 step  16/19 | loss 0.0075 (pos 0.086/neg 0.003) | sup 503+/8525- | seedF1 0.674 | subgraph n=9,028 e=29,095 | lr 2.77e-04 | gpu 952MB
15:07:34 ┌────────────────────────────────────────────────────────────────────────────
15:07:34 │ EPOCH  32/80  train_loss 0.0073 (pos 0.078 / neg 0.003)  seedF1 0.670  1.9s  (93978 seeds/s)  eta ~1.5min
15:07:34 │ VAL  AUROC 0.9652 | AUPRC 0.6677 (base 0.0141) | F1 0.6722 (thr 0.833) | P 0.9415 R 0.5228 | MCC 0.6987
15:07:34 │ best AUPRC 0.6943 @ ep29   patience 17/20
15:07:34 └────────────────────────────────────────────────────────────────────────────
15:07:34 [train] ep33 step   1/19 | loss 0.0068 (pos 0.059/neg 0.004) | sup 497+/8956- | seedF1 0.662 | subgraph n=9,453 e=30,326 | lr 2.76e-04 | gpu 952MB
15:07:34 [train] ep33 step   2/19 | loss 0.0063 (pos 0.057/neg 0.004) | sup 478+/8923- | seedF1 0.670 | subgraph n=9,401 e=30,366 | lr 2.76e-04 | gpu 952MB
15:07:35 [train] ep33 step   7/19 | loss 0.0064 (pos 0.073/neg 0.003) | sup 518+/9309- | seedF1 0.670 | subgraph n=9,827 e=31,423 | lr 2.75e-04 | gpu 952MB
15:07:35 [train] ep33 step  12/19 | loss 0.0059 (pos 0.055/neg 0.003) | sup 492+/9420- | seedF1 0.673 | subgraph n=9,912 e=31,371 | lr 2.74e-04 | gpu 952MB
15:07:36 [train] ep33 step  17/19 | loss 0.0070 (pos 0.079/neg 0.003) | sup 509+/8878- | seedF1 0.672 | subgraph n=9,387 e=30,397 | lr 2.73e-04 | gpu 952MB
15:07:37 ┌────────────────────────────────────────────────────────────────────────────
15:07:37 │ EPOCH  33/80  train_loss 0.0069 (pos 0.075 / neg 0.003)  seedF1 0.672  1.9s  (93235 seeds/s)  eta ~1.5min
15:07:37 │ VAL  AUROC 0.9670 | AUPRC 0.6798 (base 0.0141) | F1 0.6840 (thr 0.835) | P 0.9623 R 0.5306 | MCC 0.7118
15:07:37 │ best AUPRC 0.6943 @ ep29   patience 16/20
15:07:37 └────────────────────────────────────────────────────────────────────────────
15:07:37 [train] ep34 step   1/19 | loss 0.0070 (pos 0.093/neg 0.003) | sup 430+/8810- | seedF1 0.665 | subgraph n=9,240 e=29,877 | lr 2.72e-04 | gpu 952MB
15:07:37 [train] ep34 step   3/19 | loss 0.0063 (pos 0.061/neg 0.003) | sup 485+/8809- | seedF1 0.686 | subgraph n=9,294 e=29,956 | lr 2.71e-04 | gpu 952MB
15:07:38 [train] ep34 step   8/19 | loss 0.0072 (pos 0.074/neg 0.003) | sup 538+/8417- | seedF1 0.678 | subgraph n=8,955 e=28,918 | lr 2.70e-04 | gpu 952MB
15:07:38 [train] ep34 step  13/19 | loss 0.0070 (pos 0.078/neg 0.003) | sup 489+/8466- | seedF1 0.674 | subgraph n=8,955 e=29,122 | lr 2.69e-04 | gpu 952MB
15:07:39 [train] ep34 step  18/19 | loss 0.0072 (pos 0.075/neg 0.003) | sup 523+/8884- | seedF1 0.678 | subgraph n=9,407 e=29,803 | lr 2.68e-04 | gpu 952MB
15:07:40 ┌────────────────────────────────────────────────────────────────────────────
15:07:40 │ EPOCH  34/80  train_loss 0.0068 (pos 0.073 / neg 0.003)  seedF1 0.678  1.9s  (93684 seeds/s)  eta ~1.5min
15:07:40 │ VAL  AUROC 0.9656 | AUPRC 0.6801 (base 0.0141) | F1 0.6821 (thr 0.823) | P 0.9344 R 0.5371 | MCC 0.7055
15:07:40 │ best AUPRC 0.6943 @ ep29   patience 15/20
15:07:40 └────────────────────────────────────────────────────────────────────────────
15:07:40 [train] ep35 step   1/19 | loss 0.0064 (pos 0.068/neg 0.003) | sup 499+/8827- | seedF1 0.715 | subgraph n=9,326 e=29,718 | lr 2.67e-04 | gpu 952MB
15:07:40 [train] ep35 step   4/19 | loss 0.0068 (pos 0.073/neg 0.003) | sup 476+/8538- | seedF1 0.694 | subgraph n=9,014 e=28,858 | lr 2.66e-04 | gpu 952MB
15:07:41 [train] ep35 step   9/19 | loss 0.0070 (pos 0.084/neg 0.003) | sup 462+/8523- | seedF1 0.696 | subgraph n=8,985 e=28,158 | lr 2.65e-04 | gpu 952MB
15:07:41 [train] ep35 step  14/19 | loss 0.0072 (pos 0.090/neg 0.003) | sup 511+/9314- | seedF1 0.692 | subgraph n=9,825 e=31,250 | lr 2.64e-04 | gpu 952MB
15:07:42 [train] ep35 step  19/19 | loss 0.0070 (pos 0.070/neg 0.003) | sup 473+/8158- | seedF1 0.689 | subgraph n=8,631 e=27,421 | lr 2.62e-04 | gpu 952MB
15:07:43 ┌────────────────────────────────────────────────────────────────────────────
15:07:43 │ EPOCH  35/80  train_loss 0.0068 (pos 0.074 / neg 0.003)  seedF1 0.689  1.9s  (93531 seeds/s)  eta ~1.4min
15:07:43 │ VAL  AUROC 0.9685 | AUPRC 0.7051 (base 0.0141) | F1 0.7032 (thr 0.791) | P 0.9471 R 0.5592 | MCC 0.7250
15:07:43 │ best AUPRC 0.7051 @ ep35   ** improved **
15:07:43 └────────────────────────────────────────────────────────────────────────────
15:07:43 [train] ep36 step   1/19 | loss 0.0061 (pos 0.072/neg 0.003) | sup 481+/9138- | seedF1 0.753 | subgraph n=9,619 e=30,919 | lr 2.62e-04 | gpu 952MB
15:07:43 [train] ep36 step   5/19 | loss 0.0076 (pos 0.102/neg 0.003) | sup 493+/9488- | seedF1 0.718 | subgraph n=9,981 e=31,636 | lr 2.61e-04 | gpu 952MB
15:07:44 [train] ep36 step  10/19 | loss 0.0076 (pos 0.087/neg 0.003) | sup 490+/8630- | seedF1 0.727 | subgraph n=9,120 e=29,351 | lr 2.60e-04 | gpu 952MB
15:07:44 [train] ep36 step  15/19 | loss 0.0061 (pos 0.072/neg 0.003) | sup 502+/9796- | seedF1 0.718 | subgraph n=10,298 e=32,715 | lr 2.58e-04 | gpu 952MB
15:07:46 ┌────────────────────────────────────────────────────────────────────────────
15:07:46 │ EPOCH  36/80  train_loss 0.0067 (pos 0.075 / neg 0.003)  seedF1 0.715  1.9s  (93738 seeds/s)  eta ~1.4min
15:07:46 │ VAL  AUROC 0.9686 | AUPRC 0.6860 (base 0.0141) | F1 0.6884 (thr 0.845) | P 0.9626 R 0.5358 | MCC 0.7155
15:07:46 │ best AUPRC 0.7051 @ ep35   patience 19/20
15:07:46 └────────────────────────────────────────────────────────────────────────────
15:07:46 [train] ep37 step   1/19 | loss 0.0062 (pos 0.057/neg 0.003) | sup 518+/8720- | seedF1 0.697 | subgraph n=9,238 e=29,205 | lr 2.57e-04 | gpu 952MB
15:07:46 [train] ep37 step   6/19 | loss 0.0063 (pos 0.064/neg 0.003) | sup 508+/8621- | seedF1 0.659 | subgraph n=9,129 e=29,103 | lr 2.55e-04 | gpu 952MB
15:07:47 [train] ep37 step  11/19 | loss 0.0067 (pos 0.071/neg 0.003) | sup 491+/8083- | seedF1 0.668 | subgraph n=8,574 e=27,950 | lr 2.54e-04 | gpu 952MB
15:07:47 [train] ep37 step  16/19 | loss 0.0064 (pos 0.061/neg 0.003) | sup 531+/9321- | seedF1 0.664 | subgraph n=9,852 e=31,961 | lr 2.52e-04 | gpu 952MB
15:07:49 ┌────────────────────────────────────────────────────────────────────────────
15:07:49 │ EPOCH  37/80  train_loss 0.0064 (pos 0.067 / neg 0.003)  seedF1 0.662  1.9s  (93784 seeds/s)  eta ~1.4min
15:07:49 │ VAL  AUROC 0.9694 | AUPRC 0.6924 (base 0.0141) | F1 0.6869 (thr 0.796) | P 0.9290 R 0.5449 | MCC 0.7086
15:07:49 │ best AUPRC 0.7051 @ ep35   patience 18/20
15:07:49 └────────────────────────────────────────────────────────────────────────────
15:07:49 [train] ep38 step   1/19 | loss 0.0066 (pos 0.085/neg 0.002) | sup 463+/8778- | seedF1 0.692 | subgraph n=9,241 e=29,396 | lr 2.51e-04 | gpu 952MB
15:07:49 [train] ep38 step   2/19 | loss 0.0070 (pos 0.087/neg 0.002) | sup 518+/8908- | seedF1 0.697 | subgraph n=9,426 e=30,240 | lr 2.51e-04 | gpu 952MB
15:07:49 [train] ep38 step   7/19 | loss 0.0065 (pos 0.053/neg 0.004) | sup 497+/8748- | seedF1 0.716 | subgraph n=9,245 e=29,614 | lr 2.49e-04 | gpu 952MB
15:07:50 [train] ep38 step  12/19 | loss 0.0061 (pos 0.070/neg 0.002) | sup 507+/8688- | seedF1 0.719 | subgraph n=9,195 e=29,379 | lr 2.48e-04 | gpu 952MB
15:07:50 [train] ep38 step  17/19 | loss 0.0069 (pos 0.078/neg 0.003) | sup 535+/9137- | seedF1 0.716 | subgraph n=9,672 e=30,888 | lr 2.46e-04 | gpu 952MB
15:07:51 ┌────────────────────────────────────────────────────────────────────────────
15:07:51 │ EPOCH  38/80  train_loss 0.0065 (pos 0.073 / neg 0.003)  seedF1 0.718  1.9s  (93120 seeds/s)  eta ~1.3min
15:07:51 │ VAL  AUROC 0.9684 | AUPRC 0.6935 (base 0.0141) | F1 0.6985 (thr 0.829) | P 0.9528 R 0.5514 | MCC 0.7221
15:07:51 │ best AUPRC 0.7051 @ ep35   patience 17/20
15:07:51 └────────────────────────────────────────────────────────────────────────────
15:07:52 [train] ep39 step   1/19 | loss 0.0062 (pos 0.062/neg 0.003) | sup 508+/9251- | seedF1 0.716 | subgraph n=9,759 e=30,704 | lr 2.45e-04 | gpu 952MB
15:07:52 [train] ep39 step   3/19 | loss 0.0073 (pos 0.069/neg 0.003) | sup 516+/7679- | seedF1 0.695 | subgraph n=8,195 e=26,600 | lr 2.45e-04 | gpu 952MB
15:07:52 [train] ep39 step   8/19 | loss 0.0070 (pos 0.079/neg 0.003) | sup 495+/9009- | seedF1 0.696 | subgraph n=9,504 e=30,637 | lr 2.43e-04 | gpu 952MB
15:07:53 [train] ep39 step  13/19 | loss 0.0069 (pos 0.073/neg 0.003) | sup 523+/8447- | seedF1 0.684 | subgraph n=8,970 e=28,330 | lr 2.42e-04 | gpu 952MB
15:07:53 [train] ep39 step  18/19 | loss 0.0061 (pos 0.064/neg 0.003) | sup 484+/9192- | seedF1 0.684 | subgraph n=9,676 e=30,632 | lr 2.40e-04 | gpu 952MB
15:07:54 ┌────────────────────────────────────────────────────────────────────────────
15:07:54 │ EPOCH  39/80  train_loss 0.0065 (pos 0.068 / neg 0.003)  seedF1 0.683  1.9s  (92433 seeds/s)  eta ~1.3min
15:07:54 │ VAL  AUROC 0.9685 | AUPRC 0.6974 (base 0.0141) | F1 0.6982 (thr 0.804) | P 0.9119 R 0.5657 | MCC 0.7153
15:07:54 │ best AUPRC 0.7051 @ ep35   patience 16/20
15:07:54 └────────────────────────────────────────────────────────────────────────────
15:07:54 [train] ep40 step   1/19 | loss 0.0067 (pos 0.065/neg 0.003) | sup 544+/8728- | seedF1 0.756 | subgraph n=9,272 e=29,606 | lr 2.39e-04 | gpu 952MB
15:07:55 [train] ep40 step   4/19 | loss 0.0061 (pos 0.059/neg 0.003) | sup 543+/8856- | seedF1 0.747 | subgraph n=9,399 e=30,305 | lr 2.38e-04 | gpu 952MB
15:07:55 [train] ep40 step   9/19 | loss 0.0057 (pos 0.072/neg 0.002) | sup 456+/9294- | seedF1 0.739 | subgraph n=9,750 e=31,042 | lr 2.37e-04 | gpu 952MB
15:07:56 [train] ep40 step  14/19 | loss 0.0069 (pos 0.075/neg 0.003) | sup 531+/9160- | seedF1 0.731 | subgraph n=9,691 e=31,089 | lr 2.35e-04 | gpu 952MB
15:07:56 [train] ep40 step  19/19 | loss 0.0052 (pos 0.052/neg 0.003) | sup 482+/8881- | seedF1 0.728 | subgraph n=9,363 e=30,177 | lr 2.33e-04 | gpu 952MB
15:07:57 ┌────────────────────────────────────────────────────────────────────────────
15:07:57 │ EPOCH  40/80  train_loss 0.0061 (pos 0.065 / neg 0.003)  seedF1 0.728  1.9s  (94506 seeds/s)  eta ~1.3min
15:07:57 │ VAL  AUROC 0.9694 | AUPRC 0.7077 (base 0.0141) | F1 0.7024 (thr 0.789) | P 0.8936 R 0.5787 | MCC 0.7161
15:07:57 │ best AUPRC 0.7077 @ ep40   ** improved **
15:07:57 └────────────────────────────────────────────────────────────────────────────
15:07:57 [train] ep41 step   1/19 | loss 0.0061 (pos 0.069/neg 0.003) | sup 496+/9162- | seedF1 0.735 | subgraph n=9,658 e=31,039 | lr 2.33e-04 | gpu 952MB
15:07:58 [train] ep41 step   5/19 | loss 0.0055 (pos 0.058/neg 0.003) | sup 527+/9526- | seedF1 0.742 | subgraph n=10,053 e=32,037 | lr 2.32e-04 | gpu 952MB
15:07:58 [train] ep41 step  10/19 | loss 0.0076 (pos 0.083/neg 0.003) | sup 564+/8763- | seedF1 0.740 | subgraph n=9,327 e=29,817 | lr 2.30e-04 | gpu 952MB
15:07:59 [train] ep41 step  15/19 | loss 0.0068 (pos 0.073/neg 0.003) | sup 509+/9165- | seedF1 0.738 | subgraph n=9,674 e=30,373 | lr 2.28e-04 | gpu 952MB
15:08:00 ┌────────────────────────────────────────────────────────────────────────────
15:08:00 │ EPOCH  41/80  train_loss 0.0063 (pos 0.067 / neg 0.003)  seedF1 0.735  1.9s  (92753 seeds/s)  eta ~1.2min
15:08:00 │ VAL  AUROC 0.9691 | AUPRC 0.6955 (base 0.0141) | F1 0.6918 (thr 0.843) | P 0.9718 R 0.5371 | MCC 0.7198
15:08:00 │ best AUPRC 0.7077 @ ep40   patience 19/20
15:08:00 └────────────────────────────────────────────────────────────────────────────
15:08:00 [train] ep42 step   1/19 | loss 0.0067 (pos 0.065/neg 0.003) | sup 502+/8455- | seedF1 0.667 | subgraph n=8,957 e=29,106 | lr 2.26e-04 | gpu 952MB
15:08:01 [train] ep42 step   6/19 | loss 0.0059 (pos 0.073/neg 0.002) | sup 533+/9220- | seedF1 0.675 | subgraph n=9,753 e=31,014 | lr 2.25e-04 | gpu 952MB
15:08:01 [train] ep42 step  11/19 | loss 0.0054 (pos 0.042/neg 0.003) | sup 525+/8622- | seedF1 0.671 | subgraph n=9,147 e=29,292 | lr 2.23e-04 | gpu 952MB
15:08:02 [train] ep42 step  16/19 | loss 0.0057 (pos 0.058/neg 0.003) | sup 531+/9003- | seedF1 0.675 | subgraph n=9,534 e=30,407 | lr 2.21e-04 | gpu 952MB
15:08:03 ┌────────────────────────────────────────────────────────────────────────────
15:08:03 │ EPOCH  42/80  train_loss 0.0060 (pos 0.067 / neg 0.003)  seedF1 0.678  1.9s  (92979 seeds/s)  eta ~1.2min
15:08:03 │ VAL  AUROC 0.9701 | AUPRC 0.7083 (base 0.0141) | F1 0.7024 (thr 0.821) | P 0.9371 R 0.5618 | MCC 0.7228
15:08:03 │ best AUPRC 0.7083 @ ep42   ** improved **
15:08:03 └────────────────────────────────────────────────────────────────────────────
15:08:03 [train] ep43 step   1/19 | loss 0.0058 (pos 0.069/neg 0.002) | sup 449+/8637- | seedF1 0.665 | subgraph n=9,086 e=28,967 | lr 2.20e-04 | gpu 952MB
15:08:03 [train] ep43 step   2/19 | loss 0.0058 (pos 0.053/neg 0.003) | sup 498+/8476- | seedF1 0.711 | subgraph n=8,974 e=28,979 | lr 2.19e-04 | gpu 952MB
15:08:04 [train] ep43 step   7/19 | loss 0.0064 (pos 0.067/neg 0.003) | sup 468+/8660- | seedF1 0.712 | subgraph n=9,128 e=29,667 | lr 2.18e-04 | gpu 952MB
15:08:04 [train] ep43 step  12/19 | loss 0.0062 (pos 0.065/neg 0.003) | sup 512+/9344- | seedF1 0.709 | subgraph n=9,856 e=31,817 | lr 2.16e-04 | gpu 952MB
15:08:05 [train] ep43 step  17/19 | loss 0.0059 (pos 0.066/neg 0.002) | sup 479+/8469- | seedF1 0.713 | subgraph n=8,948 e=28,903 | lr 2.14e-04 | gpu 952MB
15:08:06 ┌────────────────────────────────────────────────────────────────────────────
15:08:06 │ EPOCH  43/80  train_loss 0.0060 (pos 0.064 / neg 0.003)  seedF1 0.710  1.9s  (93669 seeds/s)  eta ~1.2min
15:08:06 │ VAL  AUROC 0.9690 | AUPRC 0.7004 (base 0.0141) | F1 0.6983 (thr 0.822) | P 0.9405 R 0.5553 | MCC 0.7199
15:08:06 │ best AUPRC 0.7083 @ ep42   patience 19/20
15:08:06 └────────────────────────────────────────────────────────────────────────────
15:08:06 [train] ep44 step   1/19 | loss 0.0065 (pos 0.080/neg 0.003) | sup 475+/9008- | seedF1 0.658 | subgraph n=9,483 e=30,510 | lr 2.13e-04 | gpu 952MB
15:08:06 [train] ep44 step   3/19 | loss 0.0058 (pos 0.065/neg 0.003) | sup 470+/8575- | seedF1 0.674 | subgraph n=9,045 e=28,562 | lr 2.12e-04 | gpu 952MB
15:08:07 [train] ep44 step   8/19 | loss 0.0051 (pos 0.055/neg 0.002) | sup 517+/8900- | seedF1 0.725 | subgraph n=9,417 e=29,782 | lr 2.10e-04 | gpu 952MB
15:08:07 [train] ep44 step  13/19 | loss 0.0059 (pos 0.069/neg 0.003) | sup 479+/8763- | seedF1 0.717 | subgraph n=9,242 e=29,544 | lr 2.08e-04 | gpu 952MB
15:08:08 [train] ep44 step  18/19 | loss 0.0060 (pos 0.067/neg 0.002) | sup 567+/9675- | seedF1 0.721 | subgraph n=10,242 e=32,523 | lr 2.06e-04 | gpu 952MB
15:08:09 ┌────────────────────────────────────────────────────────────────────────────
15:08:09 │ EPOCH  44/80  train_loss 0.0058 (pos 0.064 / neg 0.003)  seedF1 0.722  1.9s  (93787 seeds/s)  eta ~1.2min
15:08:09 │ VAL  AUROC 0.9686 | AUPRC 0.7117 (base 0.0141) | F1 0.7001 (thr 0.827) | P 0.9509 R 0.5540 | MCC 0.7231
15:08:09 │ best AUPRC 0.7117 @ ep44   ** improved **
15:08:09 └────────────────────────────────────────────────────────────────────────────
15:08:09 [train] ep45 step   1/19 | loss 0.0059 (pos 0.070/neg 0.002) | sup 492+/8718- | seedF1 0.702 | subgraph n=9,210 e=29,479 | lr 2.06e-04 | gpu 952MB
15:08:09 [train] ep45 step   4/19 | loss 0.0071 (pos 0.077/neg 0.003) | sup 513+/8934- | seedF1 0.744 | subgraph n=9,447 e=30,060 | lr 2.05e-04 | gpu 952MB
15:08:10 [train] ep45 step   9/19 | loss 0.0044 (pos 0.040/neg 0.002) | sup 496+/8604- | seedF1 0.742 | subgraph n=9,100 e=29,075 | lr 2.03e-04 | gpu 952MB
15:08:10 [train] ep45 step  14/19 | loss 0.0066 (pos 0.085/neg 0.002) | sup 526+/9220- | seedF1 0.726 | subgraph n=9,746 e=30,958 | lr 2.01e-04 | gpu 952MB
15:08:11 [train] ep45 step  19/19 | loss 0.0064 (pos 0.067/neg 0.003) | sup 511+/8225- | seedF1 0.723 | subgraph n=8,736 e=28,189 | lr 1.99e-04 | gpu 952MB
15:08:12 ┌────────────────────────────────────────────────────────────────────────────
15:08:12 │ EPOCH  45/80  train_loss 0.0059 (pos 0.063 / neg 0.003)  seedF1 0.723  1.9s  (93649 seeds/s)  eta ~1.1min
15:08:12 │ VAL  AUROC 0.9688 | AUPRC 0.7087 (base 0.0141) | F1 0.7067 (thr 0.815) | P 0.9416 R 0.5657 | MCC 0.7271
15:08:12 │ best AUPRC 0.7117 @ ep44   patience 19/20
15:08:12 └────────────────────────────────────────────────────────────────────────────
15:08:12 [train] ep46 step   1/19 | loss 0.0055 (pos 0.050/neg 0.003) | sup 534+/8550- | seedF1 0.674 | subgraph n=9,084 e=29,277 | lr 1.98e-04 | gpu 952MB
15:08:12 [train] ep46 step   5/19 | loss 0.0056 (pos 0.051/neg 0.003) | sup 497+/8719- | seedF1 0.729 | subgraph n=9,216 e=29,287 | lr 1.97e-04 | gpu 952MB
15:08:13 [train] ep46 step  10/19 | loss 0.0057 (pos 0.061/neg 0.002) | sup 533+/9065- | seedF1 0.738 | subgraph n=9,598 e=30,522 | lr 1.95e-04 | gpu 952MB
15:08:13 [train] ep46 step  15/19 | loss 0.0056 (pos 0.058/neg 0.003) | sup 485+/8961- | seedF1 0.743 | subgraph n=9,446 e=30,032 | lr 1.93e-04 | gpu 952MB
15:08:14 ┌────────────────────────────────────────────────────────────────────────────
15:08:14 │ EPOCH  46/80  train_loss 0.0056 (pos 0.058 / neg 0.003)  seedF1 0.740  1.9s  (93864 seeds/s)  eta ~1.1min
15:08:14 │ VAL  AUROC 0.9679 | AUPRC 0.6943 (base 0.0141) | F1 0.6924 (thr 0.835) | P 0.9418 R 0.5475 | MCC 0.7153
15:08:14 │ best AUPRC 0.7117 @ ep44   patience 18/20
15:08:14 └────────────────────────────────────────────────────────────────────────────
15:08:15 [train] ep47 step   1/19 | loss 0.0054 (pos 0.051/neg 0.003) | sup 509+/8863- | seedF1 0.668 | subgraph n=9,372 e=30,168 | lr 1.91e-04 | gpu 952MB
15:08:15 [train] ep47 step   6/19 | loss 0.0061 (pos 0.069/neg 0.002) | sup 524+/8952- | seedF1 0.701 | subgraph n=9,476 e=30,671 | lr 1.89e-04 | gpu 952MB
15:08:16 [train] ep47 step  11/19 | loss 0.0059 (pos 0.065/neg 0.003) | sup 476+/9102- | seedF1 0.688 | subgraph n=9,578 e=30,658 | lr 1.87e-04 | gpu 952MB
15:08:16 [train] ep47 step  16/19 | loss 0.0056 (pos 0.065/neg 0.002) | sup 473+/9020- | seedF1 0.683 | subgraph n=9,493 e=30,676 | lr 1.85e-04 | gpu 952MB
15:08:17 ┌────────────────────────────────────────────────────────────────────────────
15:08:17 │ EPOCH  47/80  train_loss 0.0059 (pos 0.063 / neg 0.003)  seedF1 0.688  1.9s  (94139 seeds/s)  eta ~1.0min
15:08:17 │ VAL  AUROC 0.9689 | AUPRC 0.7098 (base 0.0141) | F1 0.7055 (thr 0.812) | P 0.9336 R 0.5670 | MCC 0.7248
15:08:17 │ best AUPRC 0.7117 @ ep44   patience 17/20
15:08:17 └────────────────────────────────────────────────────────────────────────────
15:08:17 [train] ep48 step   1/19 | loss 0.0061 (pos 0.064/neg 0.003) | sup 518+/9259- | seedF1 0.750 | subgraph n=9,777 e=31,130 | lr 1.84e-04 | gpu 952MB
15:08:18 [train] ep48 step   2/19 | loss 0.0050 (pos 0.048/neg 0.002) | sup 534+/8758- | seedF1 0.760 | subgraph n=9,292 e=29,764 | lr 1.83e-04 | gpu 952MB
15:08:18 [train] ep48 step   7/19 | loss 0.0060 (pos 0.072/neg 0.002) | sup 507+/8742- | seedF1 0.744 | subgraph n=9,249 e=29,661 | lr 1.81e-04 | gpu 952MB
15:08:19 [train] ep48 step  12/19 | loss 0.0049 (pos 0.051/neg 0.003) | sup 479+/9129- | seedF1 0.751 | subgraph n=9,608 e=31,136 | lr 1.79e-04 | gpu 952MB
15:08:19 [train] ep48 step  17/19 | loss 0.0057 (pos 0.069/neg 0.002) | sup 497+/9109- | seedF1 0.750 | subgraph n=9,606 e=30,348 | lr 1.77e-04 | gpu 952MB
15:08:20 ┌────────────────────────────────────────────────────────────────────────────
15:08:20 │ EPOCH  48/80  train_loss 0.0057 (pos 0.062 / neg 0.003)  seedF1 0.744  1.9s  (94179 seeds/s)  eta ~1.0min
15:08:20 │ VAL  AUROC 0.9688 | AUPRC 0.7099 (base 0.0141) | F1 0.7039 (thr 0.812) | P 0.9533 R 0.5579 | MCC 0.7266
15:08:20 │ best AUPRC 0.7117 @ ep44   patience 16/20
15:08:20 └────────────────────────────────────────────────────────────────────────────
15:08:20 [train] ep49 step   1/19 | loss 0.0055 (pos 0.066/neg 0.002) | sup 511+/9227- | seedF1 0.751 | subgraph n=9,738 e=31,277 | lr 1.76e-04 | gpu 952MB
15:08:20 [train] ep49 step   3/19 | loss 0.0065 (pos 0.071/neg 0.002) | sup 560+/8785- | seedF1 0.761 | subgraph n=9,345 e=29,581 | lr 1.75e-04 | gpu 952MB
15:08:21 [train] ep49 step   8/19 | loss 0.0058 (pos 0.059/neg 0.003) | sup 524+/8891- | seedF1 0.763 | subgraph n=9,415 e=29,986 | lr 1.73e-04 | gpu 952MB
15:08:21 [train] ep49 step  13/19 | loss 0.0057 (pos 0.065/neg 0.002) | sup 498+/8571- | seedF1 0.756 | subgraph n=9,069 e=29,170 | lr 1.71e-04 | gpu 952MB
15:08:22 [train] ep49 step  18/19 | loss 0.0063 (pos 0.074/neg 0.002) | sup 525+/9367- | seedF1 0.761 | subgraph n=9,892 e=31,660 | lr 1.69e-04 | gpu 952MB
15:08:23 ┌────────────────────────────────────────────────────────────────────────────
15:08:23 │ EPOCH  49/80  train_loss 0.0056 (pos 0.059 / neg 0.003)  seedF1 0.760  1.9s  (92794 seeds/s)  eta ~1.0min
15:08:23 │ VAL  AUROC 0.9682 | AUPRC 0.6964 (base 0.0141) | F1 0.6911 (thr 0.862) | P 0.9606 R 0.5397 | MCC 0.7173
15:08:23 │ best AUPRC 0.7117 @ ep44   patience 15/20
15:08:23 └────────────────────────────────────────────────────────────────────────────
15:08:23 [train] ep50 step   1/19 | loss 0.0063 (pos 0.074/neg 0.002) | sup 472+/8181- | seedF1 0.662 | subgraph n=8,653 e=27,659 | lr 1.69e-04 | gpu 952MB
15:08:23 [train] ep50 step   4/19 | loss 0.0060 (pos 0.069/neg 0.002) | sup 542+/9203- | seedF1 0.684 | subgraph n=9,745 e=31,180 | lr 1.67e-04 | gpu 952MB
15:08:24 [train] ep50 step   9/19 | loss 0.0071 (pos 0.084/neg 0.003) | sup 501+/8681- | seedF1 0.695 | subgraph n=9,182 e=29,079 | lr 1.65e-04 | gpu 952MB
15:08:24 [train] ep50 step  14/19 | loss 0.0052 (pos 0.053/neg 0.002) | sup 549+/8949- | seedF1 0.687 | subgraph n=9,498 e=30,976 | lr 1.63e-04 | gpu 952MB
15:08:25 [train] ep50 step  19/19 | loss 0.0057 (pos 0.064/neg 0.003) | sup 501+/9304- | seedF1 0.682 | subgraph n=9,805 e=30,791 | lr 1.61e-04 | gpu 952MB
15:08:26 ┌────────────────────────────────────────────────────────────────────────────
15:08:26 │ EPOCH  50/80  train_loss 0.0058 (pos 0.061 / neg 0.003)  seedF1 0.682  1.9s  (93482 seeds/s)  eta ~1.0min
15:08:26 │ VAL  AUROC 0.9687 | AUPRC 0.7076 (base 0.0141) | F1 0.6993 (thr 0.823) | P 0.9407 R 0.5566 | MCC 0.7208
15:08:26 │ best AUPRC 0.7117 @ ep44   patience 14/20
15:08:26 └────────────────────────────────────────────────────────────────────────────
15:08:26 [train] ep51 step   1/19 | loss 0.0056 (pos 0.070/neg 0.002) | sup 500+/8978- | seedF1 0.737 | subgraph n=9,478 e=30,308 | lr 1.61e-04 | gpu 952MB
15:08:26 [train] ep51 step   5/19 | loss 0.0053 (pos 0.058/neg 0.002) | sup 482+/8904- | seedF1 0.721 | subgraph n=9,386 e=29,688 | lr 1.59e-04 | gpu 952MB
15:08:27 [train] ep51 step  10/19 | loss 0.0058 (pos 0.063/neg 0.003) | sup 486+/8552- | seedF1 0.722 | subgraph n=9,038 e=28,894 | lr 1.57e-04 | gpu 952MB
15:08:27 [train] ep51 step  15/19 | loss 0.0053 (pos 0.064/neg 0.002) | sup 464+/8729- | seedF1 0.723 | subgraph n=9,193 e=29,761 | lr 1.56e-04 | gpu 952MB
15:08:29 ┌────────────────────────────────────────────────────────────────────────────
15:08:29 │ EPOCH  51/80  train_loss 0.0056 (pos 0.062 / neg 0.002)  seedF1 0.724  1.9s  (93250 seeds/s)  eta ~0.9min
15:08:29 │ VAL  AUROC 0.9692 | AUPRC 0.7015 (base 0.0141) | F1 0.6974 (thr 0.850) | P 0.9485 R 0.5514 | MCC 0.7205
15:08:29 │ best AUPRC 0.7117 @ ep44   patience 13/20
15:08:29 └────────────────────────────────────────────────────────────────────────────
15:08:29 [train] ep52 step   1/19 | loss 0.0050 (pos 0.058/neg 0.002) | sup 505+/9521- | seedF1 0.727 | subgraph n=10,026 e=31,980 | lr 1.54e-04 | gpu 952MB
15:08:29 [train] ep52 step   6/19 | loss 0.0059 (pos 0.061/neg 0.003) | sup 467+/8660- | seedF1 0.715 | subgraph n=9,127 e=29,074 | lr 1.52e-04 | gpu 952MB
15:08:30 [train] ep52 step  11/19 | loss 0.0046 (pos 0.044/neg 0.002) | sup 488+/8749- | seedF1 0.709 | subgraph n=9,237 e=29,986 | lr 1.50e-04 | gpu 952MB
15:08:30 [train] ep52 step  16/19 | loss 0.0058 (pos 0.062/neg 0.002) | sup 515+/8483- | seedF1 0.704 | subgraph n=8,998 e=28,674 | lr 1.48e-04 | gpu 952MB
15:08:32 ┌────────────────────────────────────────────────────────────────────────────
15:08:32 │ EPOCH  52/80  train_loss 0.0054 (pos 0.059 / neg 0.002)  seedF1 0.704  1.9s  (91793 seeds/s)  eta ~0.9min
15:08:32 │ VAL  AUROC 0.9691 | AUPRC 0.7095 (base 0.0141) | F1 0.7061 (thr 0.806) | P 0.9356 R 0.5670 | MCC 0.7256
15:08:32 │ best AUPRC 0.7117 @ ep44   patience 12/20
15:08:32 └────────────────────────────────────────────────────────────────────────────
15:08:32 [train] ep53 step   1/19 | loss 0.0063 (pos 0.076/neg 0.002) | sup 531+/9249- | seedF1 0.726 | subgraph n=9,780 e=31,152 | lr 1.46e-04 | gpu 952MB
15:08:32 [train] ep53 step   2/19 | loss 0.0054 (pos 0.053/neg 0.003) | sup 481+/8584- | seedF1 0.740 | subgraph n=9,065 e=28,923 | lr 1.46e-04 | gpu 952MB
15:08:32 [train] ep53 step   7/19 | loss 0.0053 (pos 0.055/neg 0.002) | sup 506+/8831- | seedF1 0.756 | subgraph n=9,337 e=30,255 | lr 1.44e-04 | gpu 952MB
15:08:33 [train] ep53 step  12/19 | loss 0.0050 (pos 0.049/neg 0.002) | sup 514+/8687- | seedF1 0.761 | subgraph n=9,201 e=29,774 | lr 1.42e-04 | gpu 952MB
15:08:33 [train] ep53 step  17/19 | loss 0.0061 (pos 0.060/neg 0.003) | sup 492+/8318- | seedF1 0.756 | subgraph n=8,810 e=28,632 | lr 1.40e-04 | gpu 952MB
15:08:35 ┌────────────────────────────────────────────────────────────────────────────
15:08:35 │ EPOCH  53/80  train_loss 0.0055 (pos 0.057 / neg 0.003)  seedF1 0.757  1.9s  (92814 seeds/s)  eta ~0.9min
15:08:35 │ VAL  AUROC 0.9676 | AUPRC 0.6960 (base 0.0141) | F1 0.6959 (thr 0.838) | P 0.9589 R 0.5462 | MCC 0.7210
15:08:35 │ best AUPRC 0.7117 @ ep44   patience 11/20
15:08:35 └────────────────────────────────────────────────────────────────────────────
15:08:35 [train] ep54 step   1/19 | loss 0.0053 (pos 0.059/neg 0.002) | sup 503+/8883- | seedF1 0.747 | subgraph n=9,386 e=30,179 | lr 1.38e-04 | gpu 952MB
15:08:35 [train] ep54 step   3/19 | loss 0.0054 (pos 0.064/neg 0.002) | sup 514+/9404- | seedF1 0.729 | subgraph n=9,918 e=31,801 | lr 1.38e-04 | gpu 952MB
15:08:35 [train] ep54 step   8/19 | loss 0.0058 (pos 0.065/neg 0.003) | sup 520+/9364- | seedF1 0.731 | subgraph n=9,884 e=31,059 | lr 1.36e-04 | gpu 952MB
15:08:36 [train] ep54 step  13/19 | loss 0.0059 (pos 0.078/neg 0.002) | sup 423+/8495- | seedF1 0.722 | subgraph n=8,918 e=28,613 | lr 1.34e-04 | gpu 952MB
15:08:36 [train] ep54 step  18/19 | loss 0.0058 (pos 0.065/neg 0.002) | sup 512+/8801- | seedF1 0.715 | subgraph n=9,313 e=29,809 | lr 1.32e-04 | gpu 952MB
15:08:37 ┌────────────────────────────────────────────────────────────────────────────
15:08:37 │ EPOCH  54/80  train_loss 0.0055 (pos 0.060 / neg 0.002)  seedF1 0.716  1.9s  (93319 seeds/s)  eta ~0.8min
15:08:37 │ VAL  AUROC 0.9692 | AUPRC 0.7071 (base 0.0141) | F1 0.7001 (thr 0.801) | P 0.9252 R 0.5631 | MCC 0.7189
15:08:37 │ best AUPRC 0.7117 @ ep44   patience 10/20
15:08:37 └────────────────────────────────────────────────────────────────────────────
15:08:38 [train] ep55 step   1/19 | loss 0.0054 (pos 0.058/neg 0.002) | sup 519+/8779- | seedF1 0.762 | subgraph n=9,298 e=29,916 | lr 1.31e-04 | gpu 952MB
15:08:38 [train] ep55 step   4/19 | loss 0.0056 (pos 0.063/neg 0.002) | sup 526+/9055- | seedF1 0.764 | subgraph n=9,581 e=31,047 | lr 1.30e-04 | gpu 952MB
15:08:38 [train] ep55 step   9/19 | loss 0.0061 (pos 0.067/neg 0.003) | sup 479+/8268- | seedF1 0.766 | subgraph n=8,747 e=28,454 | lr 1.28e-04 | gpu 952MB
15:08:39 [train] ep55 step  14/19 | loss 0.0056 (pos 0.070/neg 0.002) | sup 486+/8760- | seedF1 0.758 | subgraph n=9,246 e=29,933 | lr 1.26e-04 | gpu 952MB
15:08:39 [train] ep55 step  19/19 | loss 0.0052 (pos 0.048/neg 0.002) | sup 511+/7992- | seedF1 0.756 | subgraph n=8,503 e=27,474 | lr 1.24e-04 | gpu 952MB
15:08:40 ┌────────────────────────────────────────────────────────────────────────────
15:08:40 │ EPOCH  55/80  train_loss 0.0055 (pos 0.060 / neg 0.002)  seedF1 0.756  1.9s  (92873 seeds/s)  eta ~0.8min
15:08:40 │ VAL  AUROC 0.9695 | AUPRC 0.7079 (base 0.0141) | F1 0.7045 (thr 0.826) | P 0.9335 R 0.5657 | MCC 0.7239
15:08:40 │ best AUPRC 0.7117 @ ep44   patience 9/20
15:08:40 └────────────────────────────────────────────────────────────────────────────
15:08:40 [train] ep56 step   1/19 | loss 0.0054 (pos 0.051/neg 0.003) | sup 521+/8749- | seedF1 0.778 | subgraph n=9,270 e=29,867 | lr 1.23e-04 | gpu 952MB
15:08:41 [train] ep56 step   5/19 | loss 0.0051 (pos 0.050/neg 0.002) | sup 500+/8692- | seedF1 0.760 | subgraph n=9,192 e=29,489 | lr 1.22e-04 | gpu 952MB
15:08:41 [train] ep56 step  10/19 | loss 0.0039 (pos 0.041/neg 0.002) | sup 520+/9464- | seedF1 0.738 | subgraph n=9,984 e=32,102 | lr 1.20e-04 | gpu 952MB
15:08:42 [train] ep56 step  15/19 | loss 0.0060 (pos 0.066/neg 0.003) | sup 472+/8182- | seedF1 0.728 | subgraph n=8,654 e=27,853 | lr 1.18e-04 | gpu 952MB
15:08:43 ┌────────────────────────────────────────────────────────────────────────────
15:08:43 │ EPOCH  56/80  train_loss 0.0054 (pos 0.057 / neg 0.002)  seedF1 0.732  1.9s  (93168 seeds/s)  eta ~0.8min
15:08:43 │ VAL  AUROC 0.9679 | AUPRC 0.6941 (base 0.0141) | F1 0.6898 (thr 0.851) | P 0.9436 R 0.5436 | MCC 0.7134
15:08:43 │ best AUPRC 0.7117 @ ep44   patience 8/20
15:08:43 └────────────────────────────────────────────────────────────────────────────
15:08:43 [train] ep57 step   1/19 | loss 0.0057 (pos 0.056/neg 0.003) | sup 541+/9290- | seedF1 0.698 | subgraph n=9,831 e=31,465 | lr 1.16e-04 | gpu 952MB
15:08:44 [train] ep57 step   6/19 | loss 0.0060 (pos 0.066/neg 0.002) | sup 520+/8595- | seedF1 0.720 | subgraph n=9,115 e=29,147 | lr 1.14e-04 | gpu 952MB
15:08:44 [train] ep57 step  11/19 | loss 0.0056 (pos 0.067/neg 0.002) | sup 477+/9206- | seedF1 0.713 | subgraph n=9,683 e=30,881 | lr 1.12e-04 | gpu 952MB
15:08:45 [train] ep57 step  16/19 | loss 0.0050 (pos 0.052/neg 0.003) | sup 460+/8610- | seedF1 0.710 | subgraph n=9,070 e=29,188 | lr 1.10e-04 | gpu 952MB
15:08:46 ┌────────────────────────────────────────────────────────────────────────────
15:08:46 │ EPOCH  57/80  train_loss 0.0056 (pos 0.060 / neg 0.002)  seedF1 0.709  1.9s  (93711 seeds/s)  eta ~0.7min
15:08:46 │ VAL  AUROC 0.9692 | AUPRC 0.7154 (base 0.0141) | F1 0.7128 (thr 0.778) | P 0.9180 R 0.5826 | MCC 0.7285
15:08:46 │ best AUPRC 0.7154 @ ep57   ** improved **
15:08:46 └────────────────────────────────────────────────────────────────────────────
15:08:46 [train] ep58 step   1/19 | loss 0.0045 (pos 0.050/neg 0.002) | sup 473+/8725- | seedF1 0.755 | subgraph n=9,198 e=29,360 | lr 1.09e-04 | gpu 952MB
15:08:46 [train] ep58 step   2/19 | loss 0.0047 (pos 0.055/neg 0.002) | sup 466+/9213- | seedF1 0.770 | subgraph n=9,679 e=30,728 | lr 1.09e-04 | gpu 952MB
15:08:47 [train] ep58 step   7/19 | loss 0.0052 (pos 0.059/neg 0.002) | sup 517+/9096- | seedF1 0.786 | subgraph n=9,613 e=30,890 | lr 1.07e-04 | gpu 952MB
15:08:47 [train] ep58 step  12/19 | loss 0.0053 (pos 0.045/neg 0.003) | sup 556+/8423- | seedF1 0.790 | subgraph n=8,979 e=28,534 | lr 1.05e-04 | gpu 952MB
15:08:48 [train] ep58 step  17/19 | loss 0.0051 (pos 0.053/neg 0.002) | sup 506+/8672- | seedF1 0.789 | subgraph n=9,178 e=29,546 | lr 1.03e-04 | gpu 952MB
15:08:49 ┌────────────────────────────────────────────────────────────────────────────
15:08:49 │ EPOCH  58/80  train_loss 0.0053 (pos 0.058 / neg 0.002)  seedF1 0.787  1.9s  (93234 seeds/s)  eta ~0.7min
15:08:49 │ VAL  AUROC 0.9690 | AUPRC 0.7092 (base 0.0141) | F1 0.7015 (thr 0.814) | P 0.9198 R 0.5670 | MCC 0.7193
15:08:49 │ best AUPRC 0.7154 @ ep57   patience 19/20
15:08:49 └────────────────────────────────────────────────────────────────────────────
15:08:49 [train] ep59 step   1/19 | loss 0.0055 (pos 0.058/neg 0.002) | sup 505+/8430- | seedF1 0.769 | subgraph n=8,935 e=28,726 | lr 1.02e-04 | gpu 952MB
15:08:49 [train] ep59 step   3/19 | loss 0.0053 (pos 0.060/neg 0.002) | sup 481+/8963- | seedF1 0.752 | subgraph n=9,444 e=30,457 | lr 1.01e-04 | gpu 952MB
15:08:50 [train] ep59 step   8/19 | loss 0.0052 (pos 0.055/neg 0.002) | sup 496+/8235- | seedF1 0.768 | subgraph n=8,731 e=28,369 | lr 9.93e-05 | gpu 952MB
15:08:50 [train] ep59 step  13/19 | loss 0.0059 (pos 0.073/neg 0.002) | sup 473+/8847- | seedF1 0.759 | subgraph n=9,320 e=29,960 | lr 9.75e-05 | gpu 952MB
15:08:51 [train] ep59 step  18/19 | loss 0.0057 (pos 0.058/neg 0.003) | sup 529+/8744- | seedF1 0.757 | subgraph n=9,273 e=29,240 | lr 9.57e-05 | gpu 952MB
15:08:52 ┌────────────────────────────────────────────────────────────────────────────
15:08:52 │ EPOCH  59/80  train_loss 0.0053 (pos 0.057 / neg 0.002)  seedF1 0.757  1.9s  (94706 seeds/s)  eta ~0.7min
15:08:52 │ VAL  AUROC 0.9683 | AUPRC 0.7060 (base 0.0141) | F1 0.7083 (thr 0.815) | P 0.9398 R 0.5683 | MCC 0.7281
15:08:52 │ best AUPRC 0.7154 @ ep57   patience 18/20
15:08:52 └────────────────────────────────────────────────────────────────────────────
15:08:52 [train] ep60 step   1/19 | loss 0.0049 (pos 0.051/neg 0.002) | sup 472+/8502- | seedF1 0.801 | subgraph n=8,974 e=28,926 | lr 9.50e-05 | gpu 952MB
15:08:52 [train] ep60 step   4/19 | loss 0.0054 (pos 0.056/neg 0.002) | sup 497+/8489- | seedF1 0.755 | subgraph n=8,986 e=28,780 | lr 9.39e-05 | gpu 952MB
15:08:53 [train] ep60 step   9/19 | loss 0.0056 (pos 0.057/neg 0.003) | sup 504+/8779- | seedF1 0.758 | subgraph n=9,283 e=29,527 | lr 9.21e-05 | gpu 952MB
15:08:53 [train] ep60 step  14/19 | loss 0.0039 (pos 0.044/neg 0.002) | sup 440+/9129- | seedF1 0.755 | subgraph n=9,569 e=30,414 | lr 9.03e-05 | gpu 952MB
15:08:54 [train] ep60 step  19/19 | loss 0.0053 (pos 0.057/neg 0.002) | sup 567+/9107- | seedF1 0.748 | subgraph n=9,674 e=30,999 | lr 8.86e-05 | gpu 952MB
15:08:55 ┌────────────────────────────────────────────────────────────────────────────
15:08:55 │ EPOCH  60/80  train_loss 0.0055 (pos 0.059 / neg 0.002)  seedF1 0.748  1.9s  (93343 seeds/s)  eta ~0.6min
15:08:55 │ VAL  AUROC 0.9683 | AUPRC 0.7025 (base 0.0141) | F1 0.7020 (thr 0.825) | P 0.9430 R 0.5592 | MCC 0.7234
15:08:55 │ best AUPRC 0.7154 @ ep57   patience 17/20
15:08:55 └────────────────────────────────────────────────────────────────────────────
15:08:55 [train] ep61 step   1/19 | loss 0.0062 (pos 0.061/neg 0.003) | sup 553+/8544- | seedF1 0.626 | subgraph n=9,097 e=29,147 | lr 8.82e-05 | gpu 952MB
15:08:55 [train] ep61 step   5/19 | loss 0.0057 (pos 0.053/neg 0.003) | sup 501+/8307- | seedF1 0.724 | subgraph n=8,808 e=28,296 | lr 8.68e-05 | gpu 952MB
15:08:56 [train] ep61 step  10/19 | loss 0.0052 (pos 0.053/neg 0.003) | sup 522+/9189- | seedF1 0.738 | subgraph n=9,711 e=30,791 | lr 8.51e-05 | gpu 952MB
15:08:56 [train] ep61 step  15/19 | loss 0.0054 (pos 0.064/neg 0.002) | sup 494+/9704- | seedF1 0.732 | subgraph n=10,198 e=32,538 | lr 8.34e-05 | gpu 952MB
15:08:58 ┌────────────────────────────────────────────────────────────────────────────
15:08:58 │ EPOCH  61/80  train_loss 0.0054 (pos 0.058 / neg 0.002)  seedF1 0.737  1.9s  (93433 seeds/s)  eta ~0.6min
15:08:58 │ VAL  AUROC 0.9687 | AUPRC 0.7094 (base 0.0141) | F1 0.7039 (thr 0.816) | P 0.9315 R 0.5657 | MCC 0.7231
15:08:58 │ best AUPRC 0.7154 @ ep57   patience 16/20
15:08:58 └────────────────────────────────────────────────────────────────────────────
15:08:58 [train] ep62 step   1/19 | loss 0.0055 (pos 0.063/neg 0.002) | sup 509+/9377- | seedF1 0.747 | subgraph n=9,886 e=31,741 | lr 8.17e-05 | gpu 952MB
15:08:58 [train] ep62 step   6/19 | loss 0.0051 (pos 0.051/neg 0.002) | sup 510+/8684- | seedF1 0.766 | subgraph n=9,194 e=29,311 | lr 8.00e-05 | gpu 952MB
15:08:59 [train] ep62 step  11/19 | loss 0.0046 (pos 0.050/neg 0.002) | sup 462+/8632- | seedF1 0.748 | subgraph n=9,094 e=29,207 | lr 7.83e-05 | gpu 952MB
15:08:59 [train] ep62 step  16/19 | loss 0.0052 (pos 0.059/neg 0.002) | sup 495+/8394- | seedF1 0.751 | subgraph n=8,889 e=28,311 | lr 7.67e-05 | gpu 952MB
15:09:00 ┌────────────────────────────────────────────────────────────────────────────
15:09:00 │ EPOCH  62/80  train_loss 0.0052 (pos 0.057 / neg 0.002)  seedF1 0.751  1.9s  (93550 seeds/s)  eta ~0.6min
15:09:00 │ VAL  AUROC 0.9687 | AUPRC 0.7119 (base 0.0141) | F1 0.7079 (thr 0.809) | P 0.9457 R 0.5657 | MCC 0.7287
15:09:00 │ best AUPRC 0.7154 @ ep57   patience 15/20
15:09:00 └────────────────────────────────────────────────────────────────────────────
15:09:01 [train] ep63 step   1/19 | loss 0.0058 (pos 0.066/neg 0.002) | sup 488+/8486- | seedF1 0.742 | subgraph n=8,974 e=28,623 | lr 7.54e-05 | gpu 952MB
15:09:01 [train] ep63 step   2/19 | loss 0.0047 (pos 0.040/neg 0.003) | sup 522+/8779- | seedF1 0.753 | subgraph n=9,301 e=29,821 | lr 7.50e-05 | gpu 952MB
15:09:01 [train] ep63 step   7/19 | loss 0.0045 (pos 0.051/neg 0.002) | sup 462+/9748- | seedF1 0.755 | subgraph n=10,210 e=32,686 | lr 7.34e-05 | gpu 952MB
15:09:02 [train] ep63 step  12/19 | loss 0.0052 (pos 0.057/neg 0.002) | sup 526+/9378- | seedF1 0.757 | subgraph n=9,904 e=32,021 | lr 7.18e-05 | gpu 952MB
15:09:02 [train] ep63 step  17/19 | loss 0.0049 (pos 0.058/neg 0.002) | sup 473+/8217- | seedF1 0.758 | subgraph n=8,690 e=27,946 | lr 7.02e-05 | gpu 952MB
15:09:03 ┌────────────────────────────────────────────────────────────────────────────
15:09:03 │ EPOCH  63/80  train_loss 0.0051 (pos 0.055 / neg 0.002)  seedF1 0.759  1.9s  (93677 seeds/s)  eta ~0.5min
15:09:03 │ VAL  AUROC 0.9688 | AUPRC 0.7142 (base 0.0141) | F1 0.7119 (thr 0.813) | P 0.9383 R 0.5735 | MCC 0.7308
15:09:03 │ best AUPRC 0.7154 @ ep57   patience 14/20
15:09:03 └────────────────────────────────────────────────────────────────────────────
15:09:03 [train] ep64 step   1/19 | loss 0.0051 (pos 0.055/neg 0.002) | sup 526+/8548- | seedF1 0.801 | subgraph n=9,074 e=29,426 | lr 6.93e-05 | gpu 952MB
15:09:04 [train] ep64 step   3/19 | loss 0.0047 (pos 0.042/neg 0.003) | sup 470+/8735- | seedF1 0.795 | subgraph n=9,205 e=29,507 | lr 6.87e-05 | gpu 952MB
15:09:04 [train] ep64 step   8/19 | loss 0.0052 (pos 0.051/neg 0.003) | sup 466+/8370- | seedF1 0.775 | subgraph n=8,836 e=28,219 | lr 6.71e-05 | gpu 952MB
15:09:05 [train] ep64 step  13/19 | loss 0.0051 (pos 0.046/neg 0.003) | sup 505+/8600- | seedF1 0.771 | subgraph n=9,105 e=28,896 | lr 6.56e-05 | gpu 952MB
15:09:05 [train] ep64 step  18/19 | loss 0.0045 (pos 0.047/neg 0.002) | sup 525+/9108- | seedF1 0.763 | subgraph n=9,633 e=30,664 | lr 6.40e-05 | gpu 952MB
15:09:06 ┌────────────────────────────────────────────────────────────────────────────
15:09:06 │ EPOCH  64/80  train_loss 0.0051 (pos 0.053 / neg 0.002)  seedF1 0.762  1.9s  (93832 seeds/s)  eta ~0.5min
15:09:06 │ VAL  AUROC 0.9685 | AUPRC 0.7130 (base 0.0141) | F1 0.7068 (thr 0.813) | P 0.9455 R 0.5644 | MCC 0.7278
15:09:06 │ best AUPRC 0.7154 @ ep57   patience 13/20
15:09:06 └────────────────────────────────────────────────────────────────────────────
15:09:06 [train] ep65 step   1/19 | loss 0.0051 (pos 0.056/neg 0.002) | sup 462+/8285- | seedF1 0.777 | subgraph n=8,747 e=28,060 | lr 6.34e-05 | gpu 952MB
15:09:07 [train] ep65 step   4/19 | loss 0.0061 (pos 0.073/neg 0.002) | sup 520+/8754- | seedF1 0.737 | subgraph n=9,274 e=29,955 | lr 6.25e-05 | gpu 952MB
15:09:07 [train] ep65 step   9/19 | loss 0.0050 (pos 0.056/neg 0.002) | sup 478+/9150- | seedF1 0.730 | subgraph n=9,628 e=31,175 | lr 6.11e-05 | gpu 952MB
15:09:08 [train] ep65 step  14/19 | loss 0.0036 (pos 0.035/neg 0.002) | sup 455+/9196- | seedF1 0.742 | subgraph n=9,651 e=30,837 | lr 5.96e-05 | gpu 952MB
15:09:08 [train] ep65 step  19/19 | loss 0.0045 (pos 0.053/neg 0.002) | sup 491+/9347- | seedF1 0.744 | subgraph n=9,838 e=31,146 | lr 5.82e-05 | gpu 952MB
15:09:09 ┌────────────────────────────────────────────────────────────────────────────
15:09:09 │ EPOCH  65/80  train_loss 0.0051 (pos 0.057 / neg 0.002)  seedF1 0.744  1.9s  (92941 seeds/s)  eta ~0.5min
15:09:09 │ VAL  AUROC 0.9685 | AUPRC 0.7110 (base 0.0141) | F1 0.7090 (thr 0.821) | P 0.9498 R 0.5657 | MCC 0.7303
15:09:09 │ best AUPRC 0.7154 @ ep57   patience 12/20
15:09:09 └────────────────────────────────────────────────────────────────────────────
15:09:09 [train] ep66 step   1/19 | loss 0.0048 (pos 0.057/neg 0.002) | sup 515+/9168- | seedF1 0.774 | subgraph n=9,683 e=30,962 | lr 5.79e-05 | gpu 952MB
15:09:10 [train] ep66 step   5/19 | loss 0.0048 (pos 0.050/neg 0.002) | sup 507+/9059- | seedF1 0.735 | subgraph n=9,566 e=30,537 | lr 5.67e-05 | gpu 952MB
15:09:10 [train] ep66 step  10/19 | loss 0.0055 (pos 0.062/neg 0.002) | sup 517+/9113- | seedF1 0.740 | subgraph n=9,630 e=30,860 | lr 5.53e-05 | gpu 952MB
15:09:11 [train] ep66 step  15/19 | loss 0.0053 (pos 0.058/neg 0.002) | sup 496+/8877- | seedF1 0.744 | subgraph n=9,373 e=29,953 | lr 5.40e-05 | gpu 952MB
15:09:12 ┌────────────────────────────────────────────────────────────────────────────
15:09:12 │ EPOCH  66/80  train_loss 0.0051 (pos 0.055 / neg 0.002)  seedF1 0.743  1.9s  (93356 seeds/s)  eta ~0.4min
15:09:12 │ VAL  AUROC 0.9681 | AUPRC 0.7109 (base 0.0141) | F1 0.7057 (thr 0.816) | P 0.9205 R 0.5722 | MCC 0.7229
15:09:12 │ best AUPRC 0.7154 @ ep57   patience 11/20
15:09:12 └────────────────────────────────────────────────────────────────────────────
15:09:12 [train] ep67 step   1/19 | loss 0.0055 (pos 0.064/neg 0.002) | sup 512+/8794- | seedF1 0.738 | subgraph n=9,306 e=29,769 | lr 5.26e-05 | gpu 952MB
15:09:13 [train] ep67 step   6/19 | loss 0.0048 (pos 0.054/neg 0.002) | sup 482+/8923- | seedF1 0.761 | subgraph n=9,405 e=30,541 | lr 5.12e-05 | gpu 952MB
15:09:13 [train] ep67 step  11/19 | loss 0.0051 (pos 0.046/neg 0.003) | sup 528+/8703- | seedF1 0.765 | subgraph n=9,231 e=29,111 | lr 4.99e-05 | gpu 952MB
15:09:14 [train] ep67 step  16/19 | loss 0.0049 (pos 0.055/neg 0.002) | sup 502+/8854- | seedF1 0.763 | subgraph n=9,356 e=29,546 | lr 4.86e-05 | gpu 952MB
15:09:15 ┌────────────────────────────────────────────────────────────────────────────
15:09:15 │ EPOCH  67/80  train_loss 0.0052 (pos 0.056 / neg 0.002)  seedF1 0.761  1.9s  (93835 seeds/s)  eta ~0.4min
15:09:15 │ VAL  AUROC 0.9681 | AUPRC 0.7080 (base 0.0141) | F1 0.6998 (thr 0.834) | P 0.9348 R 0.5592 | MCC 0.7202
15:09:15 │ best AUPRC 0.7154 @ ep57   patience 10/20
15:09:15 └────────────────────────────────────────────────────────────────────────────
15:09:15 [train] ep68 step   1/19 | loss 0.0047 (pos 0.046/neg 0.002) | sup 484+/9096- | seedF1 0.726 | subgraph n=9,580 e=30,711 | lr 4.76e-05 | gpu 952MB
15:09:15 [train] ep68 step   2/19 | loss 0.0056 (pos 0.058/neg 0.003) | sup 496+/9134- | seedF1 0.743 | subgraph n=9,630 e=30,849 | lr 4.73e-05 | gpu 952MB
15:09:16 [train] ep68 step   7/19 | loss 0.0046 (pos 0.044/neg 0.002) | sup 461+/8143- | seedF1 0.724 | subgraph n=8,604 e=27,674 | lr 4.61e-05 | gpu 952MB
15:09:16 [train] ep68 step  12/19 | loss 0.0049 (pos 0.051/neg 0.002) | sup 494+/8583- | seedF1 0.732 | subgraph n=9,077 e=29,056 | lr 4.49e-05 | gpu 952MB
15:09:17 [train] ep68 step  17/19 | loss 0.0052 (pos 0.052/neg 0.003) | sup 483+/8363- | seedF1 0.728 | subgraph n=8,846 e=28,347 | lr 4.36e-05 | gpu 952MB
15:09:18 ┌────────────────────────────────────────────────────────────────────────────
15:09:18 │ EPOCH  68/80  train_loss 0.0053 (pos 0.059 / neg 0.002)  seedF1 0.725  1.9s  (93068 seeds/s)  eta ~0.4min
15:09:18 │ VAL  AUROC 0.9685 | AUPRC 0.7066 (base 0.0141) | F1 0.7023 (thr 0.822) | P 0.9293 R 0.5644 | MCC 0.7214
15:09:18 │ best AUPRC 0.7154 @ ep57   patience 9/20
15:09:18 └────────────────────────────────────────────────────────────────────────────
15:09:18 [train] ep69 step   1/19 | loss 0.0051 (pos 0.060/neg 0.002) | sup 450+/8676- | seedF1 0.675 | subgraph n=9,126 e=28,816 | lr 4.29e-05 | gpu 952MB
15:09:18 [train] ep69 step   3/19 | loss 0.0052 (pos 0.055/neg 0.002) | sup 483+/8694- | seedF1 0.713 | subgraph n=9,177 e=29,535 | lr 4.25e-05 | gpu 952MB
15:09:19 [train] ep69 step   8/19 | loss 0.0048 (pos 0.045/neg 0.003) | sup 480+/8741- | seedF1 0.735 | subgraph n=9,221 e=29,409 | lr 4.13e-05 | gpu 952MB
15:09:19 [train] ep69 step  13/19 | loss 0.0052 (pos 0.056/neg 0.002) | sup 499+/8731- | seedF1 0.737 | subgraph n=9,230 e=29,825 | lr 4.01e-05 | gpu 952MB
15:09:20 [train] ep69 step  18/19 | loss 0.0055 (pos 0.052/neg 0.002) | sup 562+/8839- | seedF1 0.740 | subgraph n=9,401 e=30,021 | lr 3.90e-05 | gpu 952MB
15:09:21 ┌────────────────────────────────────────────────────────────────────────────
15:09:21 │ EPOCH  69/80  train_loss 0.0051 (pos 0.054 / neg 0.002)  seedF1 0.738  1.9s  (93386 seeds/s)  eta ~0.3min
15:09:21 │ VAL  AUROC 0.9686 | AUPRC 0.7086 (base 0.0141) | F1 0.7006 (thr 0.841) | P 0.9489 R 0.5553 | MCC 0.7232
15:09:21 │ best AUPRC 0.7154 @ ep57   patience 8/20
15:09:21 └────────────────────────────────────────────────────────────────────────────
15:09:21 [train] ep70 step   1/19 | loss 0.0057 (pos 0.065/neg 0.002) | sup 520+/9028- | seedF1 0.718 | subgraph n=9,548 e=29,905 | lr 3.86e-05 | gpu 952MB
15:09:21 [train] ep70 step   4/19 | loss 0.0046 (pos 0.048/neg 0.002) | sup 512+/9828- | seedF1 0.749 | subgraph n=10,340 e=32,617 | lr 3.79e-05 | gpu 952MB
15:09:22 [train] ep70 step   9/19 | loss 0.0050 (pos 0.049/neg 0.003) | sup 455+/9002- | seedF1 0.736 | subgraph n=9,457 e=30,149 | lr 3.68e-05 | gpu 952MB
15:09:22 [train] ep70 step  14/19 | loss 0.0046 (pos 0.049/neg 0.002) | sup 498+/9486- | seedF1 0.742 | subgraph n=9,984 e=32,292 | lr 3.58e-05 | gpu 952MB
15:09:23 [train] ep70 step  19/19 | loss 0.0046 (pos 0.055/neg 0.002) | sup 476+/8877- | seedF1 0.738 | subgraph n=9,353 e=29,660 | lr 3.48e-05 | gpu 952MB
15:09:23 ┌────────────────────────────────────────────────────────────────────────────
15:09:23 │ EPOCH  70/80  train_loss 0.0051 (pos 0.056 / neg 0.002)  seedF1 0.738  1.9s  (94485 seeds/s)  eta ~0.3min
15:09:23 │ VAL  AUROC 0.9683 | AUPRC 0.7085 (base 0.0141) | F1 0.7044 (thr 0.838) | P 0.9555 R 0.5579 | MCC 0.7274
15:09:23 │ best AUPRC 0.7154 @ ep57   patience 7/20
15:09:23 └────────────────────────────────────────────────────────────────────────────
15:09:24 [train] ep71 step   1/19 | loss 0.0048 (pos 0.051/neg 0.002) | sup 490+/8605- | seedF1 0.731 | subgraph n=9,095 e=29,285 | lr 3.46e-05 | gpu 952MB
15:09:24 [train] ep71 step   5/19 | loss 0.0059 (pos 0.063/neg 0.002) | sup 539+/9049- | seedF1 0.733 | subgraph n=9,588 e=30,851 | lr 3.38e-05 | gpu 952MB
15:09:24 [train] ep71 step  10/19 | loss 0.0054 (pos 0.057/neg 0.002) | sup 528+/9031- | seedF1 0.719 | subgraph n=9,559 e=30,478 | lr 3.28e-05 | gpu 952MB
15:09:25 [train] ep71 step  15/19 | loss 0.0047 (pos 0.047/neg 0.002) | sup 481+/8497- | seedF1 0.723 | subgraph n=8,978 e=28,825 | lr 3.18e-05 | gpu 952MB
15:09:26 ┌────────────────────────────────────────────────────────────────────────────
15:09:26 │ EPOCH  71/80  train_loss 0.0053 (pos 0.057 / neg 0.002)  seedF1 0.725  1.9s  (94053 seeds/s)  eta ~0.3min
15:09:26 │ VAL  AUROC 0.9684 | AUPRC 0.7066 (base 0.0141) | F1 0.7011 (thr 0.839) | P 0.9469 R 0.5566 | MCC 0.7232
15:09:26 │ best AUPRC 0.7154 @ ep57   patience 6/20
15:09:26 └────────────────────────────────────────────────────────────────────────────
15:09:26 [train] ep72 step   1/19 | loss 0.0050 (pos 0.048/neg 0.003) | sup 530+/9057- | seedF1 0.800 | subgraph n=9,587 e=30,190 | lr 3.09e-05 | gpu 952MB
15:09:27 [train] ep72 step   6/19 | loss 0.0052 (pos 0.053/neg 0.002) | sup 543+/9129- | seedF1 0.738 | subgraph n=9,672 e=30,694 | lr 3.00e-05 | gpu 952MB
15:09:27 [train] ep72 step  11/19 | loss 0.0045 (pos 0.044/neg 0.002) | sup 497+/9180- | seedF1 0.729 | subgraph n=9,677 e=30,784 | lr 2.91e-05 | gpu 952MB
15:09:28 [train] ep72 step  16/19 | loss 0.0060 (pos 0.071/neg 0.002) | sup 507+/9012- | seedF1 0.731 | subgraph n=9,519 e=30,599 | lr 2.83e-05 | gpu 952MB
15:09:29 ┌────────────────────────────────────────────────────────────────────────────
15:09:29 │ EPOCH  72/80  train_loss 0.0052 (pos 0.056 / neg 0.002)  seedF1 0.730  1.9s  (92894 seeds/s)  eta ~0.3min
15:09:29 │ VAL  AUROC 0.9688 | AUPRC 0.7116 (base 0.0141) | F1 0.7073 (thr 0.814) | P 0.9226 R 0.5735 | MCC 0.7245
15:09:29 │ best AUPRC 0.7154 @ ep57   patience 5/20
15:09:29 └────────────────────────────────────────────────────────────────────────────
15:09:29 [train] ep73 step   1/19 | loss 0.0049 (pos 0.056/neg 0.002) | sup 506+/8940- | seedF1 0.768 | subgraph n=9,446 e=30,284 | lr 2.76e-05 | gpu 952MB
15:09:29 [train] ep73 step   2/19 | loss 0.0049 (pos 0.055/neg 0.002) | sup 452+/8619- | seedF1 0.759 | subgraph n=9,071 e=29,429 | lr 2.74e-05 | gpu 952MB
15:09:30 [train] ep73 step   7/19 | loss 0.0051 (pos 0.053/neg 0.002) | sup 472+/8582- | seedF1 0.749 | subgraph n=9,054 e=29,314 | lr 2.66e-05 | gpu 952MB
15:09:30 [train] ep73 step  12/19 | loss 0.0052 (pos 0.053/neg 0.002) | sup 527+/8848- | seedF1 0.750 | subgraph n=9,375 e=30,068 | lr 2.58e-05 | gpu 952MB
15:09:31 [train] ep73 step  17/19 | loss 0.0057 (pos 0.062/neg 0.002) | sup 531+/8542- | seedF1 0.756 | subgraph n=9,073 e=29,480 | lr 2.51e-05 | gpu 952MB
15:09:32 ┌────────────────────────────────────────────────────────────────────────────
15:09:32 │ EPOCH  73/80  train_loss 0.0050 (pos 0.053 / neg 0.002)  seedF1 0.756  2.0s  (92985 seeds/s)  eta ~0.2min
15:09:32 │ VAL  AUROC 0.9683 | AUPRC 0.7103 (base 0.0141) | F1 0.7042 (thr 0.825) | P 0.9432 R 0.5618 | MCC 0.7252
15:09:32 │ best AUPRC 0.7154 @ ep57   patience 4/20
15:09:32 └────────────────────────────────────────────────────────────────────────────
15:09:32 [train] ep74 step   1/19 | loss 0.0052 (pos 0.063/neg 0.002) | sup 460+/9103- | seedF1 0.749 | subgraph n=9,563 e=30,655 | lr 2.47e-05 | gpu 952MB
15:09:32 [train] ep74 step   3/19 | loss 0.0046 (pos 0.050/neg 0.002) | sup 514+/9134- | seedF1 0.764 | subgraph n=9,648 e=30,864 | lr 2.44e-05 | gpu 952MB
15:09:33 [train] ep74 step   8/19 | loss 0.0048 (pos 0.047/neg 0.002) | sup 559+/9328- | seedF1 0.747 | subgraph n=9,887 e=31,508 | lr 2.37e-05 | gpu 952MB
15:09:33 [train] ep74 step  13/19 | loss 0.0047 (pos 0.056/neg 0.002) | sup 446+/8462- | seedF1 0.756 | subgraph n=8,908 e=28,638 | lr 2.30e-05 | gpu 952MB
15:09:34 [train] ep74 step  18/19 | loss 0.0050 (pos 0.052/neg 0.002) | sup 505+/8700- | seedF1 0.754 | subgraph n=9,205 e=29,261 | lr 2.23e-05 | gpu 952MB
15:09:35 ┌────────────────────────────────────────────────────────────────────────────
15:09:35 │ EPOCH  74/80  train_loss 0.0051 (pos 0.055 / neg 0.002)  seedF1 0.756  1.9s  (95383 seeds/s)  eta ~0.2min
15:09:35 │ VAL  AUROC 0.9682 | AUPRC 0.7071 (base 0.0141) | F1 0.7038 (thr 0.825) | P 0.9277 R 0.5670 | MCC 0.7224
15:09:35 │ best AUPRC 0.7154 @ ep57   patience 3/20
15:09:35 └────────────────────────────────────────────────────────────────────────────
15:09:35 [train] ep75 step   1/19 | loss 0.0062 (pos 0.074/neg 0.002) | sup 503+/8745- | seedF1 0.722 | subgraph n=9,248 e=29,751 | lr 2.21e-05 | gpu 952MB
15:09:35 [train] ep75 step   4/19 | loss 0.0051 (pos 0.052/neg 0.003) | sup 498+/9112- | seedF1 0.742 | subgraph n=9,610 e=30,600 | lr 2.17e-05 | gpu 952MB
15:09:36 [train] ep75 step   9/19 | loss 0.0055 (pos 0.058/neg 0.002) | sup 495+/8624- | seedF1 0.754 | subgraph n=9,119 e=29,083 | lr 2.11e-05 | gpu 952MB
15:09:36 [train] ep75 step  14/19 | loss 0.0048 (pos 0.054/neg 0.002) | sup 464+/9026- | seedF1 0.758 | subgraph n=9,490 e=30,309 | lr 2.06e-05 | gpu 952MB
15:09:37 [train] ep75 step  19/19 | loss 0.0065 (pos 0.085/neg 0.002) | sup 500+/8953- | seedF1 0.755 | subgraph n=9,453 e=30,495 | lr 2.00e-05 | gpu 952MB
15:09:38 ┌────────────────────────────────────────────────────────────────────────────
15:09:38 │ EPOCH  75/80  train_loss 0.0052 (pos 0.056 / neg 0.002)  seedF1 0.755  1.9s  (93095 seeds/s)  eta ~0.2min
15:09:38 │ VAL  AUROC 0.9681 | AUPRC 0.7098 (base 0.0141) | F1 0.7057 (thr 0.812) | P 0.9205 R 0.5722 | MCC 0.7229
15:09:38 │ best AUPRC 0.7154 @ ep57   patience 2/20
15:09:38 └────────────────────────────────────────────────────────────────────────────
15:09:38 [train] ep76 step   1/19 | loss 0.0055 (pos 0.061/neg 0.002) | sup 537+/8729- | seedF1 0.751 | subgraph n=9,266 e=29,356 | lr 1.99e-05 | gpu 952MB
15:09:38 [train] ep76 step   5/19 | loss 0.0051 (pos 0.053/neg 0.002) | sup 488+/8289- | seedF1 0.762 | subgraph n=8,777 e=28,130 | lr 1.95e-05 | gpu 952MB
15:09:39 [train] ep76 step  10/19 | loss 0.0054 (pos 0.064/neg 0.002) | sup 446+/8412- | seedF1 0.754 | subgraph n=8,858 e=28,794 | lr 1.90e-05 | gpu 952MB
15:09:39 [train] ep76 step  15/19 | loss 0.0045 (pos 0.050/neg 0.002) | sup 498+/9451- | seedF1 0.753 | subgraph n=9,949 e=31,728 | lr 1.86e-05 | gpu 952MB
15:09:41 ┌────────────────────────────────────────────────────────────────────────────
15:09:41 │ EPOCH  76/80  train_loss 0.0052 (pos 0.056 / neg 0.002)  seedF1 0.760  1.9s  (93200 seeds/s)  eta ~0.1min
15:09:41 │ VAL  AUROC 0.9680 | AUPRC 0.7054 (base 0.0141) | F1 0.7031 (thr 0.831) | P 0.9431 R 0.5605 | MCC 0.7243
15:09:41 │ best AUPRC 0.7154 @ ep57   patience 1/20
15:09:41 └────────────────────────────────────────────────────────────────────────────
15:09:41 [train] ep77 step   1/19 | loss 0.0044 (pos 0.047/neg 0.002) | sup 518+/9763- | seedF1 0.708 | subgraph n=10,281 e=32,609 | lr 1.81e-05 | gpu 952MB
15:09:41 [train] ep77 step   6/19 | loss 0.0047 (pos 0.045/neg 0.003) | sup 449+/8792- | seedF1 0.752 | subgraph n=9,241 e=29,727 | lr 1.77e-05 | gpu 952MB
15:09:42 [train] ep77 step  11/19 | loss 0.0052 (pos 0.045/neg 0.002) | sup 521+/7653- | seedF1 0.741 | subgraph n=8,174 e=26,555 | lr 1.74e-05 | gpu 952MB
15:09:42 [train] ep77 step  16/19 | loss 0.0052 (pos 0.053/neg 0.002) | sup 471+/8150- | seedF1 0.736 | subgraph n=8,621 e=27,182 | lr 1.70e-05 | gpu 952MB
15:09:44 ┌────────────────────────────────────────────────────────────────────────────
15:09:44 │ EPOCH  77/80  train_loss 0.0052 (pos 0.055 / neg 0.002)  seedF1 0.731  1.9s  (93394 seeds/s)  eta ~0.1min
15:09:44 │ VAL  AUROC 0.9684 | AUPRC 0.7096 (base 0.0141) | F1 0.7053 (thr 0.816) | P 0.9260 R 0.5696 | MCC 0.7234
15:09:44 │ best AUPRC 0.7154 @ ep57   patience 0/20
15:09:44 └────────────────────────────────────────────────────────────────────────────
15:09:44 [train] early stopping: no AUPRC improvement for 20 epochs.
15:09:44 [eval] loaded checkpoint runs\20260807_150601_ens_member_2024\best.pt (epoch 57)
15:09:45 ── VALIDATION ────────────────────────────────────────────────────
  events=54,356  positives=769  pos_rate=1.41%
  ranking:   AUROC=0.9692   AUPRC=0.7154   (baseline AP=0.0141, lift x50.6)
  @thr=0.778:  F1=0.7128   P=0.9180   R=0.5826   MCC=0.7285
  @thr=0.50:  F1=0.4152
  confusion: TN=53,547  FP=40  FN=321  TP=448
  triage:    precision@K(=n_pos)=0.6411  (lift x45.3 over random)
──────────────────────────────────────────────────────────────────
15:09:47 ── TEST ──────────────────────────────────────────────────────────
  events=60,664  positives=779  pos_rate=1.28%
  ranking:   AUROC=0.9795   AUPRC=0.7423   (baseline AP=0.0128, lift x57.8)
  @thr=0.778:  F1=0.7384   P=0.9098   R=0.6213   MCC=0.7493
  @thr=0.50:  F1=0.4311
  confusion: TN=59,837  FP=48  FN=295  TP=484
  triage:    precision@K(=n_pos)=0.6611  (lift x51.5 over random)
──────────────────────────────────────────────────────────────────
15:09:47 [eval] mean attention per edge, per provenance relation (what the model leans on, normalised for edge volume):
15:09:47 [eval]   NET_TRIGGER       19.0%  #######
15:09:47 [eval]   CONFIG_TRIGGER    18.5%  #######
15:09:47 [eval]   PROCESS_CHILD     17.4%  ######
15:09:47 [eval]   SESSION_ACTION    15.6%  ######
15:09:47 [eval]   HOST_SEQUENCE     15.2%  ######
15:09:47 [eval]   USER_SEQUENCE     14.3%  #####
15:09:47 ── TEST (alt operating point: recall) ────────────────────────────
  events=60,664  positives=779  pos_rate=1.28%
  ranking:   AUROC=0.9795   AUPRC=0.7423   (baseline AP=0.0128, lift x57.8)
  @thr=0.253:  F1=0.2500   P=0.1445   R=0.9243   MCC=0.3498
  @thr=0.50:  F1=0.4311
  confusion: TN=55,623  FP=4,262  FN=59  TP=720
  triage:    precision@K(=n_pos)=0.6611  (lift x51.5 over random)
──────────────────────────────────────────────────────────────────
15:09:47 [eval] rewire ablation: permuting edge destinations (degrees kept, topology destroyed) ...
15:11:34 ── TEST (REWIRE ablation) ────────────────────────────────────────
  events=60,664  positives=779  pos_rate=1.28%
  ranking:   AUROC=0.7539   AUPRC=0.2016   (baseline AP=0.0128, lift x15.7)
  @thr=0.778:  F1=0.2409   P=0.5214   R=0.1566   MCC=0.2811
  @thr=0.50:  F1=0.2356
  confusion: TN=59,773  FP=112  FN=657  TP=122
  triage:    precision@K(=n_pos)=0.2542  (lift x19.8 over random)
──────────────────────────────────────────────────────────────────
15:11:34 [eval] AUPRC drop from rewiring: 0.7423 -> 0.2016  (delta +0.5407). Model depends on graph structure as intended.
15:11:35 [eval] report -> runs\20260807_150601_ens_member_2024\eval_report.json
15:11:35 [run ] done.
