06:42:54 ==============================================================================
06:42:54 EVENT-PROVENANCE RGAT  |  focal loss  |  neighbourhood sampling
06:42:54 ==============================================================================
06:42:54 ==============================================================================
EVENT-PROVENANCE SCHEMA (KQL contract)
==============================================================================
event types (6):  SignIn, ProcessCreate, NetworkConnection, FileActivity, SystemConfig, DnsQuery
relations   (6):  PROCESS_CHILD, SESSION_ACTION, HOST_SEQUENCE, USER_SEQUENCE, NET_TRIGGER, CONFIG_TRIGGER
------------------------------------------------------------------------------
feature block             offset   dim  kind
etype_onehot                   0     6  onehot
hour_sin_cos                   6     2  dense
dow_sin_cos                    8     2  dense
host_role_onehot              10     6  onehot
os_onehot                     16     2  onehot
user_role_onehot              18     3  onehot
auth_flags                    21     4  dense
integrity_onehot              25     3  onehot
net_flags                     28     2  dense
protocol_onehot               30     3  onehot
port_class_onehot             33     4  onehot
log_bytes                     37     1  dense
process_cat_onehot            38    14  onehot
file_cat_onehot               52     9  onehot
file_action_onehot            61     4  onehot
config_kind_onehot            65     5  onehot
dns_feats                     70     2  dense
cmdline_feats                 72     6  dense
behaviour_feats               78     4  dense
TOTAL node features                 82
edge features: 8  (log_dt_min + dt bucket onehot + log_bytes)
==============================================================================
06:42:54 [run ] run dir: runs\20260807_064254_full_rgat
06:42:54 [env ] CUDA device: NVIDIA GeForce RTX 5060  VRAM 8.0 GB  torch 2.11.0+cu128
06:42:54 [data] loading cached dataset from data\graph_379e9ca37e81.pt
06:42:54 [data]   nodes=400,024
[data]   PROCESS_CHILD    edges=   44,628
[data]   SESSION_ACTION   edges=   24,034
[data]   HOST_SEQUENCE    edges=  291,894
[data]   USER_SEQUENCE    edges=  314,132
[data]   NET_TRIGGER      edges=    8,005
[data]   CONFIG_TRIGGER   edges=    3,940
[data]   split train: nodes= 274,051  positive= 1,145  pos_rate=0.42%
[data]   split val  : nodes=  53,954  positive=   367  pos_rate=0.68%
[data]   split test : nodes=  60,253  positive=   368  pos_rate=0.61%
06:42:54 [model] EventProvenanceRGAT  layers=3 hidden=96 heads=4 params=210,829
06:42:54 [loss ] focal loss  gamma=2.0 alpha=0.8
06:42:54 [train] 40 epochs x 120 steps (seeds/batch=512, pos=256/neg=256)
06:42:55 [train] ep 1 step   1/120 | loss 0.1311 (pos 0.176/neg 0.030) | seeds 335+/149- | seedF1 0.290 | subgraph n=1,903 e=2,434 | lr 2.12e-04 | gpu 52MB
06:42:55 [train] ep 1 step   5/120 | loss 0.1028 (pos 0.132/neg 0.040) | seeds 329+/155- | seedF1 0.504 | subgraph n=1,980 e=2,547 | lr 2.60e-04 | gpu 58MB
06:42:55 [train] ep 1 step  10/120 | loss 0.0776 (pos 0.088/neg 0.055) | seeds 332+/151- | seedF1 0.653 | subgraph n=1,962 e=2,512 | lr 3.20e-04 | gpu 58MB
06:42:55 [train] ep 1 step  15/120 | loss 0.0579 (pos 0.049/neg 0.079) | seeds 341+/139- | seedF1 0.714 | subgraph n=1,857 e=2,361 | lr 3.80e-04 | gpu 58MB
06:42:55 [train] ep 1 step  20/120 | loss 0.0527 (pos 0.029/neg 0.110) | seeds 343+/143- | seedF1 0.744 | subgraph n=1,879 e=2,411 | lr 4.40e-04 | gpu 58MB
06:42:55 [train] ep 1 step  25/120 | loss 0.0537 (pos 0.022/neg 0.117) | seeds 320+/158- | seedF1 0.759 | subgraph n=1,972 e=2,515 | lr 5.00e-04 | gpu 60MB
06:42:56 [train] ep 1 step  30/120 | loss 0.0441 (pos 0.026/neg 0.087) | seeds 345+/146- | seedF1 0.769 | subgraph n=1,986 e=2,566 | lr 5.60e-04 | gpu 60MB
06:42:56 [train] ep 1 step  35/120 | loss 0.0410 (pos 0.032/neg 0.060) | seeds 332+/151- | seedF1 0.777 | subgraph n=1,945 e=2,518 | lr 6.20e-04 | gpu 60MB
06:42:56 [train] ep 1 step  40/120 | loss 0.0372 (pos 0.023/neg 0.069) | seeds 336+/151- | seedF1 0.786 | subgraph n=1,992 e=2,596 | lr 6.80e-04 | gpu 60MB
06:42:56 [train] ep 1 step  45/120 | loss 0.0363 (pos 0.016/neg 0.079) | seeds 336+/157- | seedF1 0.794 | subgraph n=1,898 e=2,435 | lr 7.40e-04 | gpu 60MB
06:42:56 [train] ep 1 step  50/120 | loss 0.0319 (pos 0.018/neg 0.060) | seeds 328+/160- | seedF1 0.802 | subgraph n=1,869 e=2,348 | lr 8.00e-04 | gpu 60MB
06:42:56 [train] ep 1 step  55/120 | loss 0.0269 (pos 0.015/neg 0.050) | seeds 320+/162- | seedF1 0.810 | subgraph n=2,016 e=2,619 | lr 8.60e-04 | gpu 60MB
06:42:56 [train] ep 1 step  60/120 | loss 0.0258 (pos 0.012/neg 0.054) | seeds 322+/158- | seedF1 0.817 | subgraph n=1,975 e=2,518 | lr 9.20e-04 | gpu 60MB
06:42:56 [train] ep 1 step  65/120 | loss 0.0209 (pos 0.013/neg 0.037) | seeds 324+/159- | seedF1 0.824 | subgraph n=1,982 e=2,528 | lr 9.80e-04 | gpu 60MB
06:42:57 [train] ep 1 step  70/120 | loss 0.0194 (pos 0.007/neg 0.045) | seeds 333+/154- | seedF1 0.831 | subgraph n=1,967 e=2,474 | lr 1.04e-03 | gpu 60MB
06:42:57 [train] ep 1 step  75/120 | loss 0.0132 (pos 0.008/neg 0.026) | seeds 356+/136- | seedF1 0.838 | subgraph n=2,002 e=2,597 | lr 1.10e-03 | gpu 60MB
06:42:57 [train] ep 1 step  80/120 | loss 0.0198 (pos 0.009/neg 0.048) | seeds 345+/139- | seedF1 0.843 | subgraph n=1,951 e=2,503 | lr 1.16e-03 | gpu 60MB
06:42:57 [train] ep 1 step  85/120 | loss 0.0140 (pos 0.007/neg 0.033) | seeds 357+/136- | seedF1 0.849 | subgraph n=2,003 e=2,654 | lr 1.22e-03 | gpu 60MB
06:42:57 [train] ep 1 step  90/120 | loss 0.0176 (pos 0.012/neg 0.030) | seeds 341+/146- | seedF1 0.854 | subgraph n=2,050 e=2,650 | lr 1.28e-03 | gpu 60MB
06:42:57 [train] ep 1 step  95/120 | loss 0.0155 (pos 0.007/neg 0.032) | seeds 316+/165- | seedF1 0.859 | subgraph n=1,902 e=2,446 | lr 1.34e-03 | gpu 60MB
06:42:57 [train] ep 1 step 100/120 | loss 0.0112 (pos 0.007/neg 0.020) | seeds 341+/153- | seedF1 0.863 | subgraph n=1,880 e=2,395 | lr 1.40e-03 | gpu 60MB
06:42:57 [train] ep 1 step 105/120 | loss 0.0110 (pos 0.005/neg 0.026) | seeds 347+/142- | seedF1 0.868 | subgraph n=1,994 e=2,552 | lr 1.46e-03 | gpu 60MB
06:42:58 [train] ep 1 step 110/120 | loss 0.0111 (pos 0.005/neg 0.023) | seeds 330+/158- | seedF1 0.871 | subgraph n=2,019 e=2,622 | lr 1.52e-03 | gpu 60MB
06:42:58 [train] ep 1 step 115/120 | loss 0.0122 (pos 0.007/neg 0.023) | seeds 330+/153- | seedF1 0.875 | subgraph n=1,943 e=2,477 | lr 1.58e-03 | gpu 60MB
06:42:58 [train] ep 1 step 120/120 | loss 0.0104 (pos 0.003/neg 0.027) | seeds 342+/146- | seedF1 0.878 | subgraph n=1,953 e=2,563 | lr 1.64e-03 | gpu 60MB
06:42:58 ┌────────────────────────────────────────────────────────────────────────────
06:42:58 │ EPOCH   1/40  train_loss 0.0338 (pos 0.026 / neg 0.051)  seedF1 0.878  3.7s  (15815 seeds/s)  eta ~2.4min
06:42:58 │ VAL  AUROC 0.9229 | AUPRC 0.0968 (base 0.0068) | F1 0.1698 (thr 0.959) | P 0.1799 R 0.1608 | MCC 0.1647
06:42:58 │ best AUPRC 0.0968 @ ep1   ** improved **
06:42:58 └────────────────────────────────────────────────────────────────────────────
06:42:58 [train] ep 2 step   1/120 | loss 0.0100 (pos 0.004/neg 0.023) | seeds 340+/149- | seedF1 0.187 | subgraph n=1,980 e=2,543 | lr 1.65e-03 | gpu 60MB
06:42:58 [train] ep 2 step   5/120 | loss 0.0124 (pos 0.011/neg 0.015) | seeds 343+/142- | seedF1 0.169 | subgraph n=1,975 e=2,547 | lr 1.70e-03 | gpu 60MB
06:42:58 [train] ep 2 step  10/120 | loss 0.0097 (pos 0.003/neg 0.024) | seeds 324+/159- | seedF1 0.184 | subgraph n=1,889 e=2,432 | lr 1.76e-03 | gpu 60MB
06:42:59 [train] ep 2 step  15/120 | loss 0.0118 (pos 0.006/neg 0.025) | seeds 328+/154- | seedF1 0.203 | subgraph n=1,828 e=2,277 | lr 1.82e-03 | gpu 60MB
06:42:59 [train] ep 2 step  20/120 | loss 0.0099 (pos 0.004/neg 0.021) | seeds 324+/162- | seedF1 0.238 | subgraph n=1,893 e=2,452 | lr 1.88e-03 | gpu 60MB
06:42:59 [train] ep 2 step  25/120 | loss 0.0114 (pos 0.007/neg 0.023) | seeds 344+/146- | seedF1 0.247 | subgraph n=1,966 e=2,547 | lr 1.94e-03 | gpu 60MB
06:42:59 [train] ep 2 step  30/120 | loss 0.0092 (pos 0.008/neg 0.012) | seeds 328+/153- | seedF1 0.247 | subgraph n=1,945 e=2,486 | lr 2.00e-03 | gpu 60MB
06:42:59 [train] ep 2 step  35/120 | loss 0.0086 (pos 0.003/neg 0.021) | seeds 346+/147- | seedF1 0.254 | subgraph n=1,908 e=2,463 | lr 2.00e-03 | gpu 60MB
06:42:59 [train] ep 2 step  40/120 | loss 0.0082 (pos 0.006/neg 0.014) | seeds 337+/153- | seedF1 0.271 | subgraph n=2,027 e=2,609 | lr 2.00e-03 | gpu 60MB
06:42:59 [train] ep 2 step  45/120 | loss 0.0063 (pos 0.002/neg 0.015) | seeds 330+/147- | seedF1 0.299 | subgraph n=2,002 e=2,547 | lr 2.00e-03 | gpu 60MB
06:42:59 [train] ep 2 step  50/120 | loss 0.0085 (pos 0.006/neg 0.014) | seeds 340+/156- | seedF1 0.325 | subgraph n=2,047 e=2,604 | lr 2.00e-03 | gpu 60MB
06:42:59 [train] ep 2 step  55/120 | loss 0.0070 (pos 0.004/neg 0.014) | seeds 334+/151- | seedF1 0.367 | subgraph n=1,960 e=2,526 | lr 2.00e-03 | gpu 60MB
06:42:59 [train] ep 2 step  60/120 | loss 0.0071 (pos 0.003/neg 0.018) | seeds 344+/145- | seedF1 0.396 | subgraph n=1,959 e=2,542 | lr 2.00e-03 | gpu 60MB
06:43:00 [train] ep 2 step  65/120 | loss 0.0060 (pos 0.003/neg 0.013) | seeds 352+/140- | seedF1 0.423 | subgraph n=1,919 e=2,430 | lr 2.00e-03 | gpu 60MB
06:43:00 [train] ep 2 step  70/120 | loss 0.0081 (pos 0.006/neg 0.013) | seeds 328+/157- | seedF1 0.437 | subgraph n=1,950 e=2,475 | lr 2.00e-03 | gpu 60MB
06:43:00 [train] ep 2 step  75/120 | loss 0.0057 (pos 0.004/neg 0.010) | seeds 331+/154- | seedF1 0.448 | subgraph n=1,986 e=2,554 | lr 2.00e-03 | gpu 60MB
06:43:00 [train] ep 2 step  80/120 | loss 0.0093 (pos 0.006/neg 0.016) | seeds 333+/157- | seedF1 0.456 | subgraph n=2,014 e=2,598 | lr 2.00e-03 | gpu 60MB
06:43:00 [train] ep 2 step  85/120 | loss 0.0084 (pos 0.006/neg 0.014) | seeds 346+/133- | seedF1 0.466 | subgraph n=1,974 e=2,560 | lr 2.00e-03 | gpu 62MB
06:43:00 [train] ep 2 step  90/120 | loss 0.0067 (pos 0.003/neg 0.014) | seeds 329+/152- | seedF1 0.473 | subgraph n=1,993 e=2,577 | lr 2.00e-03 | gpu 62MB
06:43:00 [train] ep 2 step  95/120 | loss 0.0065 (pos 0.003/neg 0.013) | seeds 331+/148- | seedF1 0.482 | subgraph n=2,027 e=2,647 | lr 2.00e-03 | gpu 62MB
06:43:00 [train] ep 2 step 100/120 | loss 0.0053 (pos 0.001/neg 0.014) | seeds 333+/150- | seedF1 0.493 | subgraph n=2,071 e=2,704 | lr 2.00e-03 | gpu 62MB
06:43:00 [train] ep 2 step 105/120 | loss 0.0050 (pos 0.004/neg 0.007) | seeds 330+/149- | seedF1 0.508 | subgraph n=1,954 e=2,508 | lr 2.00e-03 | gpu 62MB
06:43:01 [train] ep 2 step 110/120 | loss 0.0060 (pos 0.004/neg 0.010) | seeds 341+/143- | seedF1 0.524 | subgraph n=1,917 e=2,467 | lr 2.00e-03 | gpu 62MB
06:43:01 [train] ep 2 step 115/120 | loss 0.0053 (pos 0.004/neg 0.008) | seeds 323+/159- | seedF1 0.538 | subgraph n=1,946 e=2,485 | lr 2.00e-03 | gpu 62MB
06:43:01 [train] ep 2 step 120/120 | loss 0.0055 (pos 0.003/neg 0.010) | seeds 329+/153- | seedF1 0.549 | subgraph n=2,028 e=2,628 | lr 2.00e-03 | gpu 62MB
06:43:01 ┌────────────────────────────────────────────────────────────────────────────
06:43:01 │ EPOCH   2/40  train_loss 0.0077 (pos 0.004 / neg 0.015)  seedF1 0.549  2.6s  (22663 seeds/s)  eta ~1.6min
06:43:01 │ VAL  AUROC 0.8911 | AUPRC 0.0485 (base 0.0068) | F1 0.0987 (thr 0.988) | P 0.1093 R 0.0899 | MCC 0.0935
06:43:01 │ best AUPRC 0.0968 @ ep1   patience 7/8
06:43:01 └────────────────────────────────────────────────────────────────────────────
06:43:01 [train] ep 3 step   1/120 | loss 0.0044 (pos 0.002/neg 0.011) | seeds 338+/146- | seedF1 0.090 | subgraph n=1,897 e=2,393 | lr 2.00e-03 | gpu 62MB
06:43:01 [train] ep 3 step   5/120 | loss 0.0045 (pos 0.003/neg 0.008) | seeds 352+/134- | seedF1 0.099 | subgraph n=1,834 e=2,330 | lr 2.00e-03 | gpu 62MB
06:43:01 [train] ep 3 step  10/120 | loss 0.0058 (pos 0.003/neg 0.012) | seeds 327+/163- | seedF1 0.089 | subgraph n=2,034 e=2,636 | lr 2.00e-03 | gpu 62MB
06:43:02 [train] ep 3 step  15/120 | loss 0.0063 (pos 0.005/neg 0.010) | seeds 330+/151- | seedF1 0.075 | subgraph n=1,836 e=2,336 | lr 2.00e-03 | gpu 62MB
06:43:02 [train] ep 3 step  20/120 | loss 0.0046 (pos 0.002/neg 0.010) | seeds 342+/145- | seedF1 0.079 | subgraph n=2,023 e=2,602 | lr 2.00e-03 | gpu 62MB
06:43:02 [train] ep 3 step  25/120 | loss 0.0073 (pos 0.005/neg 0.013) | seeds 339+/148- | seedF1 0.076 | subgraph n=1,883 e=2,418 | lr 2.00e-03 | gpu 62MB
06:43:02 [train] ep 3 step  30/120 | loss 0.0056 (pos 0.003/neg 0.011) | seeds 324+/154- | seedF1 0.071 | subgraph n=1,959 e=2,543 | lr 2.00e-03 | gpu 62MB
06:43:02 [train] ep 3 step  35/120 | loss 0.0045 (pos 0.002/neg 0.009) | seeds 330+/154- | seedF1 0.067 | subgraph n=2,065 e=2,683 | lr 2.00e-03 | gpu 62MB
06:43:02 [train] ep 3 step  40/120 | loss 0.0045 (pos 0.004/neg 0.006) | seeds 325+/159- | seedF1 0.072 | subgraph n=2,022 e=2,575 | lr 2.00e-03 | gpu 62MB
06:43:02 [train] ep 3 step  45/120 | loss 0.0051 (pos 0.002/neg 0.012) | seeds 323+/157- | seedF1 0.075 | subgraph n=2,006 e=2,582 | lr 2.00e-03 | gpu 62MB
06:43:02 [train] ep 3 step  50/120 | loss 0.0076 (pos 0.007/neg 0.008) | seeds 329+/161- | seedF1 0.078 | subgraph n=1,982 e=2,514 | lr 2.00e-03 | gpu 62MB
06:43:02 [train] ep 3 step  55/120 | loss 0.0046 (pos 0.002/neg 0.010) | seeds 340+/148- | seedF1 0.080 | subgraph n=1,988 e=2,561 | lr 2.00e-03 | gpu 62MB
06:43:02 [train] ep 3 step  60/120 | loss 0.0056 (pos 0.003/neg 0.012) | seeds 331+/156- | seedF1 0.082 | subgraph n=1,979 e=2,528 | lr 2.00e-03 | gpu 62MB
06:43:03 [train] ep 3 step  65/120 | loss 0.0041 (pos 0.002/neg 0.009) | seeds 330+/155- | seedF1 0.082 | subgraph n=2,033 e=2,643 | lr 1.99e-03 | gpu 62MB
06:43:03 [train] ep 3 step  70/120 | loss 0.0038 (pos 0.003/neg 0.005) | seeds 337+/154- | seedF1 0.082 | subgraph n=1,963 e=2,518 | lr 1.99e-03 | gpu 62MB
06:43:03 [train] ep 3 step  75/120 | loss 0.0030 (pos 0.001/neg 0.007) | seeds 331+/153- | seedF1 0.086 | subgraph n=1,904 e=2,429 | lr 1.99e-03 | gpu 62MB
06:43:03 [train] ep 3 step  80/120 | loss 0.0035 (pos 0.002/neg 0.007) | seeds 328+/156- | seedF1 0.090 | subgraph n=1,916 e=2,427 | lr 1.99e-03 | gpu 62MB
06:43:03 [train] ep 3 step  85/120 | loss 0.0050 (pos 0.005/neg 0.004) | seeds 326+/157- | seedF1 0.093 | subgraph n=2,015 e=2,616 | lr 1.99e-03 | gpu 62MB
06:43:03 [train] ep 3 step  90/120 | loss 0.0048 (pos 0.003/neg 0.009) | seeds 323+/160- | seedF1 0.105 | subgraph n=1,852 e=2,401 | lr 1.99e-03 | gpu 62MB
06:43:03 [train] ep 3 step  95/120 | loss 0.0040 (pos 0.004/neg 0.005) | seeds 337+/154- | seedF1 0.117 | subgraph n=1,941 e=2,429 | lr 1.99e-03 | gpu 62MB
06:43:03 [train] ep 3 step 100/120 | loss 0.0052 (pos 0.002/neg 0.012) | seeds 320+/161- | seedF1 0.126 | subgraph n=1,889 e=2,393 | lr 1.99e-03 | gpu 62MB
06:43:03 [train] ep 3 step 105/120 | loss 0.0030 (pos 0.002/neg 0.006) | seeds 333+/152- | seedF1 0.140 | subgraph n=1,933 e=2,382 | lr 1.99e-03 | gpu 62MB
06:43:03 [train] ep 3 step 110/120 | loss 0.0041 (pos 0.002/neg 0.008) | seeds 323+/160- | seedF1 0.149 | subgraph n=1,935 e=2,485 | lr 1.99e-03 | gpu 62MB
06:43:04 [train] ep 3 step 115/120 | loss 0.0043 (pos 0.002/neg 0.009) | seeds 319+/159- | seedF1 0.159 | subgraph n=1,885 e=2,441 | lr 1.99e-03 | gpu 62MB
06:43:04 [train] ep 3 step 120/120 | loss 0.0031 (pos 0.003/neg 0.004) | seeds 336+/154- | seedF1 0.167 | subgraph n=1,914 e=2,412 | lr 1.99e-03 | gpu 62MB
06:43:04 ┌────────────────────────────────────────────────────────────────────────────
06:43:04 │ EPOCH   3/40  train_loss 0.0048 (pos 0.003 / neg 0.009)  seedF1 0.167  2.5s  (23462 seeds/s)  eta ~1.5min
06:43:04 │ VAL  AUROC 0.8885 | AUPRC 0.0475 (base 0.0068) | F1 0.0989 (thr 0.985) | P 0.0588 R 0.3106 | MCC 0.1222
06:43:04 │ best AUPRC 0.0968 @ ep1   patience 6/8
06:43:04 └────────────────────────────────────────────────────────────────────────────
06:43:04 [train] ep 4 step   1/120 | loss 0.0029 (pos 0.002/neg 0.005) | seeds 327+/162- | seedF1 0.439 | subgraph n=2,002 e=2,574 | lr 1.99e-03 | gpu 62MB
06:43:04 [train] ep 4 step   5/120 | loss 0.0025 (pos 0.001/neg 0.006) | seeds 323+/162- | seedF1 0.457 | subgraph n=1,996 e=2,564 | lr 1.99e-03 | gpu 62MB
06:43:04 [train] ep 4 step  10/120 | loss 0.0018 (pos 0.002/neg 0.002) | seeds 331+/158- | seedF1 0.512 | subgraph n=2,094 e=2,757 | lr 1.99e-03 | gpu 62MB
06:43:04 [train] ep 4 step  15/120 | loss 0.0025 (pos 0.002/neg 0.003) | seeds 343+/145- | seedF1 0.535 | subgraph n=1,966 e=2,496 | lr 1.99e-03 | gpu 62MB
06:43:05 [train] ep 4 step  20/120 | loss 0.0044 (pos 0.004/neg 0.004) | seeds 330+/153- | seedF1 0.525 | subgraph n=1,966 e=2,534 | lr 1.99e-03 | gpu 62MB
06:43:05 [train] ep 4 step  25/120 | loss 0.0016 (pos 0.001/neg 0.003) | seeds 342+/149- | seedF1 0.511 | subgraph n=1,924 e=2,439 | lr 1.99e-03 | gpu 62MB
06:43:05 [train] ep 4 step  30/120 | loss 0.0033 (pos 0.003/neg 0.004) | seeds 331+/157- | seedF1 0.498 | subgraph n=1,884 e=2,395 | lr 1.99e-03 | gpu 62MB
06:43:05 [train] ep 4 step  35/120 | loss 0.0027 (pos 0.002/neg 0.004) | seeds 341+/142- | seedF1 0.485 | subgraph n=1,964 e=2,517 | lr 1.99e-03 | gpu 62MB
06:43:05 [train] ep 4 step  40/120 | loss 0.0024 (pos 0.001/neg 0.006) | seeds 334+/154- | seedF1 0.488 | subgraph n=1,946 e=2,481 | lr 1.99e-03 | gpu 62MB
06:43:05 [train] ep 4 step  45/120 | loss 0.0015 (pos 0.001/neg 0.003) | seeds 331+/155- | seedF1 0.494 | subgraph n=1,904 e=2,384 | lr 1.99e-03 | gpu 62MB
06:43:05 [train] ep 4 step  50/120 | loss 0.0027 (pos 0.000/neg 0.008) | seeds 337+/151- | seedF1 0.502 | subgraph n=1,983 e=2,557 | lr 1.99e-03 | gpu 62MB
06:43:05 [train] ep 4 step  55/120 | loss 0.0021 (pos 0.002/neg 0.003) | seeds 355+/139- | seedF1 0.510 | subgraph n=1,993 e=2,577 | lr 1.98e-03 | gpu 62MB
06:43:06 [train] ep 4 step  60/120 | loss 0.0024 (pos 0.000/neg 0.006) | seeds 311+/166- | seedF1 0.519 | subgraph n=1,893 e=2,371 | lr 1.98e-03 | gpu 62MB
06:43:06 [train] ep 4 step  65/120 | loss 0.0012 (pos 0.001/neg 0.002) | seeds 328+/161- | seedF1 0.530 | subgraph n=1,981 e=2,554 | lr 1.98e-03 | gpu 62MB
06:43:06 [train] ep 4 step  70/120 | loss 0.0013 (pos 0.001/neg 0.002) | seeds 328+/147- | seedF1 0.541 | subgraph n=1,811 e=2,300 | lr 1.98e-03 | gpu 62MB
06:43:06 [train] ep 4 step  75/120 | loss 0.0018 (pos 0.001/neg 0.005) | seeds 328+/154- | seedF1 0.550 | subgraph n=1,993 e=2,572 | lr 1.98e-03 | gpu 62MB
06:43:06 [train] ep 4 step  80/120 | loss 0.0026 (pos 0.002/neg 0.004) | seeds 329+/156- | seedF1 0.561 | subgraph n=1,983 e=2,521 | lr 1.98e-03 | gpu 62MB
06:43:06 [train] ep 4 step  85/120 | loss 0.0046 (pos 0.001/neg 0.013) | seeds 326+/158- | seedF1 0.573 | subgraph n=1,834 e=2,282 | lr 1.98e-03 | gpu 62MB
06:43:06 [train] ep 4 step  90/120 | loss 0.0027 (pos 0.002/neg 0.004) | seeds 339+/151- | seedF1 0.585 | subgraph n=1,857 e=2,392 | lr 1.98e-03 | gpu 62MB
06:43:06 [train] ep 4 step  95/120 | loss 0.0019 (pos 0.000/neg 0.005) | seeds 346+/145- | seedF1 0.591 | subgraph n=1,885 e=2,385 | lr 1.98e-03 | gpu 62MB
06:43:07 [train] ep 4 step 100/120 | loss 0.0018 (pos 0.000/neg 0.005) | seeds 327+/164- | seedF1 0.599 | subgraph n=2,038 e=2,604 | lr 1.98e-03 | gpu 62MB
06:43:07 [train] ep 4 step 105/120 | loss 0.0013 (pos 0.001/neg 0.001) | seeds 334+/151- | seedF1 0.598 | subgraph n=1,917 e=2,442 | lr 1.98e-03 | gpu 62MB
06:43:07 [train] ep 4 step 110/120 | loss 0.0035 (pos 0.001/neg 0.011) | seeds 343+/139- | seedF1 0.604 | subgraph n=2,010 e=2,557 | lr 1.98e-03 | gpu 62MB
06:43:07 [train] ep 4 step 115/120 | loss 0.0036 (pos 0.002/neg 0.006) | seeds 327+/157- | seedF1 0.607 | subgraph n=1,911 e=2,456 | lr 1.98e-03 | gpu 62MB
06:43:07 [train] ep 4 step 120/120 | loss 0.0030 (pos 0.001/neg 0.007) | seeds 332+/158- | seedF1 0.602 | subgraph n=1,911 e=2,489 | lr 1.98e-03 | gpu 62MB
06:43:07 ┌────────────────────────────────────────────────────────────────────────────
06:43:07 │ EPOCH   4/40  train_loss 0.0026 (pos 0.002 / neg 0.005)  seedF1 0.602  2.9s  (19909 seeds/s)  eta ~1.8min
06:43:07 │ VAL  AUROC 0.8611 | AUPRC 0.0355 (base 0.0068) | F1 0.0667 (thr 0.983) | P 0.0359 R 0.4714 | MCC 0.1109
06:43:07 │ best AUPRC 0.0968 @ ep1   patience 5/8
06:43:07 └────────────────────────────────────────────────────────────────────────────
06:43:07 [train] ep 5 step   1/120 | loss 0.0033 (pos 0.002/neg 0.006) | seeds 339+/150- | seedF1 0.630 | subgraph n=1,954 e=2,491 | lr 1.98e-03 | gpu 62MB
06:43:08 [train] ep 5 step   5/120 | loss 0.0039 (pos 0.001/neg 0.011) | seeds 325+/159- | seedF1 0.614 | subgraph n=1,911 e=2,463 | lr 1.98e-03 | gpu 62MB
06:43:08 [train] ep 5 step  10/120 | loss 0.0034 (pos 0.003/neg 0.004) | seeds 316+/163- | seedF1 0.578 | subgraph n=1,971 e=2,541 | lr 1.98e-03 | gpu 62MB
06:43:08 [train] ep 5 step  15/120 | loss 0.0010 (pos 0.000/neg 0.002) | seeds 329+/156- | seedF1 0.577 | subgraph n=1,898 e=2,453 | lr 1.97e-03 | gpu 62MB
06:43:08 [train] ep 5 step  20/120 | loss 0.0020 (pos 0.001/neg 0.003) | seeds 326+/158- | seedF1 0.604 | subgraph n=1,921 e=2,454 | lr 1.97e-03 | gpu 62MB
06:43:08 [train] ep 5 step  25/120 | loss 0.0024 (pos 0.001/neg 0.004) | seeds 318+/163- | seedF1 0.624 | subgraph n=1,922 e=2,468 | lr 1.97e-03 | gpu 62MB
06:43:08 [train] ep 5 step  30/120 | loss 0.0007 (pos 0.000/neg 0.002) | seeds 325+/158- | seedF1 0.634 | subgraph n=1,948 e=2,524 | lr 1.97e-03 | gpu 62MB
06:43:08 [train] ep 5 step  35/120 | loss 0.0020 (pos 0.001/neg 0.005) | seeds 340+/149- | seedF1 0.649 | subgraph n=1,953 e=2,522 | lr 1.97e-03 | gpu 62MB
06:43:08 [train] ep 5 step  40/120 | loss 0.0022 (pos 0.001/neg 0.005) | seeds 322+/161- | seedF1 0.655 | subgraph n=2,028 e=2,598 | lr 1.97e-03 | gpu 62MB
06:43:08 [train] ep 5 step  45/120 | loss 0.0044 (pos 0.001/neg 0.011) | seeds 321+/158- | seedF1 0.664 | subgraph n=1,888 e=2,411 | lr 1.97e-03 | gpu 62MB
06:43:09 [train] ep 5 step  50/120 | loss 0.0017 (pos 0.001/neg 0.002) | seeds 339+/154- | seedF1 0.669 | subgraph n=1,973 e=2,505 | lr 1.97e-03 | gpu 62MB
06:43:09 [train] ep 5 step  55/120 | loss 0.0011 (pos 0.000/neg 0.003) | seeds 349+/134- | seedF1 0.675 | subgraph n=2,026 e=2,598 | lr 1.97e-03 | gpu 62MB
06:43:09 [train] ep 5 step  60/120 | loss 0.0024 (pos 0.001/neg 0.006) | seeds 342+/147- | seedF1 0.684 | subgraph n=2,002 e=2,536 | lr 1.97e-03 | gpu 62MB
06:43:09 [train] ep 5 step  65/120 | loss 0.0025 (pos 0.001/neg 0.006) | seeds 340+/149- | seedF1 0.689 | subgraph n=1,937 e=2,475 | lr 1.97e-03 | gpu 62MB
06:43:09 [train] ep 5 step  70/120 | loss 0.0020 (pos 0.000/neg 0.006) | seeds 347+/140- | seedF1 0.693 | subgraph n=1,942 e=2,501 | lr 1.97e-03 | gpu 62MB
06:43:09 [train] ep 5 step  75/120 | loss 0.0019 (pos 0.001/neg 0.003) | seeds 323+/158- | seedF1 0.695 | subgraph n=1,983 e=2,522 | lr 1.96e-03 | gpu 62MB
06:43:09 [train] ep 5 step  80/120 | loss 0.0041 (pos 0.001/neg 0.011) | seeds 346+/141- | seedF1 0.696 | subgraph n=1,969 e=2,552 | lr 1.96e-03 | gpu 62MB
06:43:09 [train] ep 5 step  85/120 | loss 0.0039 (pos 0.000/neg 0.012) | seeds 338+/151- | seedF1 0.699 | subgraph n=1,977 e=2,515 | lr 1.96e-03 | gpu 62MB
06:43:09 [train] ep 5 step  90/120 | loss 0.0033 (pos 0.003/neg 0.005) | seeds 336+/147- | seedF1 0.700 | subgraph n=1,928 e=2,478 | lr 1.96e-03 | gpu 62MB
06:43:09 [train] ep 5 step  95/120 | loss 0.0028 (pos 0.001/neg 0.006) | seeds 331+/157- | seedF1 0.701 | subgraph n=1,917 e=2,427 | lr 1.96e-03 | gpu 62MB
06:43:10 [train] ep 5 step 100/120 | loss 0.0017 (pos 0.001/neg 0.003) | seeds 354+/142- | seedF1 0.704 | subgraph n=1,982 e=2,531 | lr 1.96e-03 | gpu 62MB
06:43:10 [train] ep 5 step 105/120 | loss 0.0041 (pos 0.004/neg 0.003) | seeds 332+/153- | seedF1 0.704 | subgraph n=2,027 e=2,602 | lr 1.96e-03 | gpu 62MB
06:43:10 [train] ep 5 step 110/120 | loss 0.0016 (pos 0.000/neg 0.004) | seeds 322+/163- | seedF1 0.700 | subgraph n=1,983 e=2,513 | lr 1.96e-03 | gpu 62MB
06:43:10 [train] ep 5 step 115/120 | loss 0.0018 (pos 0.002/neg 0.002) | seeds 344+/144- | seedF1 0.697 | subgraph n=1,947 e=2,497 | lr 1.96e-03 | gpu 62MB
06:43:10 [train] ep 5 step 120/120 | loss 0.0024 (pos 0.003/neg 0.001) | seeds 340+/149- | seedF1 0.696 | subgraph n=1,952 e=2,523 | lr 1.96e-03 | gpu 62MB
06:43:10 ┌────────────────────────────────────────────────────────────────────────────
06:43:10 │ EPOCH   5/40  train_loss 0.0023 (pos 0.001 / neg 0.004)  seedF1 0.696  2.5s  (22922 seeds/s)  eta ~1.5min
06:43:10 │ VAL  AUROC 0.9045 | AUPRC 0.0605 (base 0.0068) | F1 0.1226 (thr 0.992) | P 0.0853 R 0.2180 | MCC 0.1270
06:43:10 │ best AUPRC 0.0968 @ ep1   patience 4/8
06:43:10 └────────────────────────────────────────────────────────────────────────────
06:43:10 [train] ep 6 step   1/120 | loss 0.0020 (pos 0.002/neg 0.002) | seeds 334+/155- | seedF1 0.309 | subgraph n=1,921 e=2,459 | lr 1.96e-03 | gpu 62MB
06:43:11 [train] ep 6 step   5/120 | loss 0.0024 (pos 0.001/neg 0.006) | seeds 325+/153- | seedF1 0.345 | subgraph n=1,929 e=2,474 | lr 1.96e-03 | gpu 62MB
06:43:11 [train] ep 6 step  10/120 | loss 0.0018 (pos 0.001/neg 0.004) | seeds 341+/144- | seedF1 0.333 | subgraph n=2,009 e=2,592 | lr 1.95e-03 | gpu 62MB
06:43:11 [train] ep 6 step  15/120 | loss 0.0014 (pos 0.001/neg 0.003) | seeds 330+/155- | seedF1 0.330 | subgraph n=1,927 e=2,503 | lr 1.95e-03 | gpu 62MB
06:43:11 [train] ep 6 step  20/120 | loss 0.0017 (pos 0.001/neg 0.004) | seeds 331+/153- | seedF1 0.336 | subgraph n=1,931 e=2,464 | lr 1.95e-03 | gpu 62MB
06:43:11 [train] ep 6 step  25/120 | loss 0.0007 (pos 0.000/neg 0.002) | seeds 339+/151- | seedF1 0.349 | subgraph n=1,931 e=2,462 | lr 1.95e-03 | gpu 62MB
06:43:11 [train] ep 6 step  30/120 | loss 0.0010 (pos 0.001/neg 0.001) | seeds 332+/146- | seedF1 0.373 | subgraph n=1,919 e=2,476 | lr 1.95e-03 | gpu 62MB
06:43:11 [train] ep 6 step  35/120 | loss 0.0009 (pos 0.001/neg 0.001) | seeds 327+/156- | seedF1 0.395 | subgraph n=1,930 e=2,476 | lr 1.95e-03 | gpu 62MB
06:43:11 [train] ep 6 step  40/120 | loss 0.0010 (pos 0.000/neg 0.002) | seeds 318+/161- | seedF1 0.426 | subgraph n=2,016 e=2,590 | lr 1.95e-03 | gpu 62MB
06:43:11 [train] ep 6 step  45/120 | loss 0.0009 (pos 0.001/neg 0.001) | seeds 340+/149- | seedF1 0.446 | subgraph n=2,073 e=2,705 | lr 1.95e-03 | gpu 62MB
06:43:11 [train] ep 6 step  50/120 | loss 0.0015 (pos 0.001/neg 0.002) | seeds 343+/149- | seedF1 0.451 | subgraph n=2,031 e=2,624 | lr 1.95e-03 | gpu 62MB
06:43:12 [train] ep 6 step  55/120 | loss 0.0012 (pos 0.001/neg 0.003) | seeds 322+/158- | seedF1 0.457 | subgraph n=2,001 e=2,554 | lr 1.95e-03 | gpu 62MB
06:43:12 [train] ep 6 step  60/120 | loss 0.0010 (pos 0.001/neg 0.002) | seeds 356+/130- | seedF1 0.454 | subgraph n=2,007 e=2,632 | lr 1.94e-03 | gpu 62MB
06:43:12 [train] ep 6 step  65/120 | loss 0.0028 (pos 0.001/neg 0.007) | seeds 328+/155- | seedF1 0.461 | subgraph n=2,003 e=2,624 | lr 1.94e-03 | gpu 62MB
06:43:12 [train] ep 6 step  70/120 | loss 0.0012 (pos 0.001/neg 0.002) | seeds 317+/165- | seedF1 0.468 | subgraph n=1,982 e=2,584 | lr 1.94e-03 | gpu 62MB
06:43:12 [train] ep 6 step  75/120 | loss 0.0009 (pos 0.001/neg 0.001) | seeds 330+/159- | seedF1 0.463 | subgraph n=2,030 e=2,668 | lr 1.94e-03 | gpu 62MB
06:43:12 [train] ep 6 step  80/120 | loss 0.0014 (pos 0.001/neg 0.002) | seeds 315+/165- | seedF1 0.455 | subgraph n=1,933 e=2,464 | lr 1.94e-03 | gpu 62MB
06:43:12 [train] ep 6 step  85/120 | loss 0.0013 (pos 0.001/neg 0.002) | seeds 329+/152- | seedF1 0.446 | subgraph n=2,001 e=2,576 | lr 1.94e-03 | gpu 62MB
06:43:12 [train] ep 6 step  90/120 | loss 0.0042 (pos 0.000/neg 0.013) | seeds 328+/153- | seedF1 0.442 | subgraph n=1,920 e=2,445 | lr 1.94e-03 | gpu 62MB
06:43:12 [train] ep 6 step  95/120 | loss 0.0010 (pos 0.001/neg 0.001) | seeds 343+/146- | seedF1 0.437 | subgraph n=1,967 e=2,552 | lr 1.94e-03 | gpu 62MB
06:43:13 [train] ep 6 step 100/120 | loss 0.0018 (pos 0.000/neg 0.006) | seeds 342+/143- | seedF1 0.434 | subgraph n=2,001 e=2,591 | lr 1.94e-03 | gpu 62MB
06:43:13 [train] ep 6 step 105/120 | loss 0.0007 (pos 0.000/neg 0.001) | seeds 339+/147- | seedF1 0.429 | subgraph n=2,027 e=2,600 | lr 1.93e-03 | gpu 62MB
06:43:13 [train] ep 6 step 110/120 | loss 0.0022 (pos 0.002/neg 0.002) | seeds 324+/160- | seedF1 0.423 | subgraph n=1,860 e=2,397 | lr 1.93e-03 | gpu 62MB
06:43:13 [train] ep 6 step 115/120 | loss 0.0004 (pos 0.000/neg 0.001) | seeds 337+/151- | seedF1 0.423 | subgraph n=1,994 e=2,590 | lr 1.93e-03 | gpu 62MB
06:43:13 [train] ep 6 step 120/120 | loss 0.0006 (pos 0.000/neg 0.002) | seeds 342+/145- | seedF1 0.426 | subgraph n=1,953 e=2,508 | lr 1.93e-03 | gpu 62MB
06:43:13 ┌────────────────────────────────────────────────────────────────────────────
06:43:13 │ EPOCH   6/40  train_loss 0.0016 (pos 0.001 / neg 0.003)  seedF1 0.426  2.5s  (23350 seeds/s)  eta ~1.4min
06:43:13 │ VAL  AUROC 0.8987 | AUPRC 0.0441 (base 0.0068) | F1 0.1008 (thr 0.992) | P 0.0608 R 0.2943 | MCC 0.1212
06:43:13 │ best AUPRC 0.0968 @ ep1   patience 3/8
06:43:13 └────────────────────────────────────────────────────────────────────────────
06:43:13 [train] ep 7 step   1/120 | loss 0.0047 (pos 0.001/neg 0.012) | seeds 328+/154- | seedF1 0.427 | subgraph n=1,921 e=2,473 | lr 1.93e-03 | gpu 62MB
06:43:13 [train] ep 7 step   5/120 | loss 0.0027 (pos 0.001/neg 0.005) | seeds 307+/175- | seedF1 0.289 | subgraph n=1,918 e=2,429 | lr 1.93e-03 | gpu 62MB
06:43:14 [train] ep 7 step  10/120 | loss 0.0016 (pos 0.001/neg 0.002) | seeds 322+/157- | seedF1 0.236 | subgraph n=1,983 e=2,555 | lr 1.93e-03 | gpu 62MB
06:43:14 [train] ep 7 step  15/120 | loss 0.0014 (pos 0.000/neg 0.004) | seeds 339+/141- | seedF1 0.227 | subgraph n=1,879 e=2,388 | lr 1.93e-03 | gpu 62MB
06:43:14 [train] ep 7 step  20/120 | loss 0.0011 (pos 0.001/neg 0.002) | seeds 328+/157- | seedF1 0.242 | subgraph n=2,006 e=2,612 | lr 1.93e-03 | gpu 62MB
06:43:14 [train] ep 7 step  25/120 | loss 0.0015 (pos 0.001/neg 0.003) | seeds 318+/168- | seedF1 0.249 | subgraph n=2,006 e=2,521 | lr 1.92e-03 | gpu 62MB
06:43:14 [train] ep 7 step  30/120 | loss 0.0014 (pos 0.000/neg 0.003) | seeds 327+/162- | seedF1 0.263 | subgraph n=1,898 e=2,440 | lr 1.92e-03 | gpu 62MB
06:43:14 [train] ep 7 step  35/120 | loss 0.0027 (pos 0.002/neg 0.005) | seeds 335+/152- | seedF1 0.276 | subgraph n=1,961 e=2,524 | lr 1.92e-03 | gpu 62MB
06:43:14 [train] ep 7 step  40/120 | loss 0.0024 (pos 0.001/neg 0.004) | seeds 329+/151- | seedF1 0.292 | subgraph n=1,887 e=2,392 | lr 1.92e-03 | gpu 62MB
06:43:14 [train] ep 7 step  45/120 | loss 0.0047 (pos 0.006/neg 0.001) | seeds 339+/140- | seedF1 0.305 | subgraph n=1,902 e=2,473 | lr 1.92e-03 | gpu 62MB
06:43:14 [train] ep 7 step  50/120 | loss 0.0027 (pos 0.000/neg 0.008) | seeds 331+/154- | seedF1 0.320 | subgraph n=1,992 e=2,566 | lr 1.92e-03 | gpu 62MB
06:43:14 [train] ep 7 step  55/120 | loss 0.0016 (pos 0.000/neg 0.004) | seeds 336+/153- | seedF1 0.327 | subgraph n=1,945 e=2,475 | lr 1.92e-03 | gpu 62MB
06:43:15 [train] ep 7 step  60/120 | loss 0.0026 (pos 0.001/neg 0.006) | seeds 311+/168- | seedF1 0.328 | subgraph n=1,873 e=2,369 | lr 1.92e-03 | gpu 62MB
06:43:15 [train] ep 7 step  65/120 | loss 0.0035 (pos 0.004/neg 0.002) | seeds 332+/156- | seedF1 0.328 | subgraph n=1,969 e=2,495 | lr 1.91e-03 | gpu 62MB
06:43:15 [train] ep 7 step  70/120 | loss 0.0015 (pos 0.000/neg 0.004) | seeds 329+/156- | seedF1 0.330 | subgraph n=1,840 e=2,359 | lr 1.91e-03 | gpu 62MB
06:43:15 [train] ep 7 step  75/120 | loss 0.0010 (pos 0.000/neg 0.003) | seeds 333+/155- | seedF1 0.329 | subgraph n=1,926 e=2,456 | lr 1.91e-03 | gpu 62MB
06:43:15 [train] ep 7 step  80/120 | loss 0.0042 (pos 0.006/neg 0.001) | seeds 335+/149- | seedF1 0.328 | subgraph n=2,009 e=2,565 | lr 1.91e-03 | gpu 62MB
06:43:15 [train] ep 7 step  85/120 | loss 0.0036 (pos 0.001/neg 0.009) | seeds 337+/153- | seedF1 0.329 | subgraph n=1,928 e=2,481 | lr 1.91e-03 | gpu 62MB
06:43:15 [train] ep 7 step  90/120 | loss 0.0009 (pos 0.001/neg 0.001) | seeds 331+/154- | seedF1 0.324 | subgraph n=1,905 e=2,492 | lr 1.91e-03 | gpu 62MB
06:43:15 [train] ep 7 step  95/120 | loss 0.0011 (pos 0.001/neg 0.002) | seeds 338+/147- | seedF1 0.314 | subgraph n=1,949 e=2,537 | lr 1.91e-03 | gpu 62MB
06:43:16 [train] ep 7 step 100/120 | loss 0.0014 (pos 0.001/neg 0.002) | seeds 323+/163- | seedF1 0.307 | subgraph n=1,934 e=2,521 | lr 1.90e-03 | gpu 62MB
06:43:16 [train] ep 7 step 105/120 | loss 0.0005 (pos 0.000/neg 0.001) | seeds 331+/153- | seedF1 0.302 | subgraph n=1,931 e=2,453 | lr 1.90e-03 | gpu 62MB
06:43:16 [train] ep 7 step 110/120 | loss 0.0007 (pos 0.000/neg 0.002) | seeds 329+/147- | seedF1 0.300 | subgraph n=1,937 e=2,477 | lr 1.90e-03 | gpu 62MB
06:43:16 [train] ep 7 step 115/120 | loss 0.0006 (pos 0.001/neg 0.001) | seeds 334+/153- | seedF1 0.303 | subgraph n=1,910 e=2,448 | lr 1.90e-03 | gpu 62MB
06:43:16 [train] ep 7 step 120/120 | loss 0.0009 (pos 0.000/neg 0.002) | seeds 328+/156- | seedF1 0.310 | subgraph n=2,052 e=2,637 | lr 1.90e-03 | gpu 62MB
06:43:17 ┌────────────────────────────────────────────────────────────────────────────
06:43:17 │ EPOCH   7/40  train_loss 0.0018 (pos 0.001 / neg 0.003)  seedF1 0.310  2.7s  (21491 seeds/s)  eta ~1.5min
06:43:17 │ VAL  AUROC 0.8991 | AUPRC 0.0428 (base 0.0068) | F1 0.1008 (thr 0.992) | P 0.0574 R 0.4142 | MCC 0.1398
06:43:17 │ best AUPRC 0.0968 @ ep1   patience 2/8
06:43:17 └────────────────────────────────────────────────────────────────────────────
06:43:17 [train] ep 8 step   1/120 | loss 0.0002 (pos 0.000/neg 0.000) | seeds 334+/154- | seedF1 0.502 | subgraph n=1,999 e=2,544 | lr 1.90e-03 | gpu 62MB
06:43:17 [train] ep 8 step   5/120 | loss 0.0014 (pos 0.001/neg 0.002) | seeds 343+/142- | seedF1 0.537 | subgraph n=1,936 e=2,476 | lr 1.90e-03 | gpu 62MB
06:43:17 [train] ep 8 step  10/120 | loss 0.0004 (pos 0.000/neg 0.001) | seeds 350+/138- | seedF1 0.532 | subgraph n=1,968 e=2,543 | lr 1.90e-03 | gpu 62MB
06:43:17 [train] ep 8 step  15/120 | loss 0.0012 (pos 0.001/neg 0.001) | seeds 343+/143- | seedF1 0.558 | subgraph n=1,965 e=2,505 | lr 1.89e-03 | gpu 62MB
06:43:17 [train] ep 8 step  20/120 | loss 0.0006 (pos 0.000/neg 0.001) | seeds 331+/155- | seedF1 0.580 | subgraph n=1,981 e=2,535 | lr 1.89e-03 | gpu 62MB
06:43:17 [train] ep 8 step  25/120 | loss 0.0006 (pos 0.000/neg 0.001) | seeds 329+/150- | seedF1 0.586 | subgraph n=1,952 e=2,506 | lr 1.89e-03 | gpu 62MB
06:43:17 [train] ep 8 step  30/120 | loss 0.0002 (pos 0.000/neg 0.000) | seeds 320+/166- | seedF1 0.576 | subgraph n=1,976 e=2,563 | lr 1.89e-03 | gpu 62MB
06:43:17 [train] ep 8 step  35/120 | loss 0.0005 (pos 0.000/neg 0.001) | seeds 342+/152- | seedF1 0.572 | subgraph n=2,027 e=2,635 | lr 1.89e-03 | gpu 62MB
06:43:17 [train] ep 8 step  40/120 | loss 0.0011 (pos 0.000/neg 0.004) | seeds 344+/145- | seedF1 0.584 | subgraph n=1,905 e=2,438 | lr 1.89e-03 | gpu 62MB
06:43:18 [train] ep 8 step  45/120 | loss 0.0016 (pos 0.000/neg 0.005) | seeds 331+/153- | seedF1 0.599 | subgraph n=1,934 e=2,452 | lr 1.89e-03 | gpu 62MB
06:43:18 [train] ep 8 step  50/120 | loss 0.0007 (pos 0.001/neg 0.001) | seeds 328+/158- | seedF1 0.607 | subgraph n=1,988 e=2,587 | lr 1.88e-03 | gpu 62MB
06:43:18 [train] ep 8 step  55/120 | loss 0.0004 (pos 0.000/neg 0.001) | seeds 328+/150- | seedF1 0.607 | subgraph n=1,915 e=2,452 | lr 1.88e-03 | gpu 62MB
06:43:18 [train] ep 8 step  60/120 | loss 0.0014 (pos 0.001/neg 0.003) | seeds 336+/153- | seedF1 0.610 | subgraph n=2,021 e=2,630 | lr 1.88e-03 | gpu 62MB
06:43:18 [train] ep 8 step  65/120 | loss 0.0012 (pos 0.001/neg 0.001) | seeds 342+/143- | seedF1 0.608 | subgraph n=1,964 e=2,527 | lr 1.88e-03 | gpu 62MB
06:43:18 [train] ep 8 step  70/120 | loss 0.0006 (pos 0.000/neg 0.001) | seeds 324+/158- | seedF1 0.602 | subgraph n=1,861 e=2,380 | lr 1.88e-03 | gpu 62MB
06:43:18 [train] ep 8 step  75/120 | loss 0.0016 (pos 0.001/neg 0.004) | seeds 347+/144- | seedF1 0.603 | subgraph n=2,060 e=2,672 | lr 1.88e-03 | gpu 62MB
06:43:18 [train] ep 8 step  80/120 | loss 0.0010 (pos 0.001/neg 0.001) | seeds 324+/165- | seedF1 0.606 | subgraph n=1,982 e=2,534 | lr 1.87e-03 | gpu 62MB
06:43:18 [train] ep 8 step  85/120 | loss 0.0005 (pos 0.000/neg 0.001) | seeds 328+/151- | seedF1 0.604 | subgraph n=2,073 e=2,685 | lr 1.87e-03 | gpu 62MB
06:43:18 [train] ep 8 step  90/120 | loss 0.0010 (pos 0.001/neg 0.001) | seeds 319+/165- | seedF1 0.605 | subgraph n=1,911 e=2,439 | lr 1.87e-03 | gpu 62MB
06:43:19 [train] ep 8 step  95/120 | loss 0.0011 (pos 0.001/neg 0.002) | seeds 312+/165- | seedF1 0.609 | subgraph n=1,870 e=2,382 | lr 1.87e-03 | gpu 62MB
06:43:19 [train] ep 8 step 100/120 | loss 0.0003 (pos 0.000/neg 0.000) | seeds 328+/151- | seedF1 0.614 | subgraph n=1,944 e=2,469 | lr 1.87e-03 | gpu 62MB
06:43:19 [train] ep 8 step 105/120 | loss 0.0008 (pos 0.001/neg 0.001) | seeds 332+/151- | seedF1 0.615 | subgraph n=1,942 e=2,504 | lr 1.87e-03 | gpu 62MB
06:43:19 [train] ep 8 step 110/120 | loss 0.0030 (pos 0.000/neg 0.010) | seeds 338+/148- | seedF1 0.617 | subgraph n=1,913 e=2,511 | lr 1.86e-03 | gpu 62MB
06:43:19 [train] ep 8 step 115/120 | loss 0.0008 (pos 0.001/neg 0.001) | seeds 325+/156- | seedF1 0.617 | subgraph n=1,959 e=2,523 | lr 1.86e-03 | gpu 62MB
06:43:19 [train] ep 8 step 120/120 | loss 0.0007 (pos 0.000/neg 0.002) | seeds 335+/150- | seedF1 0.614 | subgraph n=1,958 e=2,510 | lr 1.86e-03 | gpu 62MB
06:43:19 ┌────────────────────────────────────────────────────────────────────────────
06:43:19 │ EPOCH   8/40  train_loss 0.0010 (pos 0.001 / neg 0.002)  seedF1 0.614  2.6s  (22668 seeds/s)  eta ~1.4min
06:43:19 │ VAL  AUROC 0.8917 | AUPRC 0.0381 (base 0.0068) | F1 0.0877 (thr 0.990) | P 0.0476 R 0.5640 | MCC 0.1469
06:43:19 │ best AUPRC 0.0968 @ ep1   patience 1/8
06:43:19 └────────────────────────────────────────────────────────────────────────────
06:43:20 [train] ep 9 step   1/120 | loss 0.0009 (pos 0.000/neg 0.002) | seeds 343+/143- | seedF1 0.636 | subgraph n=1,956 e=2,489 | lr 1.86e-03 | gpu 62MB
06:43:20 [train] ep 9 step   5/120 | loss 0.0008 (pos 0.001/neg 0.000) | seeds 346+/141- | seedF1 0.671 | subgraph n=1,874 e=2,373 | lr 1.86e-03 | gpu 62MB
06:43:20 [train] ep 9 step  10/120 | loss 0.0011 (pos 0.000/neg 0.003) | seeds 323+/156- | seedF1 0.716 | subgraph n=2,033 e=2,616 | lr 1.86e-03 | gpu 62MB
06:43:20 [train] ep 9 step  15/120 | loss 0.0023 (pos 0.000/neg 0.007) | seeds 318+/164- | seedF1 0.735 | subgraph n=1,948 e=2,477 | lr 1.86e-03 | gpu 62MB
06:43:20 [train] ep 9 step  20/120 | loss 0.0026 (pos 0.003/neg 0.002) | seeds 332+/156- | seedF1 0.732 | subgraph n=1,930 e=2,469 | lr 1.85e-03 | gpu 62MB
06:43:20 [train] ep 9 step  25/120 | loss 0.0005 (pos 0.000/neg 0.001) | seeds 335+/154- | seedF1 0.728 | subgraph n=1,860 e=2,358 | lr 1.85e-03 | gpu 62MB
06:43:20 [train] ep 9 step  30/120 | loss 0.0018 (pos 0.001/neg 0.004) | seeds 336+/154- | seedF1 0.725 | subgraph n=2,055 e=2,631 | lr 1.85e-03 | gpu 62MB
06:43:20 [train] ep 9 step  35/120 | loss 0.0009 (pos 0.001/neg 0.000) | seeds 333+/160- | seedF1 0.726 | subgraph n=2,032 e=2,643 | lr 1.85e-03 | gpu 62MB
06:43:20 [train] ep 9 step  40/120 | loss 0.0007 (pos 0.001/neg 0.001) | seeds 320+/168- | seedF1 0.727 | subgraph n=1,859 e=2,320 | lr 1.85e-03 | gpu 62MB
06:43:20 [train] ep 9 step  45/120 | loss 0.0005 (pos 0.000/neg 0.001) | seeds 323+/157- | seedF1 0.728 | subgraph n=1,907 e=2,389 | lr 1.85e-03 | gpu 62MB
06:43:21 [train] ep 9 step  50/120 | loss 0.0011 (pos 0.000/neg 0.003) | seeds 338+/149- | seedF1 0.723 | subgraph n=1,946 e=2,479 | lr 1.84e-03 | gpu 62MB
06:43:21 [train] ep 9 step  55/120 | loss 0.0011 (pos 0.001/neg 0.001) | seeds 349+/138- | seedF1 0.718 | subgraph n=1,960 e=2,569 | lr 1.84e-03 | gpu 62MB
06:43:21 [train] ep 9 step  60/120 | loss 0.0008 (pos 0.001/neg 0.001) | seeds 316+/166- | seedF1 0.712 | subgraph n=1,886 e=2,389 | lr 1.84e-03 | gpu 62MB
06:43:21 [train] ep 9 step  65/120 | loss 0.0023 (pos 0.003/neg 0.001) | seeds 332+/155- | seedF1 0.703 | subgraph n=2,002 e=2,618 | lr 1.84e-03 | gpu 62MB
06:43:21 [train] ep 9 step  70/120 | loss 0.0003 (pos 0.000/neg 0.001) | seeds 336+/150- | seedF1 0.702 | subgraph n=2,022 e=2,598 | lr 1.84e-03 | gpu 62MB
06:43:21 [train] ep 9 step  75/120 | loss 0.0005 (pos 0.000/neg 0.001) | seeds 344+/138- | seedF1 0.710 | subgraph n=1,912 e=2,497 | lr 1.84e-03 | gpu 62MB
06:43:21 [train] ep 9 step  80/120 | loss 0.0013 (pos 0.000/neg 0.004) | seeds 338+/149- | seedF1 0.717 | subgraph n=1,947 e=2,496 | lr 1.83e-03 | gpu 62MB
06:43:21 [train] ep 9 step  85/120 | loss 0.0011 (pos 0.000/neg 0.003) | seeds 339+/147- | seedF1 0.718 | subgraph n=1,914 e=2,460 | lr 1.83e-03 | gpu 62MB
06:43:21 [train] ep 9 step  90/120 | loss 0.0006 (pos 0.000/neg 0.001) | seeds 335+/152- | seedF1 0.718 | subgraph n=1,999 e=2,538 | lr 1.83e-03 | gpu 62MB
06:43:21 [train] ep 9 step  95/120 | loss 0.0013 (pos 0.001/neg 0.003) | seeds 341+/146- | seedF1 0.720 | subgraph n=2,031 e=2,575 | lr 1.83e-03 | gpu 62MB
06:43:22 [train] ep 9 step 100/120 | loss 0.0010 (pos 0.000/neg 0.003) | seeds 350+/140- | seedF1 0.722 | subgraph n=1,966 e=2,504 | lr 1.83e-03 | gpu 62MB
06:43:22 [train] ep 9 step 105/120 | loss 0.0008 (pos 0.001/neg 0.001) | seeds 344+/141- | seedF1 0.722 | subgraph n=1,964 e=2,539 | lr 1.82e-03 | gpu 62MB
06:43:22 [train] ep 9 step 110/120 | loss 0.0003 (pos 0.000/neg 0.001) | seeds 324+/156- | seedF1 0.722 | subgraph n=2,008 e=2,547 | lr 1.82e-03 | gpu 62MB
06:43:22 [train] ep 9 step 115/120 | loss 0.0012 (pos 0.000/neg 0.003) | seeds 336+/145- | seedF1 0.725 | subgraph n=1,956 e=2,546 | lr 1.82e-03 | gpu 62MB
06:43:22 [train] ep 9 step 120/120 | loss 0.0008 (pos 0.000/neg 0.002) | seeds 331+/156- | seedF1 0.728 | subgraph n=1,922 e=2,440 | lr 1.82e-03 | gpu 62MB
06:43:22 ┌────────────────────────────────────────────────────────────────────────────
06:43:22 │ EPOCH   9/40  train_loss 0.0012 (pos 0.001 / neg 0.002)  seedF1 0.728  2.5s  (23097 seeds/s)  eta ~1.3min
06:43:22 │ VAL  AUROC 0.8959 | AUPRC 0.0492 (base 0.0068) | F1 0.1092 (thr 0.995) | P 0.0666 R 0.3025 | MCC 0.1299
06:43:22 │ best AUPRC 0.0968 @ ep1   patience 0/8
06:43:22 └────────────────────────────────────────────────────────────────────────────
06:43:22 [train] early stopping: no AUPRC improvement for 8 epochs.
06:43:23 [eval] loaded checkpoint runs\20260807_064254_full_rgat\best.pt (epoch 1)
06:43:24 ── VALIDATION ────────────────────────────────────────────────────
  events=53,954  positives=367  pos_rate=0.68%
  ranking:   AUROC=0.9229   AUPRC=0.0968   (baseline AP=0.0068, lift x14.2)
  @thr=0.959:  F1=0.1698   P=0.1799   R=0.1608   MCC=0.1647
  @thr=0.50:  F1=0.0234
  confusion: TN=53,318  FP=269  FN=308  TP=59
  triage:    precision@K(=n_pos)=0.1662  (lift x24.4 over random)
──────────────────────────────────────────────────────────────────
06:43:24 ── TEST ──────────────────────────────────────────────────────────
  events=60,253  positives=368  pos_rate=0.61%
  ranking:   AUROC=0.8953   AUPRC=0.0607   (baseline AP=0.0061, lift x9.9)
  @thr=0.959:  F1=0.1046   P=0.1163   R=0.0951   MCC=0.1002
  @thr=0.50:  F1=0.0209
  confusion: TN=59,619  FP=266  FN=333  TP=35
  triage:    precision@K(=n_pos)=0.1033  (lift x16.9 over random)
──────────────────────────────────────────────────────────────────
06:43:24 [eval] attention mass per provenance relation (what the model leans on):
06:43:24 [eval]   USER_SEQUENCE     45.9%  ##################
06:43:24 [eval]   HOST_SEQUENCE     42.6%  #################
06:43:24 [eval]   PROCESS_CHILD      6.3%  ##
06:43:24 [eval]   SESSION_ACTION     3.1%  #
06:43:24 [eval]   NET_TRIGGER        1.5%  
06:43:24 [eval]   CONFIG_TRIGGER     0.6%  
06:43:24 [eval] rewire ablation: permuting edge destinations (degrees kept, topology destroyed) ...
06:43:25 ── TEST (REWIRE ablation) ────────────────────────────────────────
  events=60,253  positives=368  pos_rate=0.61%
  ranking:   AUROC=0.7890   AUPRC=0.0340   (baseline AP=0.0061, lift x5.6)
  @thr=0.959:  F1=0.0185   P=0.0615   R=0.0109   MCC=0.0234
  @thr=0.50:  F1=0.0206
  confusion: TN=59,824  FP=61  FN=364  TP=4
  triage:    precision@K(=n_pos)=0.0598  (lift x9.8 over random)
──────────────────────────────────────────────────────────────────
06:43:25 [eval] AUPRC drop from rewiring: 0.0607 -> 0.0340  (delta +0.0267). Model depends on graph structure as intended.
06:43:25 [eval] report -> runs\20260807_064254_full_rgat\eval_report.json
06:43:25 [mlp ] training feature-only baseline (no edges) ...
06:43:28 [mlp ] ep 1 val AUPRC 0.4530  AUROC 0.9544  F1 0.5223
06:43:37 [mlp ] ep 5 val AUPRC 0.4481  AUROC 0.9277  F1 0.5029
06:43:49 [mlp ] ep10 val AUPRC 0.4673  AUROC 0.9297  F1 0.5397
06:44:01 [mlp ] ep15 val AUPRC 0.4670  AUROC 0.9291  F1 0.5180
06:44:12 [mlp ] ep20 val AUPRC 0.4415  AUROC 0.9285  F1 0.5017
06:44:23 [mlp ] ep25 val AUPRC 0.4358  AUROC 0.9156  F1 0.4958
06:44:24 ── TEST (MLP feature-only baseline) ──────────────────────────────
  events=60,253  positives=368  pos_rate=0.61%
  ranking:   AUROC=0.9255   AUPRC=0.4708   (baseline AP=0.0061, lift x77.1)
  @thr=0.900:  F1=0.4970   P=0.5533   R=0.4511   MCC=0.4968
  @thr=0.50:  F1=0.1365
  confusion: TN=59,751  FP=134  FN=202  TP=166
  triage:    precision@K(=n_pos)=0.4565  (lift x74.7 over random)
──────────────────────────────────────────────────────────────────
06:44:24 [run ] Compare: if RGAT test AUPRC >> MLP AUPRC, the model is reading TOPOLOGY, not just features — exactly the point of event-centric provenance graphs.
06:44:24 [run ] done.
