06:27:49 ==============================================================================
06:27:49 EVENT-PROVENANCE RGAT  |  focal loss  |  neighbourhood sampling
06:27:49 ==============================================================================
06:27:49 ==============================================================================
EVENT-PROVENANCE SCHEMA (KQL contract)
==============================================================================
event types (6):  SignIn, ProcessCreate, NetworkConnection, FileActivity, SystemConfig, DnsQuery
relations   (6):  PROCESS_CHILD, SESSION_ACTION, HOST_SEQUENCE, USER_SEQUENCE, NET_TRIGGER, CONFIG_TRIGGER
------------------------------------------------------------------------------
feature block             offset   dim  kind
etype_onehot                   0     6  onehot
hour_sin_cos                   6     2  dense
dow_sin_cos                    8     2  dense
host_role_onehot              10     6  onehot
os_onehot                     16     2  onehot
user_role_onehot              18     3  onehot
auth_flags                    21     4  dense
integrity_onehot              25     3  onehot
net_flags                     28     2  dense
protocol_onehot               30     3  onehot
port_class_onehot             33     4  onehot
log_bytes                     37     1  dense
process_cat_onehot            38    14  onehot
file_cat_onehot               52     9  onehot
file_action_onehot            61     4  onehot
config_kind_onehot            65     5  onehot
dns_feats                     70     2  dense
cmdline_feats                 72     6  dense
behaviour_feats               78     4  dense
TOTAL node features                 82
edge features: 8  (log_dt_min + dt bucket onehot + log_bytes)
==============================================================================
06:27:49 [run ] run dir: runs\20260807_062749_full_mlp
06:27:49 [env ] CUDA device: NVIDIA GeForce RTX 5060  VRAM 8.0 GB  torch 2.11.0+cu128
06:27:49 [data] loading cached dataset from data\graph_379e9ca37e81.pt
06:27:49 [data]   nodes=400,024
[data]   PROCESS_CHILD    edges=   44,628
[data]   SESSION_ACTION   edges=   24,034
[data]   HOST_SEQUENCE    edges=  291,894
[data]   USER_SEQUENCE    edges=  314,132
[data]   NET_TRIGGER      edges=    8,005
[data]   CONFIG_TRIGGER   edges=    3,940
[data]   split train: nodes= 274,051  positive= 1,145  pos_rate=0.42%
[data]   split val  : nodes=  53,954  positive=   367  pos_rate=0.68%
[data]   split test : nodes=  60,253  positive=   368  pos_rate=0.61%
06:27:49 [mlp ] training feature-only baseline (no edges) ...
06:27:52 [mlp ] ep 1 val AUPRC 0.4749  AUROC 0.9458  F1 0.5300
06:28:01 [mlp ] ep 5 val AUPRC 0.4731  AUROC 0.9320  F1 0.5207
06:28:13 [mlp ] ep10 val AUPRC 0.4474  AUROC 0.9268  F1 0.5071
06:28:24 [mlp ] ep15 val AUPRC 0.4374  AUROC 0.9206  F1 0.5068
06:28:36 [mlp ] ep20 val AUPRC 0.4318  AUROC 0.9198  F1 0.5056
06:28:48 [mlp ] ep25 val AUPRC 0.4338  AUROC 0.9203  F1 0.5028
06:28:48 ── TEST (MLP baseline) ───────────────────────────────────────────
  events=60,253  positives=368  pos_rate=0.61%
  ranking:   AUROC=0.9232   AUPRC=0.4777   (baseline AP=0.0061, lift x78.2)
  @thr=0.946:  F1=0.4870   P=0.9173   R=0.3315   MCC=0.5501
  @thr=0.50:  F1=0.0887
  confusion: TN=59,874  FP=11  FN=246  TP=122
  triage:    precision@K(=n_pos)=0.4728  (lift x77.4 over random)
──────────────────────────────────────────────────────────────────
