15:23:10 ==============================================================================
15:23:10 EVENT-PROVENANCE RGAT  |  focal loss  |  neighbourhood sampling
15:23:10 ==============================================================================
15:23:10 ==============================================================================
EVENT-PROVENANCE SCHEMA (KQL contract)
==============================================================================
event types (6):  SignIn, ProcessCreate, NetworkConnection, FileActivity, SystemConfig, DnsQuery
relations   (6):  PROCESS_CHILD, SESSION_ACTION, HOST_SEQUENCE, USER_SEQUENCE, NET_TRIGGER, CONFIG_TRIGGER
------------------------------------------------------------------------------
feature block             offset   dim  kind
etype_onehot                   0     6  onehot
hour_sin_cos                   6     2  dense
dow_sin_cos                    8     2  dense
host_role_onehot              10     6  onehot
os_onehot                     16     2  onehot
user_role_onehot              18     3  onehot
auth_flags                    21     4  dense
integrity_onehot              25     3  onehot
net_flags                     28     2  dense
protocol_onehot               30     3  onehot
port_class_onehot             33     4  onehot
log_bytes                     37     1  dense
process_cat_onehot            38    14  onehot
file_cat_onehot               52     9  onehot
file_action_onehot            61     4  onehot
config_kind_onehot            65     5  onehot
dns_feats                     70     2  dense
cmdline_feats                 72     6  dense
TOTAL node features                 78
edge features: 8  (log_dt_min + dt bucket onehot + log_bytes)
==============================================================================
15:23:10 [run ] run dir: runs\20260807_152310_deep_member_1337
15:23:10 [env ] CUDA device: NVIDIA GeForce RTX 5060  VRAM 8.0 GB  torch 2.13.0+cu132
15:23:10 [data] loading cached dataset from data\graph_d34b2d9b067a.pt
15:23:10 [data]   nodes=402,064
[data]   PROCESS_CHILD    edges=   44,696
[data]   SESSION_ACTION   edges=   24,079
[data]   HOST_SEQUENCE    edges=  292,980
[data]   USER_SEQUENCE    edges=  315,563
[data]   NET_TRIGGER      edges=    8,158
[data]   CONFIG_TRIGGER   edges=    4,135
[data]   split train: nodes= 275,273  positive= 2,367  pos_rate=0.86%
[data]   split val  : nodes=  54,356  positive=   769  pos_rate=1.41%
[data]   split test : nodes=  60,664  positive=   779  pos_rate=1.28%
15:23:10 [model] EventProvenanceRGAT  layers=6 hidden=128 heads=4 params=784,497
15:23:10 [loss ] focal loss  gamma=2.0 alpha=0.75
15:23:10 [thr  ] threshold policy: f1
15:23:10 [train] 80 epochs x 19 steps (seeds/batch=512, pos=128/neg=384)
15:23:11 [train] ep 1 step   1/19 | loss 0.0559 (pos 0.115/neg 0.053) | sup 538+/9289- | seedF1 0.618 | subgraph n=9,827 e=31,367 | lr 3.07e-05 | gpu 888MB
15:23:12 [train] ep 1 step   5/19 | loss 0.0497 (pos 0.134/neg 0.044) | sup 540+/8277- | seedF1 0.597 | subgraph n=8,817 e=28,062 | lr 3.34e-05 | gpu 888MB
15:23:12 [train] ep 1 step  10/19 | loss 0.0418 (pos 0.172/neg 0.035) | sup 495+/8849- | seedF1 0.517 | subgraph n=9,344 e=30,332 | lr 3.67e-05 | gpu 922MB
15:23:13 [train] ep 1 step  15/19 | loss 0.0373 (pos 0.207/neg 0.027) | sup 549+/8950- | seedF1 0.424 | subgraph n=9,499 e=30,317 | lr 4.01e-05 | gpu 922MB
15:23:14 ┌────────────────────────────────────────────────────────────────────────────
15:23:14 │ EPOCH   1/80  train_loss 0.0430 (pos 0.174 / neg 0.036)  seedF1 0.370  2.6s  (68504 seeds/s)  eta ~3.4min
15:23:14 │ VAL  AUROC 0.6890 | AUPRC 0.0431 (base 0.0141) | F1 0.1101 (thr 0.419) | P 0.0840 R 0.1599 | MCC 0.0984
15:23:14 │ best AUPRC 0.0431 @ ep1   ** improved **
15:23:14 └────────────────────────────────────────────────────────────────────────────
15:23:14 [train] ep 2 step   1/19 | loss 0.0343 (pos 0.261/neg 0.020) | sup 555+/9082- | seedF1 0.480 | subgraph n=9,637 e=30,273 | lr 4.35e-05 | gpu 939MB
15:23:15 [train] ep 2 step   6/19 | loss 0.0310 (pos 0.322/neg 0.015) | sup 493+/9244- | seedF1 0.332 | subgraph n=9,737 e=31,374 | lr 4.69e-05 | gpu 939MB
15:23:15 [train] ep 2 step  11/19 | loss 0.0306 (pos 0.351/neg 0.013) | sup 495+/8772- | seedF1 0.282 | subgraph n=9,267 e=29,387 | lr 5.03e-05 | gpu 939MB
15:23:16 [train] ep 2 step  16/19 | loss 0.0285 (pos 0.352/neg 0.011) | sup 481+/8978- | seedF1 0.246 | subgraph n=9,459 e=30,476 | lr 5.36e-05 | gpu 939MB
15:23:17 ┌────────────────────────────────────────────────────────────────────────────
15:23:17 │ EPOCH   2/80  train_loss 0.0306 (pos 0.332 / neg 0.014)  seedF1 0.242  1.9s  (93924 seeds/s)  eta ~2.5min
15:23:17 │ VAL  AUROC 0.8152 | AUPRC 0.0836 (base 0.0141) | F1 0.1721 (thr 0.388) | P 0.1481 R 0.2055 | MCC 0.1605
15:23:17 │ best AUPRC 0.0836 @ ep2   ** improved **
15:23:17 └────────────────────────────────────────────────────────────────────────────
15:23:17 [train] ep 3 step   1/19 | loss 0.0304 (pos 0.352/neg 0.011) | sup 528+/8796- | seedF1 0.356 | subgraph n=9,324 e=30,292 | lr 5.63e-05 | gpu 939MB
15:23:17 [train] ep 3 step   2/19 | loss 0.0295 (pos 0.337/neg 0.011) | sup 527+/8945- | seedF1 0.389 | subgraph n=9,472 e=30,052 | lr 5.70e-05 | gpu 939MB
15:23:18 [train] ep 3 step   7/19 | loss 0.0286 (pos 0.310/neg 0.012) | sup 516+/8750- | seedF1 0.464 | subgraph n=9,266 e=29,741 | lr 6.04e-05 | gpu 939MB
15:23:18 [train] ep 3 step  12/19 | loss 0.0252 (pos 0.286/neg 0.013) | sup 436+/9162- | seedF1 0.522 | subgraph n=9,598 e=30,937 | lr 6.38e-05 | gpu 939MB
15:23:19 [train] ep 3 step  17/19 | loss 0.0258 (pos 0.276/neg 0.013) | sup 453+/8508- | seedF1 0.560 | subgraph n=8,961 e=28,364 | lr 6.71e-05 | gpu 939MB
15:23:20 ┌────────────────────────────────────────────────────────────────────────────
15:23:20 │ EPOCH   3/80  train_loss 0.0275 (pos 0.299 / neg 0.012)  seedF1 0.569  1.9s  (92845 seeds/s)  eta ~2.5min
15:23:20 │ VAL  AUROC 0.8455 | AUPRC 0.0791 (base 0.0141) | F1 0.1619 (thr 0.504) | P 0.1261 R 0.2263 | MCC 0.1530
15:23:20 │ best AUPRC 0.0836 @ ep2   patience 19/20
15:23:20 └────────────────────────────────────────────────────────────────────────────
15:23:20 [train] ep 4 step   1/19 | loss 0.0251 (pos 0.260/neg 0.012) | sup 479+/8626- | seedF1 0.175 | subgraph n=9,105 e=28,980 | lr 6.92e-05 | gpu 939MB
15:23:20 [train] ep 4 step   3/19 | loss 0.0255 (pos 0.266/neg 0.011) | sup 499+/8378- | seedF1 0.170 | subgraph n=8,877 e=28,377 | lr 7.05e-05 | gpu 939MB
15:23:21 [train] ep 4 step   8/19 | loss 0.0247 (pos 0.284/neg 0.010) | sup 515+/8970- | seedF1 0.209 | subgraph n=9,485 e=30,547 | lr 7.39e-05 | gpu 939MB
15:23:21 [train] ep 4 step  13/19 | loss 0.0237 (pos 0.266/neg 0.009) | sup 549+/9320- | seedF1 0.242 | subgraph n=9,869 e=31,649 | lr 7.72e-05 | gpu 939MB
15:23:22 [train] ep 4 step  18/19 | loss 0.0244 (pos 0.264/neg 0.011) | sup 509+/8814- | seedF1 0.292 | subgraph n=9,323 e=29,664 | lr 8.06e-05 | gpu 939MB
15:23:23 ┌────────────────────────────────────────────────────────────────────────────
15:23:23 │ EPOCH   4/80  train_loss 0.0244 (pos 0.270 / neg 0.010)  seedF1 0.305  1.9s  (92038 seeds/s)  eta ~2.4min
15:23:23 │ VAL  AUROC 0.8847 | AUPRC 0.1125 (base 0.0141) | F1 0.2050 (thr 0.590) | P 0.1627 R 0.2770 | MCC 0.1976
15:23:23 │ best AUPRC 0.1125 @ ep4   ** improved **
15:23:23 └────────────────────────────────────────────────────────────────────────────
15:23:23 [train] ep 5 step   1/19 | loss 0.0233 (pos 0.246/neg 0.010) | sup 521+/8562- | seedF1 0.143 | subgraph n=9,083 e=28,957 | lr 8.20e-05 | gpu 939MB
15:23:23 [train] ep 5 step   4/19 | loss 0.0210 (pos 0.236/neg 0.010) | sup 452+/8794- | seedF1 0.170 | subgraph n=9,246 e=29,287 | lr 8.40e-05 | gpu 939MB
15:23:24 [train] ep 5 step   9/19 | loss 0.0225 (pos 0.258/neg 0.009) | sup 564+/9473- | seedF1 0.181 | subgraph n=10,037 e=32,316 | lr 8.74e-05 | gpu 939MB
15:23:24 [train] ep 5 step  14/19 | loss 0.0214 (pos 0.236/neg 0.008) | sup 511+/8498- | seedF1 0.223 | subgraph n=9,009 e=28,777 | lr 9.07e-05 | gpu 954MB
15:23:25 [train] ep 5 step  19/19 | loss 0.0190 (pos 0.203/neg 0.008) | sup 524+/9186- | seedF1 0.262 | subgraph n=9,710 e=31,272 | lr 9.41e-05 | gpu 954MB
15:23:26 ┌────────────────────────────────────────────────────────────────────────────
15:23:26 │ EPOCH   5/80  train_loss 0.0213 (pos 0.233 / neg 0.009)  seedF1 0.262  1.9s  (92453 seeds/s)  eta ~2.4min
15:23:26 │ VAL  AUROC 0.9120 | AUPRC 0.1845 (base 0.0141) | F1 0.2865 (thr 0.658) | P 0.2586 R 0.3212 | MCC 0.2769
15:23:26 │ best AUPRC 0.1845 @ ep5   ** improved **
15:23:26 └────────────────────────────────────────────────────────────────────────────
15:23:26 [train] ep 6 step   1/19 | loss 0.0193 (pos 0.216/neg 0.009) | sup 489+/9043- | seedF1 0.156 | subgraph n=9,532 e=30,462 | lr 9.48e-05 | gpu 954MB
15:23:26 [train] ep 6 step   5/19 | loss 0.0170 (pos 0.189/neg 0.008) | sup 486+/9089- | seedF1 0.174 | subgraph n=9,575 e=30,556 | lr 9.75e-05 | gpu 954MB
15:23:27 [train] ep 6 step  10/19 | loss 0.0193 (pos 0.209/neg 0.008) | sup 499+/8422- | seedF1 0.179 | subgraph n=8,921 e=28,773 | lr 1.01e-04 | gpu 954MB
15:23:27 [train] ep 6 step  15/19 | loss 0.0181 (pos 0.212/neg 0.008) | sup 499+/9383- | seedF1 0.216 | subgraph n=9,882 e=32,132 | lr 1.04e-04 | gpu 954MB
15:23:29 ┌────────────────────────────────────────────────────────────────────────────
15:23:29 │ EPOCH   6/80  train_loss 0.0187 (pos 0.212 / neg 0.008)  seedF1 0.235  1.9s  (93891 seeds/s)  eta ~2.3min
15:23:29 │ VAL  AUROC 0.9347 | AUPRC 0.4073 (base 0.0141) | F1 0.4102 (thr 0.686) | P 0.4676 R 0.3654 | MCC 0.4059
15:23:29 │ best AUPRC 0.4073 @ ep6   ** improved **
15:23:29 └────────────────────────────────────────────────────────────────────────────
15:23:29 [train] ep 7 step   1/19 | loss 0.0172 (pos 0.185/neg 0.007) | sup 518+/8558- | seedF1 0.207 | subgraph n=9,076 e=28,931 | lr 1.08e-04 | gpu 954MB
15:23:29 [train] ep 7 step   6/19 | loss 0.0172 (pos 0.191/neg 0.007) | sup 516+/8940- | seedF1 0.274 | subgraph n=9,456 e=30,011 | lr 1.11e-04 | gpu 954MB
15:23:30 [train] ep 7 step  11/19 | loss 0.0153 (pos 0.171/neg 0.007) | sup 482+/8861- | seedF1 0.312 | subgraph n=9,343 e=29,784 | lr 1.14e-04 | gpu 954MB
15:23:30 [train] ep 7 step  16/19 | loss 0.0161 (pos 0.184/neg 0.008) | sup 461+/9107- | seedF1 0.332 | subgraph n=9,568 e=30,738 | lr 1.18e-04 | gpu 954MB
15:23:32 ┌────────────────────────────────────────────────────────────────────────────
15:23:32 │ EPOCH   7/80  train_loss 0.0170 (pos 0.192 / neg 0.007)  seedF1 0.346  2.0s  (91448 seeds/s)  eta ~2.4min
15:23:32 │ VAL  AUROC 0.9428 | AUPRC 0.4914 (base 0.0141) | F1 0.4873 (thr 0.717) | P 0.6600 R 0.3862 | MCC 0.4997
15:23:32 │ best AUPRC 0.4914 @ ep7   ** improved **
15:23:32 └────────────────────────────────────────────────────────────────────────────
15:23:32 [train] ep 8 step   1/19 | loss 0.0176 (pos 0.222/neg 0.006) | sup 489+/8970- | seedF1 0.256 | subgraph n=9,459 e=30,462 | lr 1.20e-04 | gpu 954MB
15:23:32 [train] ep 8 step   2/19 | loss 0.0161 (pos 0.186/neg 0.006) | sup 495+/8384- | seedF1 0.285 | subgraph n=8,879 e=28,243 | lr 1.21e-04 | gpu 954MB
15:23:32 [train] ep 8 step   7/19 | loss 0.0156 (pos 0.159/neg 0.007) | sup 515+/8804- | seedF1 0.310 | subgraph n=9,319 e=29,595 | lr 1.24e-04 | gpu 954MB
15:23:33 [train] ep 8 step  12/19 | loss 0.0142 (pos 0.152/neg 0.006) | sup 516+/8930- | seedF1 0.347 | subgraph n=9,446 e=30,188 | lr 1.28e-04 | gpu 954MB
15:23:33 [train] ep 8 step  17/19 | loss 0.0153 (pos 0.179/neg 0.006) | sup 448+/8230- | seedF1 0.367 | subgraph n=8,678 e=27,999 | lr 1.31e-04 | gpu 954MB
15:23:34 ┌────────────────────────────────────────────────────────────────────────────
15:23:34 │ EPOCH   8/80  train_loss 0.0158 (pos 0.176 / neg 0.007)  seedF1 0.369  1.9s  (91797 seeds/s)  eta ~2.3min
15:23:34 │ VAL  AUROC 0.9477 | AUPRC 0.5462 (base 0.0141) | F1 0.5417 (thr 0.756) | P 0.8146 R 0.4057 | MCC 0.5710
15:23:34 │ best AUPRC 0.5462 @ ep8   ** improved **
15:23:34 └────────────────────────────────────────────────────────────────────────────
15:23:35 [train] ep 9 step   1/19 | loss 0.0160 (pos 0.177/neg 0.007) | sup 508+/8667- | seedF1 0.330 | subgraph n=9,175 e=29,158 | lr 1.33e-04 | gpu 954MB
15:23:35 [train] ep 9 step   3/19 | loss 0.0158 (pos 0.156/neg 0.007) | sup 551+/8722- | seedF1 0.324 | subgraph n=9,273 e=30,028 | lr 1.35e-04 | gpu 954MB
15:23:35 [train] ep 9 step   8/19 | loss 0.0148 (pos 0.150/neg 0.006) | sup 543+/8415- | seedF1 0.354 | subgraph n=8,958 e=28,659 | lr 1.38e-04 | gpu 954MB
15:23:36 [train] ep 9 step  13/19 | loss 0.0141 (pos 0.160/neg 0.006) | sup 510+/9381- | seedF1 0.369 | subgraph n=9,891 e=31,775 | lr 1.41e-04 | gpu 954MB
15:23:36 [train] ep 9 step  18/19 | loss 0.0142 (pos 0.168/neg 0.005) | sup 518+/9140- | seedF1 0.379 | subgraph n=9,658 e=30,826 | lr 1.45e-04 | gpu 954MB
15:23:37 ┌────────────────────────────────────────────────────────────────────────────
15:23:37 │ EPOCH   9/80  train_loss 0.0151 (pos 0.165 / neg 0.006)  seedF1 0.389  1.9s  (92784 seeds/s)  eta ~2.3min
15:23:37 │ VAL  AUROC 0.9484 | AUPRC 0.5605 (base 0.0141) | F1 0.5546 (thr 0.791) | P 0.8883 R 0.4031 | MCC 0.5950
15:23:37 │ best AUPRC 0.5605 @ ep9   ** improved **
15:23:37 └────────────────────────────────────────────────────────────────────────────
15:23:38 [train] ep10 step   1/19 | loss 0.0136 (pos 0.164/neg 0.006) | sup 454+/8980- | seedF1 0.413 | subgraph n=9,434 e=29,943 | lr 1.46e-04 | gpu 954MB
15:23:38 [train] ep10 step   4/19 | loss 0.0138 (pos 0.149/neg 0.006) | sup 486+/8746- | seedF1 0.395 | subgraph n=9,232 e=28,959 | lr 1.48e-04 | gpu 954MB
15:23:38 [train] ep10 step   9/19 | loss 0.0128 (pos 0.144/neg 0.005) | sup 528+/9264- | seedF1 0.388 | subgraph n=9,792 e=31,208 | lr 1.51e-04 | gpu 954MB
15:23:39 [train] ep10 step  14/19 | loss 0.0156 (pos 0.167/neg 0.007) | sup 513+/8617- | seedF1 0.388 | subgraph n=9,130 e=28,874 | lr 1.55e-04 | gpu 954MB
15:23:39 [train] ep10 step  19/19 | loss 0.0118 (pos 0.141/neg 0.005) | sup 484+/9180- | seedF1 0.391 | subgraph n=9,664 e=30,653 | lr 1.58e-04 | gpu 954MB
15:23:40 ┌────────────────────────────────────────────────────────────────────────────
15:23:40 │ EPOCH  10/80  train_loss 0.0137 (pos 0.152 / neg 0.006)  seedF1 0.391  1.9s  (92605 seeds/s)  eta ~2.2min
15:23:40 │ VAL  AUROC 0.9514 | AUPRC 0.5744 (base 0.0141) | F1 0.5658 (thr 0.782) | P 0.9208 R 0.4083 | MCC 0.6100
15:23:40 │ best AUPRC 0.5744 @ ep10   ** improved **
15:23:40 └────────────────────────────────────────────────────────────────────────────
15:23:40 [train] ep11 step   1/19 | loss 0.0148 (pos 0.178/neg 0.005) | sup 527+/8726- | seedF1 0.397 | subgraph n=9,253 e=29,853 | lr 1.59e-04 | gpu 954MB
15:23:41 [train] ep11 step   5/19 | loss 0.0146 (pos 0.161/neg 0.006) | sup 515+/8617- | seedF1 0.444 | subgraph n=9,132 e=29,033 | lr 1.62e-04 | gpu 954MB
15:23:41 [train] ep11 step  10/19 | loss 0.0140 (pos 0.170/neg 0.006) | sup 482+/8982- | seedF1 0.438 | subgraph n=9,464 e=29,785 | lr 1.65e-04 | gpu 954MB
15:23:42 [train] ep11 step  15/19 | loss 0.0120 (pos 0.128/neg 0.006) | sup 524+/9686- | seedF1 0.449 | subgraph n=10,210 e=32,480 | lr 1.68e-04 | gpu 954MB
15:23:43 ┌────────────────────────────────────────────────────────────────────────────
15:23:43 │ EPOCH  11/80  train_loss 0.0133 (pos 0.147 / neg 0.006)  seedF1 0.460  1.9s  (93701 seeds/s)  eta ~2.2min
15:23:43 │ VAL  AUROC 0.9501 | AUPRC 0.5728 (base 0.0141) | F1 0.5670 (thr 0.786) | P 0.8454 R 0.4265 | MCC 0.5968
15:23:43 │ best AUPRC 0.5744 @ ep10   patience 19/20
15:23:43 └────────────────────────────────────────────────────────────────────────────
15:23:43 [train] ep12 step   1/19 | loss 0.0123 (pos 0.133/neg 0.005) | sup 513+/8863- | seedF1 0.478 | subgraph n=9,376 e=30,241 | lr 1.72e-04 | gpu 954MB
15:23:44 [train] ep12 step   6/19 | loss 0.0139 (pos 0.170/neg 0.005) | sup 522+/9042- | seedF1 0.448 | subgraph n=9,564 e=30,230 | lr 1.75e-04 | gpu 954MB
15:23:44 [train] ep12 step  11/19 | loss 0.0124 (pos 0.138/neg 0.006) | sup 451+/8740- | seedF1 0.469 | subgraph n=9,191 e=29,531 | lr 1.78e-04 | gpu 954MB
15:23:45 [train] ep12 step  16/19 | loss 0.0119 (pos 0.132/neg 0.005) | sup 500+/8907- | seedF1 0.466 | subgraph n=9,407 e=30,067 | lr 1.82e-04 | gpu 954MB
15:23:46 ┌────────────────────────────────────────────────────────────────────────────
15:23:46 │ EPOCH  12/80  train_loss 0.0128 (pos 0.145 / neg 0.005)  seedF1 0.476  1.9s  (93041 seeds/s)  eta ~2.2min
15:23:46 │ VAL  AUROC 0.9531 | AUPRC 0.5885 (base 0.0141) | F1 0.5814 (thr 0.787) | P 0.8345 R 0.4460 | MCC 0.6064
15:23:46 │ best AUPRC 0.5885 @ ep12   ** improved **
15:23:46 └────────────────────────────────────────────────────────────────────────────
15:23:46 [train] ep13 step   1/19 | loss 0.0142 (pos 0.167/neg 0.005) | sup 515+/8888- | seedF1 0.486 | subgraph n=9,403 e=30,251 | lr 1.85e-04 | gpu 954MB
15:23:46 [train] ep13 step   2/19 | loss 0.0137 (pos 0.160/neg 0.005) | sup 497+/8536- | seedF1 0.485 | subgraph n=9,033 e=28,844 | lr 1.85e-04 | gpu 954MB
15:23:47 [train] ep13 step   7/19 | loss 0.0123 (pos 0.135/neg 0.005) | sup 512+/8877- | seedF1 0.492 | subgraph n=9,389 e=30,344 | lr 1.89e-04 | gpu 954MB
15:23:47 [train] ep13 step  12/19 | loss 0.0124 (pos 0.133/neg 0.005) | sup 491+/8516- | seedF1 0.510 | subgraph n=9,007 e=29,400 | lr 1.92e-04 | gpu 954MB
15:23:48 [train] ep13 step  17/19 | loss 0.0112 (pos 0.132/neg 0.005) | sup 451+/8802- | seedF1 0.515 | subgraph n=9,253 e=29,751 | lr 1.95e-04 | gpu 954MB
15:23:49 ┌────────────────────────────────────────────────────────────────────────────
15:23:49 │ EPOCH  13/80  train_loss 0.0123 (pos 0.139 / neg 0.005)  seedF1 0.517  1.9s  (93543 seeds/s)  eta ~2.1min
15:23:49 │ VAL  AUROC 0.9545 | AUPRC 0.5980 (base 0.0141) | F1 0.5882 (thr 0.791) | P 0.8105 R 0.4616 | MCC 0.6078
15:23:49 │ best AUPRC 0.5980 @ ep13   ** improved **
15:23:49 └────────────────────────────────────────────────────────────────────────────
15:23:49 [train] ep14 step   1/19 | loss 0.0118 (pos 0.124/neg 0.005) | sup 495+/8155- | seedF1 0.561 | subgraph n=8,650 e=27,595 | lr 1.97e-04 | gpu 954MB
15:23:49 [train] ep14 step   3/19 | loss 0.0120 (pos 0.129/neg 0.005) | sup 494+/8248- | seedF1 0.515 | subgraph n=8,742 e=27,762 | lr 1.99e-04 | gpu 954MB
15:23:50 [train] ep14 step   8/19 | loss 0.0110 (pos 0.115/neg 0.005) | sup 473+/8339- | seedF1 0.523 | subgraph n=8,812 e=27,958 | lr 2.02e-04 | gpu 954MB
15:23:50 [train] ep14 step  13/19 | loss 0.0125 (pos 0.134/neg 0.005) | sup 507+/8276- | seedF1 0.536 | subgraph n=8,783 e=28,397 | lr 2.05e-04 | gpu 954MB
15:23:51 [train] ep14 step  18/19 | loss 0.0114 (pos 0.120/neg 0.005) | sup 496+/8248- | seedF1 0.533 | subgraph n=8,744 e=27,808 | lr 2.09e-04 | gpu 954MB
15:23:52 ┌────────────────────────────────────────────────────────────────────────────
15:23:52 │ EPOCH  14/80  train_loss 0.0116 (pos 0.132 / neg 0.005)  seedF1 0.534  1.9s  (92682 seeds/s)  eta ~2.1min
15:23:52 │ VAL  AUROC 0.9595 | AUPRC 0.6169 (base 0.0141) | F1 0.6038 (thr 0.766) | P 0.8866 R 0.4577 | MCC 0.6337
15:23:52 │ best AUPRC 0.6169 @ ep14   ** improved **
15:23:52 └────────────────────────────────────────────────────────────────────────────
15:23:52 [train] ep15 step   1/19 | loss 0.0117 (pos 0.139/neg 0.004) | sup 502+/8550- | seedF1 0.572 | subgraph n=9,052 e=28,866 | lr 2.10e-04 | gpu 954MB
15:23:52 [train] ep15 step   4/19 | loss 0.0106 (pos 0.105/neg 0.005) | sup 508+/8529- | seedF1 0.603 | subgraph n=9,037 e=29,142 | lr 2.12e-04 | gpu 954MB
15:23:53 [train] ep15 step   9/19 | loss 0.0130 (pos 0.130/neg 0.006) | sup 504+/8610- | seedF1 0.587 | subgraph n=9,114 e=29,248 | lr 2.16e-04 | gpu 954MB
15:23:53 [train] ep15 step  14/19 | loss 0.0102 (pos 0.127/neg 0.004) | sup 456+/8932- | seedF1 0.579 | subgraph n=9,388 e=29,816 | lr 2.19e-04 | gpu 954MB
15:23:54 [train] ep15 step  19/19 | loss 0.0122 (pos 0.142/neg 0.005) | sup 476+/8277- | seedF1 0.588 | subgraph n=8,753 e=28,354 | lr 2.22e-04 | gpu 954MB
15:23:55 ┌────────────────────────────────────────────────────────────────────────────
15:23:55 │ EPOCH  15/80  train_loss 0.0114 (pos 0.128 / neg 0.005)  seedF1 0.588  1.9s  (92362 seeds/s)  eta ~2.1min
15:23:55 │ VAL  AUROC 0.9585 | AUPRC 0.6165 (base 0.0141) | F1 0.6014 (thr 0.780) | P 0.8716 R 0.4590 | MCC 0.6291
15:23:55 │ best AUPRC 0.6169 @ ep14   patience 19/20
15:23:55 └────────────────────────────────────────────────────────────────────────────
15:23:55 [train] ep16 step   1/19 | loss 0.0092 (pos 0.101/neg 0.004) | sup 462+/8626- | seedF1 0.601 | subgraph n=9,088 e=29,219 | lr 2.23e-04 | gpu 954MB
15:23:55 [train] ep16 step   5/19 | loss 0.0107 (pos 0.111/neg 0.006) | sup 468+/9118- | seedF1 0.569 | subgraph n=9,586 e=30,477 | lr 2.26e-04 | gpu 954MB
15:23:56 [train] ep16 step  10/19 | loss 0.0111 (pos 0.147/neg 0.003) | sup 501+/8822- | seedF1 0.591 | subgraph n=9,323 e=30,006 | lr 2.29e-04 | gpu 954MB
15:23:56 [train] ep16 step  15/19 | loss 0.0130 (pos 0.109/neg 0.007) | sup 550+/8307- | seedF1 0.591 | subgraph n=8,857 e=28,597 | lr 2.32e-04 | gpu 954MB
15:23:58 ┌────────────────────────────────────────────────────────────────────────────
15:23:58 │ EPOCH  16/80  train_loss 0.0109 (pos 0.123 / neg 0.005)  seedF1 0.597  1.9s  (93173 seeds/s)  eta ~2.1min
15:23:58 │ VAL  AUROC 0.9634 | AUPRC 0.6541 (base 0.0141) | F1 0.6332 (thr 0.741) | P 0.8391 R 0.5085 | MCC 0.6495
15:23:58 │ best AUPRC 0.6541 @ ep16   ** improved **
15:23:58 └────────────────────────────────────────────────────────────────────────────
15:23:58 [train] ep17 step   1/19 | loss 0.0116 (pos 0.147/neg 0.004) | sup 520+/8813- | seedF1 0.600 | subgraph n=9,333 e=29,876 | lr 2.36e-04 | gpu 954MB
15:23:58 [train] ep17 step   6/19 | loss 0.0111 (pos 0.107/neg 0.006) | sup 526+/9151- | seedF1 0.660 | subgraph n=9,677 e=30,828 | lr 2.39e-04 | gpu 954MB
15:23:59 [train] ep17 step  11/19 | loss 0.0107 (pos 0.135/neg 0.004) | sup 539+/9276- | seedF1 0.659 | subgraph n=9,815 e=31,567 | lr 2.43e-04 | gpu 954MB
15:23:59 [train] ep17 step  16/19 | loss 0.0112 (pos 0.109/neg 0.005) | sup 541+/8995- | seedF1 0.663 | subgraph n=9,536 e=30,436 | lr 2.46e-04 | gpu 954MB
15:24:01 ┌────────────────────────────────────────────────────────────────────────────
15:24:01 │ EPOCH  17/80  train_loss 0.0108 (pos 0.117 / neg 0.005)  seedF1 0.669  1.9s  (92149 seeds/s)  eta ~2.0min
15:24:01 │ VAL  AUROC 0.9618 | AUPRC 0.6436 (base 0.0141) | F1 0.6335 (thr 0.749) | P 0.8068 R 0.5215 | MCC 0.6448
15:24:01 │ best AUPRC 0.6541 @ ep16   patience 19/20
15:24:01 └────────────────────────────────────────────────────────────────────────────
15:24:01 [train] ep18 step   1/19 | loss 0.0102 (pos 0.130/neg 0.004) | sup 451+/8747- | seedF1 0.610 | subgraph n=9,198 e=29,468 | lr 2.49e-04 | gpu 954MB
15:24:01 [train] ep18 step   2/19 | loss 0.0114 (pos 0.146/neg 0.003) | sup 523+/8780- | seedF1 0.592 | subgraph n=9,303 e=30,158 | lr 2.49e-04 | gpu 954MB
15:24:01 [train] ep18 step   7/19 | loss 0.0110 (pos 0.109/neg 0.005) | sup 529+/8976- | seedF1 0.641 | subgraph n=9,505 e=30,697 | lr 2.53e-04 | gpu 954MB
15:24:02 [train] ep18 step  12/19 | loss 0.0096 (pos 0.112/neg 0.004) | sup 475+/9415- | seedF1 0.654 | subgraph n=9,890 e=31,732 | lr 2.56e-04 | gpu 954MB
15:24:02 [train] ep18 step  17/19 | loss 0.0105 (pos 0.115/neg 0.005) | sup 489+/8794- | seedF1 0.648 | subgraph n=9,283 e=29,582 | lr 2.59e-04 | gpu 954MB
15:24:04 ┌────────────────────────────────────────────────────────────────────────────
15:24:04 │ EPOCH  18/80  train_loss 0.0104 (pos 0.116 / neg 0.004)  seedF1 0.654  1.9s  (93357 seeds/s)  eta ~2.0min
15:24:04 │ VAL  AUROC 0.9589 | AUPRC 0.6299 (base 0.0141) | F1 0.6233 (thr 0.806) | P 0.9123 R 0.4733 | MCC 0.6540
15:24:04 │ best AUPRC 0.6541 @ ep16   patience 18/20
15:24:04 └────────────────────────────────────────────────────────────────────────────
15:24:04 [train] ep19 step   1/19 | loss 0.0108 (pos 0.117/neg 0.005) | sup 529+/9279- | seedF1 0.633 | subgraph n=9,808 e=31,685 | lr 2.62e-04 | gpu 954MB
15:24:04 [train] ep19 step   3/19 | loss 0.0094 (pos 0.110/neg 0.004) | sup 476+/9312- | seedF1 0.598 | subgraph n=9,788 e=31,191 | lr 2.63e-04 | gpu 954MB
15:24:04 [train] ep19 step   8/19 | loss 0.0101 (pos 0.102/neg 0.005) | sup 467+/8003- | seedF1 0.578 | subgraph n=8,470 e=27,176 | lr 2.66e-04 | gpu 954MB
15:24:05 [train] ep19 step  13/19 | loss 0.0094 (pos 0.125/neg 0.003) | sup 473+/9120- | seedF1 0.578 | subgraph n=9,593 e=30,816 | lr 2.70e-04 | gpu 954MB
15:24:05 [train] ep19 step  18/19 | loss 0.0102 (pos 0.104/neg 0.005) | sup 539+/9333- | seedF1 0.583 | subgraph n=9,872 e=31,788 | lr 2.73e-04 | gpu 954MB
15:24:06 ┌────────────────────────────────────────────────────────────────────────────
15:24:06 │ EPOCH  19/80  train_loss 0.0100 (pos 0.113 / neg 0.004)  seedF1 0.588  1.9s  (92869 seeds/s)  eta ~2.0min
15:24:06 │ VAL  AUROC 0.9622 | AUPRC 0.6428 (base 0.0141) | F1 0.6255 (thr 0.770) | P 0.7996 R 0.5137 | MCC 0.6369
15:24:06 │ best AUPRC 0.6541 @ ep16   patience 17/20
15:24:06 └────────────────────────────────────────────────────────────────────────────
15:24:07 [train] ep20 step   1/19 | loss 0.0105 (pos 0.132/neg 0.004) | sup 437+/8725- | seedF1 0.647 | subgraph n=9,162 e=29,776 | lr 2.74e-04 | gpu 954MB
15:24:07 [train] ep20 step   4/19 | loss 0.0100 (pos 0.121/neg 0.004) | sup 507+/9296- | seedF1 0.631 | subgraph n=9,803 e=31,199 | lr 2.76e-04 | gpu 954MB
15:24:07 [train] ep20 step   9/19 | loss 0.0117 (pos 0.114/neg 0.005) | sup 536+/8315- | seedF1 0.639 | subgraph n=8,851 e=28,235 | lr 2.80e-04 | gpu 954MB
15:24:08 [train] ep20 step  14/19 | loss 0.0113 (pos 0.119/neg 0.005) | sup 534+/8756- | seedF1 0.647 | subgraph n=9,290 e=29,777 | lr 2.83e-04 | gpu 954MB
15:24:08 [train] ep20 step  19/19 | loss 0.0101 (pos 0.129/neg 0.004) | sup 504+/9432- | seedF1 0.640 | subgraph n=9,936 e=31,821 | lr 2.86e-04 | gpu 954MB
15:24:09 ┌────────────────────────────────────────────────────────────────────────────
15:24:09 │ EPOCH  20/80  train_loss 0.0099 (pos 0.113 / neg 0.004)  seedF1 0.640  1.9s  (93794 seeds/s)  eta ~1.9min
15:24:09 │ VAL  AUROC 0.9611 | AUPRC 0.6388 (base 0.0141) | F1 0.6285 (thr 0.808) | P 0.9154 R 0.4785 | MCC 0.6587
15:24:09 │ best AUPRC 0.6541 @ ep16   patience 16/20
15:24:09 └────────────────────────────────────────────────────────────────────────────
15:24:09 [train] ep21 step   1/19 | loss 0.0098 (pos 0.107/neg 0.004) | sup 511+/9230- | seedF1 0.622 | subgraph n=9,741 e=31,140 | lr 2.87e-04 | gpu 954MB
15:24:10 [train] ep21 step   5/19 | loss 0.0086 (pos 0.093/neg 0.004) | sup 499+/9661- | seedF1 0.610 | subgraph n=10,160 e=32,164 | lr 2.90e-04 | gpu 954MB
15:24:10 [train] ep21 step  10/19 | loss 0.0081 (pos 0.087/neg 0.004) | sup 492+/9289- | seedF1 0.609 | subgraph n=9,781 e=31,264 | lr 2.93e-04 | gpu 954MB
15:24:11 [train] ep21 step  15/19 | loss 0.0088 (pos 0.091/neg 0.004) | sup 482+/8573- | seedF1 0.617 | subgraph n=9,055 e=29,246 | lr 2.97e-04 | gpu 954MB
15:24:12 ┌────────────────────────────────────────────────────────────────────────────
15:24:12 │ EPOCH  21/80  train_loss 0.0094 (pos 0.105 / neg 0.004)  seedF1 0.615  1.9s  (93350 seeds/s)  eta ~1.9min
15:24:12 │ VAL  AUROC 0.9628 | AUPRC 0.6573 (base 0.0141) | F1 0.6513 (thr 0.758) | P 0.8367 R 0.5332 | MCC 0.6643
15:24:12 │ best AUPRC 0.6573 @ ep21   ** improved **
15:24:12 └────────────────────────────────────────────────────────────────────────────
15:24:12 [train] ep22 step   1/19 | loss 0.0103 (pos 0.126/neg 0.004) | sup 521+/9016- | seedF1 0.681 | subgraph n=9,537 e=30,634 | lr 3.00e-04 | gpu 954MB
15:24:13 [train] ep22 step   6/19 | loss 0.0094 (pos 0.096/neg 0.004) | sup 531+/9003- | seedF1 0.680 | subgraph n=9,534 e=30,755 | lr 3.00e-04 | gpu 954MB
15:24:13 [train] ep22 step  11/19 | loss 0.0099 (pos 0.109/neg 0.004) | sup 477+/8566- | seedF1 0.675 | subgraph n=9,043 e=29,018 | lr 3.00e-04 | gpu 954MB
15:24:14 [train] ep22 step  16/19 | loss 0.0089 (pos 0.102/neg 0.004) | sup 501+/9598- | seedF1 0.682 | subgraph n=10,099 e=32,303 | lr 3.00e-04 | gpu 954MB
15:24:15 ┌────────────────────────────────────────────────────────────────────────────
15:24:15 │ EPOCH  22/80  train_loss 0.0094 (pos 0.103 / neg 0.004)  seedF1 0.682  1.9s  (93091 seeds/s)  eta ~1.8min
15:24:15 │ VAL  AUROC 0.9661 | AUPRC 0.6724 (base 0.0141) | F1 0.6587 (thr 0.775) | P 0.8548 R 0.5358 | MCC 0.6733
15:24:15 │ best AUPRC 0.6724 @ ep22   ** improved **
15:24:15 └────────────────────────────────────────────────────────────────────────────
15:24:15 [train] ep23 step   1/19 | loss 0.0091 (pos 0.104/neg 0.003) | sup 529+/8880- | seedF1 0.717 | subgraph n=9,409 e=29,902 | lr 3.00e-04 | gpu 954MB
15:24:15 [train] ep23 step   2/19 | loss 0.0089 (pos 0.100/neg 0.004) | sup 510+/9301- | seedF1 0.697 | subgraph n=9,811 e=31,071 | lr 3.00e-04 | gpu 954MB
15:24:16 [train] ep23 step   7/19 | loss 0.0098 (pos 0.097/neg 0.004) | sup 560+/8825- | seedF1 0.674 | subgraph n=9,385 e=30,419 | lr 3.00e-04 | gpu 954MB
15:24:16 [train] ep23 step  12/19 | loss 0.0094 (pos 0.091/neg 0.004) | sup 545+/8162- | seedF1 0.666 | subgraph n=8,707 e=27,508 | lr 2.99e-04 | gpu 954MB
15:24:17 [train] ep23 step  17/19 | loss 0.0098 (pos 0.116/neg 0.004) | sup 481+/9253- | seedF1 0.663 | subgraph n=9,734 e=30,671 | lr 2.99e-04 | gpu 954MB
15:24:18 ┌────────────────────────────────────────────────────────────────────────────
15:24:18 │ EPOCH  23/80  train_loss 0.0092 (pos 0.105 / neg 0.004)  seedF1 0.659  1.9s  (92917 seeds/s)  eta ~1.8min
15:24:18 │ VAL  AUROC 0.9653 | AUPRC 0.6737 (base 0.0141) | F1 0.6661 (thr 0.748) | P 0.8383 R 0.5527 | MCC 0.6771
15:24:18 │ best AUPRC 0.6737 @ ep23   ** improved **
15:24:18 └────────────────────────────────────────────────────────────────────────────
15:24:18 [train] ep24 step   1/19 | loss 0.0092 (pos 0.110/neg 0.004) | sup 500+/9109- | seedF1 0.729 | subgraph n=9,609 e=30,828 | lr 2.99e-04 | gpu 954MB
15:24:18 [train] ep24 step   3/19 | loss 0.0084 (pos 0.082/neg 0.004) | sup 582+/10072- | seedF1 0.712 | subgraph n=10,654 e=33,908 | lr 2.99e-04 | gpu 971MB
15:24:19 [train] ep24 step   8/19 | loss 0.0107 (pos 0.140/neg 0.003) | sup 481+/8603- | seedF1 0.696 | subgraph n=9,084 e=29,110 | lr 2.99e-04 | gpu 971MB
15:24:19 [train] ep24 step  13/19 | loss 0.0087 (pos 0.092/neg 0.004) | sup 530+/9093- | seedF1 0.687 | subgraph n=9,623 e=30,986 | lr 2.99e-04 | gpu 971MB
15:24:20 [train] ep24 step  18/19 | loss 0.0084 (pos 0.095/neg 0.003) | sup 512+/8900- | seedF1 0.687 | subgraph n=9,412 e=30,192 | lr 2.98e-04 | gpu 971MB
15:24:21 ┌────────────────────────────────────────────────────────────────────────────
15:24:21 │ EPOCH  24/80  train_loss 0.0092 (pos 0.104 / neg 0.004)  seedF1 0.687  1.9s  (93207 seeds/s)  eta ~1.8min
15:24:21 │ VAL  AUROC 0.9660 | AUPRC 0.6782 (base 0.0141) | F1 0.6722 (thr 0.787) | P 0.9372 R 0.5241 | MCC 0.6979
15:24:21 │ best AUPRC 0.6782 @ ep24   ** improved **
15:24:21 └────────────────────────────────────────────────────────────────────────────
15:24:21 [train] ep25 step   1/19 | loss 0.0083 (pos 0.090/neg 0.004) | sup 512+/9001- | seedF1 0.629 | subgraph n=9,513 e=30,474 | lr 2.98e-04 | gpu 971MB
15:24:21 [train] ep25 step   4/19 | loss 0.0089 (pos 0.096/neg 0.004) | sup 480+/8690- | seedF1 0.635 | subgraph n=9,170 e=29,665 | lr 2.98e-04 | gpu 971MB
15:24:22 [train] ep25 step   9/19 | loss 0.0089 (pos 0.097/neg 0.004) | sup 499+/8328- | seedF1 0.653 | subgraph n=8,827 e=28,573 | lr 2.98e-04 | gpu 971MB
15:24:22 [train] ep25 step  14/19 | loss 0.0077 (pos 0.086/neg 0.004) | sup 492+/9452- | seedF1 0.655 | subgraph n=9,944 e=31,980 | lr 2.97e-04 | gpu 971MB
15:24:23 [train] ep25 step  19/19 | loss 0.0088 (pos 0.098/neg 0.004) | sup 522+/9261- | seedF1 0.662 | subgraph n=9,783 e=31,189 | lr 2.97e-04 | gpu 971MB
15:24:24 ┌────────────────────────────────────────────────────────────────────────────
15:24:24 │ EPOCH  25/80  train_loss 0.0090 (pos 0.097 / neg 0.004)  seedF1 0.662  1.9s  (92855 seeds/s)  eta ~1.7min
15:24:24 │ VAL  AUROC 0.9661 | AUPRC 0.6813 (base 0.0141) | F1 0.6737 (thr 0.792) | P 0.8927 R 0.5410 | MCC 0.6918
15:24:24 │ best AUPRC 0.6813 @ ep25   ** improved **
15:24:24 └────────────────────────────────────────────────────────────────────────────
15:24:24 [train] ep26 step   1/19 | loss 0.0080 (pos 0.080/neg 0.004) | sup 498+/8876- | seedF1 0.662 | subgraph n=9,374 e=29,723 | lr 2.97e-04 | gpu 971MB
15:24:24 [train] ep26 step   5/19 | loss 0.0097 (pos 0.110/neg 0.004) | sup 491+/8440- | seedF1 0.670 | subgraph n=8,931 e=28,713 | lr 2.96e-04 | gpu 971MB
15:24:25 [train] ep26 step  10/19 | loss 0.0081 (pos 0.096/neg 0.003) | sup 489+/8673- | seedF1 0.674 | subgraph n=9,162 e=29,363 | lr 2.96e-04 | gpu 971MB
15:24:25 [train] ep26 step  15/19 | loss 0.0087 (pos 0.105/neg 0.003) | sup 502+/8968- | seedF1 0.670 | subgraph n=9,470 e=30,698 | lr 2.95e-04 | gpu 971MB
15:24:27 ┌────────────────────────────────────────────────────────────────────────────
15:24:27 │ EPOCH  26/80  train_loss 0.0083 (pos 0.091 / neg 0.004)  seedF1 0.671  1.9s  (93754 seeds/s)  eta ~1.7min
15:24:27 │ VAL  AUROC 0.9667 | AUPRC 0.6734 (base 0.0141) | F1 0.6694 (thr 0.795) | P 0.9224 R 0.5254 | MCC 0.6931
15:24:27 │ best AUPRC 0.6813 @ ep25   patience 19/20
15:24:27 └────────────────────────────────────────────────────────────────────────────
15:24:27 [train] ep27 step   1/19 | loss 0.0088 (pos 0.094/neg 0.004) | sup 519+/8668- | seedF1 0.613 | subgraph n=9,187 e=29,416 | lr 2.95e-04 | gpu 971MB
15:24:27 [train] ep27 step   6/19 | loss 0.0085 (pos 0.097/neg 0.004) | sup 500+/8842- | seedF1 0.630 | subgraph n=9,342 e=29,385 | lr 2.94e-04 | gpu 971MB
15:24:28 [train] ep27 step  11/19 | loss 0.0083 (pos 0.089/neg 0.004) | sup 520+/8922- | seedF1 0.638 | subgraph n=9,442 e=30,701 | lr 2.94e-04 | gpu 971MB
15:24:28 [train] ep27 step  16/19 | loss 0.0082 (pos 0.085/neg 0.004) | sup 529+/9251- | seedF1 0.645 | subgraph n=9,780 e=31,116 | lr 2.93e-04 | gpu 971MB
15:24:30 ┌────────────────────────────────────────────────────────────────────────────
15:24:30 │ EPOCH  27/80  train_loss 0.0086 (pos 0.094 / neg 0.004)  seedF1 0.653  1.9s  (93207 seeds/s)  eta ~1.7min
15:24:30 │ VAL  AUROC 0.9657 | AUPRC 0.6823 (base 0.0141) | F1 0.6823 (thr 0.772) | P 0.9054 R 0.5475 | MCC 0.7010
15:24:30 │ best AUPRC 0.6823 @ ep27   ** improved **
15:24:30 └────────────────────────────────────────────────────────────────────────────
15:24:30 [train] ep28 step   1/19 | loss 0.0085 (pos 0.100/neg 0.003) | sup 525+/9435- | seedF1 0.693 | subgraph n=9,960 e=32,212 | lr 2.93e-04 | gpu 971MB
15:24:30 [train] ep28 step   2/19 | loss 0.0081 (pos 0.083/neg 0.004) | sup 507+/9335- | seedF1 0.734 | subgraph n=9,842 e=31,725 | lr 2.93e-04 | gpu 971MB
15:24:30 [train] ep28 step   7/19 | loss 0.0089 (pos 0.094/neg 0.004) | sup 487+/8699- | seedF1 0.677 | subgraph n=9,186 e=29,491 | lr 2.92e-04 | gpu 971MB
15:24:31 [train] ep28 step  12/19 | loss 0.0077 (pos 0.091/neg 0.003) | sup 484+/8914- | seedF1 0.676 | subgraph n=9,398 e=29,963 | lr 2.91e-04 | gpu 971MB
15:24:31 [train] ep28 step  17/19 | loss 0.0088 (pos 0.091/neg 0.004) | sup 543+/8665- | seedF1 0.691 | subgraph n=9,208 e=29,836 | lr 2.91e-04 | gpu 971MB
15:24:33 ┌────────────────────────────────────────────────────────────────────────────
15:24:33 │ EPOCH  28/80  train_loss 0.0084 (pos 0.091 / neg 0.004)  seedF1 0.690  1.9s  (92531 seeds/s)  eta ~1.7min
15:24:33 │ VAL  AUROC 0.9636 | AUPRC 0.6722 (base 0.0141) | F1 0.6733 (thr 0.811) | P 0.9291 R 0.5280 | MCC 0.6974
15:24:33 │ best AUPRC 0.6823 @ ep27   patience 19/20
15:24:33 └────────────────────────────────────────────────────────────────────────────
15:24:33 [train] ep29 step   1/19 | loss 0.0084 (pos 0.075/neg 0.004) | sup 555+/8604- | seedF1 0.668 | subgraph n=9,159 e=29,337 | lr 2.90e-04 | gpu 971MB
15:24:33 [train] ep29 step   3/19 | loss 0.0074 (pos 0.093/neg 0.003) | sup 479+/9616- | seedF1 0.611 | subgraph n=10,095 e=32,338 | lr 2.90e-04 | gpu 971MB
15:24:33 [train] ep29 step   8/19 | loss 0.0090 (pos 0.090/neg 0.004) | sup 504+/8349- | seedF1 0.625 | subgraph n=8,853 e=28,233 | lr 2.89e-04 | gpu 971MB
15:24:34 [train] ep29 step  13/19 | loss 0.0090 (pos 0.101/neg 0.003) | sup 476+/7764- | seedF1 0.633 | subgraph n=8,240 e=26,400 | lr 2.88e-04 | gpu 971MB
15:24:34 [train] ep29 step  18/19 | loss 0.0092 (pos 0.097/neg 0.004) | sup 526+/8891- | seedF1 0.644 | subgraph n=9,417 e=30,195 | lr 2.88e-04 | gpu 971MB
15:24:36 ┌────────────────────────────────────────────────────────────────────────────
15:24:36 │ EPOCH  29/80  train_loss 0.0081 (pos 0.089 / neg 0.004)  seedF1 0.645  1.9s  (93311 seeds/s)  eta ~1.6min
15:24:36 │ VAL  AUROC 0.9658 | AUPRC 0.6745 (base 0.0141) | F1 0.6667 (thr 0.809) | P 0.9365 R 0.5176 | MCC 0.6933
15:24:36 │ best AUPRC 0.6823 @ ep27   patience 18/20
15:24:36 └────────────────────────────────────────────────────────────────────────────
15:24:36 [train] ep30 step   1/19 | loss 0.0071 (pos 0.087/neg 0.003) | sup 497+/9263- | seedF1 0.692 | subgraph n=9,760 e=31,333 | lr 2.87e-04 | gpu 971MB
15:24:36 [train] ep30 step   4/19 | loss 0.0074 (pos 0.077/neg 0.004) | sup 484+/8716- | seedF1 0.647 | subgraph n=9,200 e=29,820 | lr 2.87e-04 | gpu 971MB
15:24:36 [train] ep30 step   9/19 | loss 0.0082 (pos 0.096/neg 0.004) | sup 469+/9381- | seedF1 0.653 | subgraph n=9,850 e=31,536 | lr 2.86e-04 | gpu 971MB
15:24:37 [train] ep30 step  14/19 | loss 0.0088 (pos 0.097/neg 0.003) | sup 525+/8410- | seedF1 0.661 | subgraph n=8,935 e=28,793 | lr 2.85e-04 | gpu 971MB
15:24:37 [train] ep30 step  19/19 | loss 0.0075 (pos 0.081/neg 0.004) | sup 463+/8757- | seedF1 0.672 | subgraph n=9,220 e=29,591 | lr 2.84e-04 | gpu 971MB
15:24:38 ┌────────────────────────────────────────────────────────────────────────────
15:24:38 │ EPOCH  30/80  train_loss 0.0081 (pos 0.088 / neg 0.004)  seedF1 0.672  1.9s  (93343 seeds/s)  eta ~1.6min
15:24:38 │ VAL  AUROC 0.9681 | AUPRC 0.7028 (base 0.0141) | F1 0.6958 (thr 0.785) | P 0.9208 R 0.5592 | MCC 0.7146
15:24:38 │ best AUPRC 0.7028 @ ep30   ** improved **
15:24:38 └────────────────────────────────────────────────────────────────────────────
15:24:39 [train] ep31 step   1/19 | loss 0.0080 (pos 0.085/neg 0.003) | sup 499+/8461- | seedF1 0.621 | subgraph n=8,960 e=29,157 | lr 2.84e-04 | gpu 971MB
15:24:39 [train] ep31 step   5/19 | loss 0.0085 (pos 0.076/neg 0.004) | sup 560+/8762- | seedF1 0.674 | subgraph n=9,322 e=30,103 | lr 2.83e-04 | gpu 971MB
15:24:39 [train] ep31 step  10/19 | loss 0.0068 (pos 0.090/neg 0.003) | sup 462+/9161- | seedF1 0.684 | subgraph n=9,623 e=30,922 | lr 2.82e-04 | gpu 971MB
15:24:40 [train] ep31 step  15/19 | loss 0.0072 (pos 0.063/neg 0.004) | sup 465+/8605- | seedF1 0.694 | subgraph n=9,070 e=28,813 | lr 2.81e-04 | gpu 971MB
15:24:41 ┌────────────────────────────────────────────────────────────────────────────
15:24:41 │ EPOCH  31/80  train_loss 0.0076 (pos 0.083 / neg 0.003)  seedF1 0.692  1.9s  (93635 seeds/s)  eta ~1.6min
15:24:41 │ VAL  AUROC 0.9688 | AUPRC 0.7000 (base 0.0141) | F1 0.7039 (thr 0.797) | P 0.9533 R 0.5579 | MCC 0.7266
15:24:41 │ best AUPRC 0.7028 @ ep30   patience 19/20
15:24:41 └────────────────────────────────────────────────────────────────────────────
15:24:41 [train] ep32 step   1/19 | loss 0.0090 (pos 0.104/neg 0.003) | sup 507+/8165- | seedF1 0.691 | subgraph n=8,672 e=28,087 | lr 2.80e-04 | gpu 971MB
15:24:42 [train] ep32 step   6/19 | loss 0.0075 (pos 0.076/neg 0.004) | sup 471+/8679- | seedF1 0.667 | subgraph n=9,150 e=29,250 | lr 2.79e-04 | gpu 971MB
15:24:42 [train] ep32 step  11/19 | loss 0.0064 (pos 0.081/neg 0.002) | sup 518+/9457- | seedF1 0.673 | subgraph n=9,975 e=31,721 | lr 2.78e-04 | gpu 971MB
15:24:43 [train] ep32 step  16/19 | loss 0.0071 (pos 0.067/neg 0.004) | sup 494+/9216- | seedF1 0.680 | subgraph n=9,710 e=31,288 | lr 2.77e-04 | gpu 973MB
15:24:44 ┌────────────────────────────────────────────────────────────────────────────
15:24:44 │ EPOCH  32/80  train_loss 0.0074 (pos 0.084 / neg 0.003)  seedF1 0.685  1.9s  (93887 seeds/s)  eta ~1.5min
15:24:44 │ VAL  AUROC 0.9692 | AUPRC 0.6969 (base 0.0141) | F1 0.6944 (thr 0.789) | P 0.9609 R 0.5436 | MCC 0.7201
15:24:44 │ best AUPRC 0.7028 @ ep30   patience 18/20
15:24:44 └────────────────────────────────────────────────────────────────────────────
15:24:44 [train] ep33 step   1/19 | loss 0.0064 (pos 0.077/neg 0.002) | sup 507+/8906- | seedF1 0.740 | subgraph n=9,413 e=30,242 | lr 2.76e-04 | gpu 973MB
15:24:44 [train] ep33 step   2/19 | loss 0.0073 (pos 0.077/neg 0.003) | sup 526+/8378- | seedF1 0.699 | subgraph n=8,904 e=28,304 | lr 2.76e-04 | gpu 973MB
15:24:45 [train] ep33 step   7/19 | loss 0.0076 (pos 0.076/neg 0.004) | sup 488+/9180- | seedF1 0.701 | subgraph n=9,668 e=30,820 | lr 2.75e-04 | gpu 973MB
15:24:45 [train] ep33 step  12/19 | loss 0.0067 (pos 0.077/neg 0.003) | sup 525+/9541- | seedF1 0.697 | subgraph n=10,066 e=31,807 | lr 2.74e-04 | gpu 973MB
15:24:46 [train] ep33 step  17/19 | loss 0.0086 (pos 0.101/neg 0.003) | sup 519+/9023- | seedF1 0.696 | subgraph n=9,542 e=30,664 | lr 2.73e-04 | gpu 973MB
15:24:47 ┌────────────────────────────────────────────────────────────────────────────
15:24:47 │ EPOCH  33/80  train_loss 0.0075 (pos 0.085 / neg 0.003)  seedF1 0.690  1.9s  (93935 seeds/s)  eta ~1.5min
15:24:47 │ VAL  AUROC 0.9684 | AUPRC 0.6937 (base 0.0141) | F1 0.6916 (thr 0.799) | P 0.9239 R 0.5527 | MCC 0.7117
15:24:47 │ best AUPRC 0.7028 @ ep30   patience 17/20
15:24:47 └────────────────────────────────────────────────────────────────────────────
15:24:47 [train] ep34 step   1/19 | loss 0.0081 (pos 0.106/neg 0.003) | sup 505+/9123- | seedF1 0.603 | subgraph n=9,628 e=31,222 | lr 2.72e-04 | gpu 973MB
15:24:47 [train] ep34 step   3/19 | loss 0.0070 (pos 0.073/neg 0.004) | sup 444+/8635- | seedF1 0.665 | subgraph n=9,079 e=29,274 | lr 2.71e-04 | gpu 973MB
15:24:48 [train] ep34 step   8/19 | loss 0.0071 (pos 0.073/neg 0.003) | sup 509+/8763- | seedF1 0.678 | subgraph n=9,272 e=29,718 | lr 2.70e-04 | gpu 973MB
15:24:48 [train] ep34 step  13/19 | loss 0.0076 (pos 0.087/neg 0.003) | sup 496+/8373- | seedF1 0.674 | subgraph n=8,869 e=28,360 | lr 2.69e-04 | gpu 973MB
15:24:49 [train] ep34 step  18/19 | loss 0.0064 (pos 0.072/neg 0.003) | sup 465+/9086- | seedF1 0.673 | subgraph n=9,551 e=30,886 | lr 2.68e-04 | gpu 973MB
15:24:50 ┌────────────────────────────────────────────────────────────────────────────
15:24:50 │ EPOCH  34/80  train_loss 0.0074 (pos 0.082 / neg 0.003)  seedF1 0.674  1.9s  (92328 seeds/s)  eta ~1.5min
15:24:50 │ VAL  AUROC 0.9688 | AUPRC 0.7010 (base 0.0141) | F1 0.6974 (thr 0.797) | P 0.9485 R 0.5514 | MCC 0.7205
15:24:50 │ best AUPRC 0.7028 @ ep30   patience 16/20
15:24:50 └────────────────────────────────────────────────────────────────────────────
15:24:50 [train] ep35 step   1/19 | loss 0.0073 (pos 0.072/neg 0.003) | sup 521+/8777- | seedF1 0.589 | subgraph n=9,298 e=29,953 | lr 2.67e-04 | gpu 973MB
15:24:50 [train] ep35 step   4/19 | loss 0.0067 (pos 0.071/neg 0.003) | sup 472+/8646- | seedF1 0.675 | subgraph n=9,118 e=28,926 | lr 2.66e-04 | gpu 973MB
15:24:51 [train] ep35 step   9/19 | loss 0.0072 (pos 0.080/neg 0.003) | sup 452+/8545- | seedF1 0.665 | subgraph n=8,997 e=28,723 | lr 2.65e-04 | gpu 973MB
15:24:51 [train] ep35 step  14/19 | loss 0.0065 (pos 0.063/neg 0.003) | sup 531+/8854- | seedF1 0.672 | subgraph n=9,385 e=30,439 | lr 2.64e-04 | gpu 973MB
15:24:52 [train] ep35 step  19/19 | loss 0.0068 (pos 0.074/neg 0.003) | sup 495+/8603- | seedF1 0.679 | subgraph n=9,098 e=29,852 | lr 2.62e-04 | gpu 973MB
15:24:53 ┌────────────────────────────────────────────────────────────────────────────
15:24:53 │ EPOCH  35/80  train_loss 0.0071 (pos 0.079 / neg 0.003)  seedF1 0.679  1.9s  (93368 seeds/s)  eta ~1.4min
15:24:53 │ VAL  AUROC 0.9679 | AUPRC 0.6787 (base 0.0141) | F1 0.6728 (thr 0.851) | P 0.9524 R 0.5202 | MCC 0.7011
15:24:53 │ best AUPRC 0.7028 @ ep30   patience 15/20
15:24:53 └────────────────────────────────────────────────────────────────────────────
15:24:53 [train] ep36 step   1/19 | loss 0.0064 (pos 0.071/neg 0.003) | sup 460+/9298- | seedF1 0.664 | subgraph n=9,758 e=30,939 | lr 2.62e-04 | gpu 973MB
15:24:53 [train] ep36 step   5/19 | loss 0.0073 (pos 0.071/neg 0.004) | sup 458+/7917- | seedF1 0.644 | subgraph n=8,375 e=26,504 | lr 2.61e-04 | gpu 973MB
15:24:54 [train] ep36 step  10/19 | loss 0.0075 (pos 0.075/neg 0.003) | sup 463+/7848- | seedF1 0.621 | subgraph n=8,311 e=26,706 | lr 2.60e-04 | gpu 973MB
15:24:54 [train] ep36 step  15/19 | loss 0.0075 (pos 0.083/neg 0.003) | sup 483+/8963- | seedF1 0.622 | subgraph n=9,446 e=29,831 | lr 2.58e-04 | gpu 973MB
15:24:56 ┌────────────────────────────────────────────────────────────────────────────
15:24:56 │ EPOCH  36/80  train_loss 0.0073 (pos 0.078 / neg 0.003)  seedF1 0.618  1.9s  (93308 seeds/s)  eta ~1.4min
15:24:56 │ VAL  AUROC 0.9690 | AUPRC 0.6998 (base 0.0141) | F1 0.6946 (thr 0.819) | P 0.9742 R 0.5397 | MCC 0.7225
15:24:56 │ best AUPRC 0.7028 @ ep30   patience 14/20
15:24:56 └────────────────────────────────────────────────────────────────────────────
15:24:56 [train] ep37 step   1/19 | loss 0.0072 (pos 0.072/neg 0.003) | sup 522+/8391- | seedF1 0.679 | subgraph n=8,913 e=28,399 | lr 2.57e-04 | gpu 973MB
15:24:56 [train] ep37 step   6/19 | loss 0.0071 (pos 0.078/neg 0.003) | sup 476+/8781- | seedF1 0.669 | subgraph n=9,257 e=29,537 | lr 2.55e-04 | gpu 973MB
15:24:57 [train] ep37 step  11/19 | loss 0.0071 (pos 0.079/neg 0.003) | sup 480+/8740- | seedF1 0.667 | subgraph n=9,220 e=29,516 | lr 2.54e-04 | gpu 973MB
15:24:57 [train] ep37 step  16/19 | loss 0.0079 (pos 0.090/neg 0.003) | sup 482+/8725- | seedF1 0.662 | subgraph n=9,207 e=29,269 | lr 2.52e-04 | gpu 973MB
15:24:59 ┌────────────────────────────────────────────────────────────────────────────
15:24:59 │ EPOCH  37/80  train_loss 0.0071 (pos 0.078 / neg 0.003)  seedF1 0.666  1.9s  (93208 seeds/s)  eta ~1.4min
15:24:59 │ VAL  AUROC 0.9694 | AUPRC 0.7031 (base 0.0141) | F1 0.6974 (thr 0.809) | P 0.9811 R 0.5410 | MCC 0.7260
15:24:59 │ best AUPRC 0.7031 @ ep37   ** improved **
15:24:59 └────────────────────────────────────────────────────────────────────────────
15:24:59 [train] ep38 step   1/19 | loss 0.0074 (pos 0.093/neg 0.003) | sup 510+/9205- | seedF1 0.654 | subgraph n=9,715 e=31,242 | lr 2.51e-04 | gpu 973MB
15:24:59 [train] ep38 step   2/19 | loss 0.0063 (pos 0.070/neg 0.003) | sup 499+/8645- | seedF1 0.665 | subgraph n=9,144 e=29,579 | lr 2.51e-04 | gpu 973MB
15:24:59 [train] ep38 step   7/19 | loss 0.0071 (pos 0.080/neg 0.003) | sup 438+/8428- | seedF1 0.674 | subgraph n=8,866 e=28,597 | lr 2.49e-04 | gpu 973MB
15:25:00 [train] ep38 step  12/19 | loss 0.0070 (pos 0.073/neg 0.003) | sup 495+/8662- | seedF1 0.685 | subgraph n=9,157 e=29,413 | lr 2.48e-04 | gpu 973MB
15:25:00 [train] ep38 step  17/19 | loss 0.0069 (pos 0.065/neg 0.004) | sup 497+/8454- | seedF1 0.681 | subgraph n=8,951 e=28,396 | lr 2.46e-04 | gpu 973MB
15:25:02 ┌────────────────────────────────────────────────────────────────────────────
15:25:02 │ EPOCH  38/80  train_loss 0.0071 (pos 0.076 / neg 0.003)  seedF1 0.680  1.9s  (91783 seeds/s)  eta ~1.3min
15:25:02 │ VAL  AUROC 0.9682 | AUPRC 0.6878 (base 0.0141) | F1 0.6816 (thr 0.833) | P 0.9447 R 0.5332 | MCC 0.7069
15:25:02 │ best AUPRC 0.7031 @ ep37   patience 19/20
15:25:02 └────────────────────────────────────────────────────────────────────────────
15:25:02 [train] ep39 step   1/19 | loss 0.0072 (pos 0.073/neg 0.004) | sup 479+/9363- | seedF1 0.613 | subgraph n=9,842 e=31,266 | lr 2.45e-04 | gpu 973MB
15:25:02 [train] ep39 step   3/19 | loss 0.0070 (pos 0.072/neg 0.003) | sup 521+/9003- | seedF1 0.641 | subgraph n=9,524 e=30,316 | lr 2.45e-04 | gpu 973MB
15:25:02 [train] ep39 step   8/19 | loss 0.0060 (pos 0.064/neg 0.003) | sup 489+/9190- | seedF1 0.648 | subgraph n=9,679 e=31,488 | lr 2.43e-04 | gpu 973MB
15:25:03 [train] ep39 step  13/19 | loss 0.0068 (pos 0.078/neg 0.003) | sup 465+/8764- | seedF1 0.644 | subgraph n=9,229 e=29,562 | lr 2.42e-04 | gpu 973MB
15:25:03 [train] ep39 step  18/19 | loss 0.0065 (pos 0.067/neg 0.003) | sup 492+/8521- | seedF1 0.643 | subgraph n=9,013 e=28,969 | lr 2.40e-04 | gpu 973MB
15:25:05 ┌────────────────────────────────────────────────────────────────────────────
15:25:05 │ EPOCH  39/80  train_loss 0.0069 (pos 0.077 / neg 0.003)  seedF1 0.647  1.9s  (92918 seeds/s)  eta ~1.3min
15:25:05 │ VAL  AUROC 0.9704 | AUPRC 0.7013 (base 0.0141) | F1 0.6945 (thr 0.833) | P 0.9697 R 0.5410 | MCC 0.7217
15:25:05 │ best AUPRC 0.7031 @ ep37   patience 18/20
15:25:05 └────────────────────────────────────────────────────────────────────────────
15:25:05 [train] ep40 step   1/19 | loss 0.0068 (pos 0.085/neg 0.003) | sup 472+/9378- | seedF1 0.621 | subgraph n=9,850 e=31,097 | lr 2.39e-04 | gpu 973MB
15:25:05 [train] ep40 step   4/19 | loss 0.0067 (pos 0.069/neg 0.003) | sup 499+/8820- | seedF1 0.655 | subgraph n=9,319 e=29,875 | lr 2.38e-04 | gpu 973MB
15:25:05 [train] ep40 step   9/19 | loss 0.0066 (pos 0.078/neg 0.003) | sup 540+/9547- | seedF1 0.672 | subgraph n=10,087 e=32,437 | lr 2.37e-04 | gpu 973MB
15:25:06 [train] ep40 step  14/19 | loss 0.0063 (pos 0.075/neg 0.003) | sup 466+/9438- | seedF1 0.668 | subgraph n=9,904 e=31,522 | lr 2.35e-04 | gpu 973MB
15:25:07 [train] ep40 step  19/19 | loss 0.0070 (pos 0.074/neg 0.003) | sup 484+/8418- | seedF1 0.666 | subgraph n=8,902 e=28,603 | lr 2.33e-04 | gpu 973MB
15:25:08 ┌────────────────────────────────────────────────────────────────────────────
15:25:08 │ EPOCH  40/80  train_loss 0.0067 (pos 0.075 / neg 0.003)  seedF1 0.666  2.0s  (91053 seeds/s)  eta ~1.3min
15:25:08 │ VAL  AUROC 0.9690 | AUPRC 0.7022 (base 0.0141) | F1 0.6986 (thr 0.797) | P 0.9307 R 0.5592 | MCC 0.7186
15:25:08 │ best AUPRC 0.7031 @ ep37   patience 17/20
15:25:08 └────────────────────────────────────────────────────────────────────────────
15:25:08 [train] ep41 step   1/19 | loss 0.0072 (pos 0.074/neg 0.003) | sup 517+/8966- | seedF1 0.718 | subgraph n=9,483 e=30,193 | lr 2.33e-04 | gpu 973MB
15:25:08 [train] ep41 step   5/19 | loss 0.0082 (pos 0.085/neg 0.003) | sup 559+/9098- | seedF1 0.718 | subgraph n=9,657 e=30,706 | lr 2.32e-04 | gpu 973MB
15:25:09 [train] ep41 step  10/19 | loss 0.0063 (pos 0.064/neg 0.003) | sup 511+/8722- | seedF1 0.722 | subgraph n=9,233 e=29,495 | lr 2.30e-04 | gpu 973MB
15:25:09 [train] ep41 step  15/19 | loss 0.0061 (pos 0.073/neg 0.003) | sup 492+/9745- | seedF1 0.728 | subgraph n=10,237 e=32,566 | lr 2.28e-04 | gpu 973MB
15:25:10 ┌────────────────────────────────────────────────────────────────────────────
15:25:10 │ EPOCH  41/80  train_loss 0.0065 (pos 0.071 / neg 0.003)  seedF1 0.724  1.9s  (92872 seeds/s)  eta ~1.3min
15:25:10 │ VAL  AUROC 0.9675 | AUPRC 0.6831 (base 0.0141) | F1 0.6807 (thr 0.869) | P 0.9620 R 0.5267 | MCC 0.7091
15:25:10 │ best AUPRC 0.7031 @ ep37   patience 16/20
15:25:10 └────────────────────────────────────────────────────────────────────────────
15:25:11 [train] ep42 step   1/19 | loss 0.0067 (pos 0.069/neg 0.003) | sup 524+/9273- | seedF1 0.603 | subgraph n=9,797 e=31,359 | lr 2.26e-04 | gpu 973MB
15:25:11 [train] ep42 step   6/19 | loss 0.0073 (pos 0.080/neg 0.003) | sup 504+/8916- | seedF1 0.622 | subgraph n=9,420 e=30,077 | lr 2.25e-04 | gpu 973MB
15:25:11 [train] ep42 step  11/19 | loss 0.0063 (pos 0.066/neg 0.003) | sup 492+/9030- | seedF1 0.629 | subgraph n=9,522 e=30,109 | lr 2.23e-04 | gpu 973MB
15:25:12 [train] ep42 step  16/19 | loss 0.0075 (pos 0.082/neg 0.003) | sup 515+/7902- | seedF1 0.635 | subgraph n=8,417 e=27,083 | lr 2.21e-04 | gpu 973MB
15:25:13 ┌────────────────────────────────────────────────────────────────────────────
15:25:13 │ EPOCH  42/80  train_loss 0.0068 (pos 0.073 / neg 0.003)  seedF1 0.634  1.9s  (93613 seeds/s)  eta ~1.2min
15:25:13 │ VAL  AUROC 0.9689 | AUPRC 0.7016 (base 0.0141) | F1 0.7002 (thr 0.823) | P 0.9593 R 0.5514 | MCC 0.7246
15:25:13 │ best AUPRC 0.7031 @ ep37   patience 15/20
15:25:13 └────────────────────────────────────────────────────────────────────────────
15:25:13 [train] ep43 step   1/19 | loss 0.0073 (pos 0.081/neg 0.003) | sup 486+/8415- | seedF1 0.712 | subgraph n=8,901 e=28,637 | lr 2.20e-04 | gpu 973MB
15:25:13 [train] ep43 step   2/19 | loss 0.0071 (pos 0.064/neg 0.003) | sup 519+/8197- | seedF1 0.716 | subgraph n=8,716 e=27,676 | lr 2.19e-04 | gpu 973MB
15:25:14 [train] ep43 step   7/19 | loss 0.0066 (pos 0.069/neg 0.003) | sup 526+/8926- | seedF1 0.691 | subgraph n=9,452 e=30,786 | lr 2.18e-04 | gpu 973MB
15:25:14 [train] ep43 step  12/19 | loss 0.0075 (pos 0.082/neg 0.003) | sup 510+/8749- | seedF1 0.687 | subgraph n=9,259 e=29,167 | lr 2.16e-04 | gpu 973MB
15:25:15 [train] ep43 step  17/19 | loss 0.0063 (pos 0.068/neg 0.003) | sup 475+/8344- | seedF1 0.684 | subgraph n=8,819 e=28,498 | lr 2.14e-04 | gpu 973MB
15:25:16 ┌────────────────────────────────────────────────────────────────────────────
15:25:16 │ EPOCH  43/80  train_loss 0.0069 (pos 0.071 / neg 0.003)  seedF1 0.685  1.9s  (92317 seeds/s)  eta ~1.2min
15:25:16 │ VAL  AUROC 0.9692 | AUPRC 0.7033 (base 0.0141) | F1 0.6949 (thr 0.847) | P 0.9631 R 0.5436 | MCC 0.7209
15:25:16 │ best AUPRC 0.7033 @ ep43   ** improved **
15:25:16 └────────────────────────────────────────────────────────────────────────────
15:25:16 [train] ep44 step   1/19 | loss 0.0060 (pos 0.071/neg 0.003) | sup 500+/9489- | seedF1 0.683 | subgraph n=9,989 e=32,268 | lr 2.13e-04 | gpu 973MB
15:25:16 [train] ep44 step   3/19 | loss 0.0065 (pos 0.060/neg 0.003) | sup 484+/7988- | seedF1 0.670 | subgraph n=8,472 e=26,902 | lr 2.12e-04 | gpu 973MB
15:25:17 [train] ep44 step   8/19 | loss 0.0057 (pos 0.057/neg 0.003) | sup 497+/8814- | seedF1 0.683 | subgraph n=9,311 e=29,696 | lr 2.10e-04 | gpu 973MB
15:25:17 [train] ep44 step  13/19 | loss 0.0061 (pos 0.059/neg 0.003) | sup 485+/8519- | seedF1 0.680 | subgraph n=9,004 e=28,350 | lr 2.08e-04 | gpu 973MB
15:25:18 [train] ep44 step  18/19 | loss 0.0059 (pos 0.056/neg 0.003) | sup 490+/8500- | seedF1 0.677 | subgraph n=8,990 e=28,951 | lr 2.06e-04 | gpu 973MB
15:25:19 ┌────────────────────────────────────────────────────────────────────────────
15:25:19 │ EPOCH  44/80  train_loss 0.0065 (pos 0.069 / neg 0.003)  seedF1 0.676  1.9s  (92416 seeds/s)  eta ~1.1min
15:25:19 │ VAL  AUROC 0.9703 | AUPRC 0.7043 (base 0.0141) | F1 0.6988 (thr 0.828) | P 0.9656 R 0.5475 | MCC 0.7244
15:25:19 │ best AUPRC 0.7043 @ ep44   ** improved **
15:25:19 └────────────────────────────────────────────────────────────────────────────
15:25:19 [train] ep45 step   1/19 | loss 0.0056 (pos 0.059/neg 0.003) | sup 495+/9102- | seedF1 0.710 | subgraph n=9,597 e=30,872 | lr 2.06e-04 | gpu 973MB
15:25:19 [train] ep45 step   4/19 | loss 0.0062 (pos 0.065/neg 0.003) | sup 478+/8544- | seedF1 0.716 | subgraph n=9,022 e=28,897 | lr 2.05e-04 | gpu 973MB
15:25:20 [train] ep45 step   9/19 | loss 0.0063 (pos 0.061/neg 0.003) | sup 495+/8402- | seedF1 0.701 | subgraph n=8,897 e=28,687 | lr 2.03e-04 | gpu 973MB
15:25:20 [train] ep45 step  14/19 | loss 0.0053 (pos 0.054/neg 0.003) | sup 485+/8583- | seedF1 0.707 | subgraph n=9,068 e=29,069 | lr 2.01e-04 | gpu 973MB
15:25:21 [train] ep45 step  19/19 | loss 0.0076 (pos 0.080/neg 0.004) | sup 485+/8622- | seedF1 0.696 | subgraph n=9,107 e=29,504 | lr 1.99e-04 | gpu 973MB
15:25:22 ┌────────────────────────────────────────────────────────────────────────────
15:25:22 │ EPOCH  45/80  train_loss 0.0064 (pos 0.070 / neg 0.003)  seedF1 0.696  1.9s  (93996 seeds/s)  eta ~1.1min
15:25:22 │ VAL  AUROC 0.9696 | AUPRC 0.6962 (base 0.0141) | F1 0.6944 (thr 0.847) | P 0.9653 R 0.5423 | MCC 0.7209
15:25:22 │ best AUPRC 0.7043 @ ep44   patience 19/20
15:25:22 └────────────────────────────────────────────────────────────────────────────
15:25:22 [train] ep46 step   1/19 | loss 0.0058 (pos 0.058/neg 0.003) | sup 465+/9180- | seedF1 0.642 | subgraph n=9,645 e=31,232 | lr 1.98e-04 | gpu 973MB
15:25:22 [train] ep46 step   5/19 | loss 0.0063 (pos 0.075/neg 0.003) | sup 478+/9121- | seedF1 0.663 | subgraph n=9,599 e=30,856 | lr 1.97e-04 | gpu 973MB
15:25:23 [train] ep46 step  10/19 | loss 0.0066 (pos 0.073/neg 0.003) | sup 505+/9083- | seedF1 0.654 | subgraph n=9,588 e=30,640 | lr 1.95e-04 | gpu 973MB
15:25:23 [train] ep46 step  15/19 | loss 0.0065 (pos 0.070/neg 0.003) | sup 507+/8580- | seedF1 0.658 | subgraph n=9,087 e=29,545 | lr 1.93e-04 | gpu 973MB
15:25:25 ┌────────────────────────────────────────────────────────────────────────────
15:25:25 │ EPOCH  46/80  train_loss 0.0066 (pos 0.070 / neg 0.003)  seedF1 0.650  1.9s  (92554 seeds/s)  eta ~1.1min
15:25:25 │ VAL  AUROC 0.9694 | AUPRC 0.6943 (base 0.0141) | F1 0.6813 (thr 0.856) | P 0.9734 R 0.5241 | MCC 0.7116
15:25:25 │ best AUPRC 0.7043 @ ep44   patience 18/20
15:25:25 └────────────────────────────────────────────────────────────────────────────
15:25:25 [train] ep47 step   1/19 | loss 0.0070 (pos 0.078/neg 0.003) | sup 550+/9273- | seedF1 0.643 | subgraph n=9,823 e=31,082 | lr 1.91e-04 | gpu 973MB
15:25:25 [train] ep47 step   6/19 | loss 0.0068 (pos 0.073/neg 0.004) | sup 472+/9462- | seedF1 0.646 | subgraph n=9,934 e=32,096 | lr 1.89e-04 | gpu 973MB
15:25:26 [train] ep47 step  11/19 | loss 0.0071 (pos 0.088/neg 0.002) | sup 519+/8693- | seedF1 0.656 | subgraph n=9,212 e=29,568 | lr 1.87e-04 | gpu 973MB
15:25:26 [train] ep47 step  16/19 | loss 0.0061 (pos 0.051/neg 0.003) | sup 520+/8524- | seedF1 0.655 | subgraph n=9,044 e=29,024 | lr 1.85e-04 | gpu 973MB
15:25:28 ┌────────────────────────────────────────────────────────────────────────────
15:25:28 │ EPOCH  47/80  train_loss 0.0065 (pos 0.069 / neg 0.003)  seedF1 0.652  1.9s  (92810 seeds/s)  eta ~1.0min
15:25:28 │ VAL  AUROC 0.9702 | AUPRC 0.7073 (base 0.0141) | F1 0.7038 (thr 0.833) | P 0.9769 R 0.5501 | MCC 0.7305
15:25:28 │ best AUPRC 0.7073 @ ep47   ** improved **
15:25:28 └────────────────────────────────────────────────────────────────────────────
15:25:28 [train] ep48 step   1/19 | loss 0.0074 (pos 0.077/neg 0.004) | sup 475+/8575- | seedF1 0.668 | subgraph n=9,050 e=29,331 | lr 1.84e-04 | gpu 973MB
15:25:28 [train] ep48 step   2/19 | loss 0.0070 (pos 0.072/neg 0.003) | sup 521+/8624- | seedF1 0.679 | subgraph n=9,145 e=29,352 | lr 1.83e-04 | gpu 973MB
15:25:28 [train] ep48 step   7/19 | loss 0.0066 (pos 0.067/neg 0.003) | sup 523+/8471- | seedF1 0.664 | subgraph n=8,994 e=29,226 | lr 1.81e-04 | gpu 973MB
15:25:29 [train] ep48 step  12/19 | loss 0.0067 (pos 0.056/neg 0.004) | sup 546+/9074- | seedF1 0.666 | subgraph n=9,620 e=30,560 | lr 1.79e-04 | gpu 973MB
15:25:29 [train] ep48 step  17/19 | loss 0.0071 (pos 0.089/neg 0.002) | sup 497+/8838- | seedF1 0.662 | subgraph n=9,335 e=29,910 | lr 1.77e-04 | gpu 973MB
15:25:31 ┌────────────────────────────────────────────────────────────────────────────
15:25:31 │ EPOCH  48/80  train_loss 0.0067 (pos 0.074 / neg 0.003)  seedF1 0.669  1.9s  (91591 seeds/s)  eta ~1.0min
15:25:31 │ VAL  AUROC 0.9699 | AUPRC 0.7128 (base 0.0141) | F1 0.7067 (thr 0.801) | P 0.9598 R 0.5592 | MCC 0.7300
15:25:31 │ best AUPRC 0.7128 @ ep48   ** improved **
15:25:31 └────────────────────────────────────────────────────────────────────────────
15:25:31 [train] ep49 step   1/19 | loss 0.0063 (pos 0.074/neg 0.003) | sup 512+/9542- | seedF1 0.704 | subgraph n=10,054 e=32,286 | lr 1.76e-04 | gpu 973MB
15:25:31 [train] ep49 step   3/19 | loss 0.0072 (pos 0.090/neg 0.003) | sup 514+/9467- | seedF1 0.698 | subgraph n=9,981 e=31,469 | lr 1.75e-04 | gpu 973MB
15:25:31 [train] ep49 step   8/19 | loss 0.0063 (pos 0.055/neg 0.003) | sup 487+/8319- | seedF1 0.719 | subgraph n=8,806 e=28,208 | lr 1.73e-04 | gpu 973MB
15:25:32 [train] ep49 step  13/19 | loss 0.0071 (pos 0.079/neg 0.003) | sup 528+/8842- | seedF1 0.725 | subgraph n=9,370 e=29,917 | lr 1.71e-04 | gpu 973MB
15:25:32 [train] ep49 step  18/19 | loss 0.0067 (pos 0.071/neg 0.003) | sup 527+/8870- | seedF1 0.722 | subgraph n=9,397 e=30,050 | lr 1.69e-04 | gpu 973MB
15:25:34 ┌────────────────────────────────────────────────────────────────────────────
15:25:34 │ EPOCH  49/80  train_loss 0.0064 (pos 0.069 / neg 0.003)  seedF1 0.724  1.9s  (92996 seeds/s)  eta ~1.0min
15:25:34 │ VAL  AUROC 0.9691 | AUPRC 0.6990 (base 0.0141) | F1 0.6960 (thr 0.833) | P 0.9323 R 0.5553 | MCC 0.7167
15:25:34 │ best AUPRC 0.7128 @ ep48   patience 19/20
15:25:34 └────────────────────────────────────────────────────────────────────────────
15:25:34 [train] ep50 step   1/19 | loss 0.0061 (pos 0.071/neg 0.003) | sup 452+/9154- | seedF1 0.730 | subgraph n=9,606 e=30,899 | lr 1.69e-04 | gpu 973MB
15:25:34 [train] ep50 step   4/19 | loss 0.0067 (pos 0.072/neg 0.003) | sup 510+/8743- | seedF1 0.695 | subgraph n=9,253 e=29,489 | lr 1.67e-04 | gpu 973MB
15:25:34 [train] ep50 step   9/19 | loss 0.0068 (pos 0.072/neg 0.003) | sup 543+/8947- | seedF1 0.691 | subgraph n=9,490 e=30,471 | lr 1.65e-04 | gpu 973MB
15:25:35 [train] ep50 step  14/19 | loss 0.0059 (pos 0.066/neg 0.003) | sup 498+/9001- | seedF1 0.692 | subgraph n=9,499 e=30,813 | lr 1.63e-04 | gpu 973MB
15:25:35 [train] ep50 step  19/19 | loss 0.0067 (pos 0.070/neg 0.003) | sup 545+/9172- | seedF1 0.682 | subgraph n=9,717 e=31,075 | lr 1.61e-04 | gpu 973MB
15:25:36 ┌────────────────────────────────────────────────────────────────────────────
15:25:36 │ EPOCH  50/80  train_loss 0.0063 (pos 0.068 / neg 0.003)  seedF1 0.682  1.9s  (93527 seeds/s)  eta ~1.0min
15:25:36 │ VAL  AUROC 0.9695 | AUPRC 0.7044 (base 0.0141) | F1 0.7008 (thr 0.829) | P 0.9615 R 0.5514 | MCC 0.7255
15:25:36 │ best AUPRC 0.7128 @ ep48   patience 18/20
15:25:36 └────────────────────────────────────────────────────────────────────────────
15:25:37 [train] ep51 step   1/19 | loss 0.0068 (pos 0.066/neg 0.003) | sup 491+/8116- | seedF1 0.722 | subgraph n=8,607 e=27,658 | lr 1.61e-04 | gpu 973MB
15:25:37 [train] ep51 step   5/19 | loss 0.0064 (pos 0.063/neg 0.003) | sup 499+/8700- | seedF1 0.668 | subgraph n=9,199 e=29,344 | lr 1.59e-04 | gpu 973MB
15:25:37 [train] ep51 step  10/19 | loss 0.0059 (pos 0.061/neg 0.003) | sup 513+/8851- | seedF1 0.667 | subgraph n=9,364 e=29,853 | lr 1.57e-04 | gpu 973MB
15:25:38 [train] ep51 step  15/19 | loss 0.0068 (pos 0.085/neg 0.002) | sup 521+/9511- | seedF1 0.675 | subgraph n=10,032 e=32,089 | lr 1.56e-04 | gpu 973MB
15:25:39 ┌────────────────────────────────────────────────────────────────────────────
15:25:39 │ EPOCH  51/80  train_loss 0.0062 (pos 0.068 / neg 0.003)  seedF1 0.679  1.9s  (94669 seeds/s)  eta ~0.9min
15:25:39 │ VAL  AUROC 0.9699 | AUPRC 0.7039 (base 0.0141) | F1 0.6994 (thr 0.847) | P 0.9722 R 0.5462 | MCC 0.7261
15:25:39 │ best AUPRC 0.7128 @ ep48   patience 17/20
15:25:39 └────────────────────────────────────────────────────────────────────────────
15:25:39 [train] ep52 step   1/19 | loss 0.0063 (pos 0.070/neg 0.003) | sup 559+/10163- | seedF1 0.693 | subgraph n=10,722 e=33,965 | lr 1.54e-04 | gpu 973MB
15:25:40 [train] ep52 step   6/19 | loss 0.0060 (pos 0.070/neg 0.003) | sup 487+/9662- | seedF1 0.689 | subgraph n=10,149 e=32,375 | lr 1.52e-04 | gpu 973MB
15:25:40 [train] ep52 step  11/19 | loss 0.0057 (pos 0.063/neg 0.003) | sup 494+/9087- | seedF1 0.670 | subgraph n=9,581 e=30,610 | lr 1.50e-04 | gpu 973MB
15:25:41 [train] ep52 step  16/19 | loss 0.0054 (pos 0.051/neg 0.003) | sup 503+/8011- | seedF1 0.668 | subgraph n=8,514 e=27,545 | lr 1.48e-04 | gpu 973MB
15:25:42 ┌────────────────────────────────────────────────────────────────────────────
15:25:42 │ EPOCH  52/80  train_loss 0.0061 (pos 0.066 / neg 0.003)  seedF1 0.670  1.9s  (92870 seeds/s)  eta ~0.9min
15:25:42 │ VAL  AUROC 0.9699 | AUPRC 0.7089 (base 0.0141) | F1 0.7004 (thr 0.841) | P 0.9679 R 0.5488 | MCC 0.7262
15:25:42 │ best AUPRC 0.7128 @ ep48   patience 16/20
15:25:42 └────────────────────────────────────────────────────────────────────────────
15:25:42 [train] ep53 step   1/19 | loss 0.0062 (pos 0.072/neg 0.003) | sup 486+/9005- | seedF1 0.722 | subgraph n=9,491 e=30,365 | lr 1.46e-04 | gpu 973MB
15:25:42 [train] ep53 step   2/19 | loss 0.0059 (pos 0.068/neg 0.003) | sup 494+/9183- | seedF1 0.707 | subgraph n=9,677 e=30,774 | lr 1.46e-04 | gpu 973MB
15:25:43 [train] ep53 step   7/19 | loss 0.0061 (pos 0.068/neg 0.003) | sup 522+/9333- | seedF1 0.708 | subgraph n=9,855 e=31,607 | lr 1.44e-04 | gpu 973MB
15:25:43 [train] ep53 step  12/19 | loss 0.0055 (pos 0.054/neg 0.003) | sup 507+/8684- | seedF1 0.703 | subgraph n=9,191 e=29,497 | lr 1.42e-04 | gpu 973MB
15:25:44 [train] ep53 step  17/19 | loss 0.0051 (pos 0.052/neg 0.003) | sup 525+/9311- | seedF1 0.688 | subgraph n=9,836 e=31,356 | lr 1.40e-04 | gpu 973MB
15:25:45 ┌────────────────────────────────────────────────────────────────────────────
15:25:45 │ EPOCH  53/80  train_loss 0.0060 (pos 0.065 / neg 0.003)  seedF1 0.685  1.9s  (94320 seeds/s)  eta ~0.9min
15:25:45 │ VAL  AUROC 0.9696 | AUPRC 0.7045 (base 0.0141) | F1 0.7022 (thr 0.835) | P 0.9746 R 0.5488 | MCC 0.7288
15:25:45 │ best AUPRC 0.7128 @ ep48   patience 15/20
15:25:45 └────────────────────────────────────────────────────────────────────────────
15:25:45 [train] ep54 step   1/19 | loss 0.0061 (pos 0.070/neg 0.002) | sup 493+/8714- | seedF1 0.645 | subgraph n=9,207 e=29,306 | lr 1.38e-04 | gpu 973MB
15:25:45 [train] ep54 step   3/19 | loss 0.0061 (pos 0.069/neg 0.003) | sup 474+/8835- | seedF1 0.688 | subgraph n=9,309 e=30,202 | lr 1.38e-04 | gpu 973MB
15:25:46 [train] ep54 step   8/19 | loss 0.0049 (pos 0.043/neg 0.003) | sup 476+/8708- | seedF1 0.691 | subgraph n=9,184 e=29,571 | lr 1.36e-04 | gpu 973MB
15:25:46 [train] ep54 step  13/19 | loss 0.0056 (pos 0.053/neg 0.003) | sup 480+/8943- | seedF1 0.683 | subgraph n=9,423 e=30,250 | lr 1.34e-04 | gpu 973MB
15:25:47 [train] ep54 step  18/19 | loss 0.0066 (pos 0.073/neg 0.002) | sup 504+/8155- | seedF1 0.687 | subgraph n=8,659 e=27,995 | lr 1.32e-04 | gpu 973MB
15:25:48 ┌────────────────────────────────────────────────────────────────────────────
15:25:48 │ EPOCH  54/80  train_loss 0.0061 (pos 0.067 / neg 0.003)  seedF1 0.686  1.9s  (93851 seeds/s)  eta ~0.8min
15:25:48 │ VAL  AUROC 0.9698 | AUPRC 0.7113 (base 0.0141) | F1 0.7068 (thr 0.809) | P 0.9640 R 0.5579 | MCC 0.7308
15:25:48 │ best AUPRC 0.7128 @ ep48   patience 14/20
15:25:48 └────────────────────────────────────────────────────────────────────────────
15:25:48 [train] ep55 step   1/19 | loss 0.0071 (pos 0.091/neg 0.003) | sup 459+/8698- | seedF1 0.652 | subgraph n=9,157 e=29,533 | lr 1.31e-04 | gpu 973MB
15:25:48 [train] ep55 step   4/19 | loss 0.0058 (pos 0.054/neg 0.003) | sup 471+/8285- | seedF1 0.675 | subgraph n=8,756 e=28,268 | lr 1.30e-04 | gpu 973MB
15:25:49 [train] ep55 step   9/19 | loss 0.0064 (pos 0.069/neg 0.003) | sup 489+/8701- | seedF1 0.704 | subgraph n=9,190 e=29,477 | lr 1.28e-04 | gpu 973MB
15:25:49 [train] ep55 step  14/19 | loss 0.0052 (pos 0.061/neg 0.002) | sup 478+/9196- | seedF1 0.706 | subgraph n=9,674 e=30,690 | lr 1.26e-04 | gpu 973MB
15:25:50 [train] ep55 step  19/19 | loss 0.0064 (pos 0.059/neg 0.003) | sup 489+/8514- | seedF1 0.709 | subgraph n=9,003 e=28,442 | lr 1.24e-04 | gpu 973MB
15:25:51 ┌────────────────────────────────────────────────────────────────────────────
15:25:51 │ EPOCH  55/80  train_loss 0.0062 (pos 0.065 / neg 0.003)  seedF1 0.709  1.9s  (93851 seeds/s)  eta ~0.8min
15:25:51 │ VAL  AUROC 0.9696 | AUPRC 0.7030 (base 0.0141) | F1 0.7017 (thr 0.832) | P 0.9531 R 0.5553 | MCC 0.7248
15:25:51 │ best AUPRC 0.7128 @ ep48   patience 13/20
15:25:51 └────────────────────────────────────────────────────────────────────────────
15:25:51 [train] ep56 step   1/19 | loss 0.0060 (pos 0.063/neg 0.003) | sup 473+/8815- | seedF1 0.775 | subgraph n=9,288 e=29,873 | lr 1.23e-04 | gpu 973MB
15:25:51 [train] ep56 step   5/19 | loss 0.0070 (pos 0.071/neg 0.003) | sup 547+/9088- | seedF1 0.695 | subgraph n=9,635 e=30,640 | lr 1.22e-04 | gpu 973MB
15:25:52 [train] ep56 step  10/19 | loss 0.0063 (pos 0.075/neg 0.003) | sup 469+/8756- | seedF1 0.690 | subgraph n=9,225 e=29,834 | lr 1.20e-04 | gpu 973MB
15:25:52 [train] ep56 step  15/19 | loss 0.0051 (pos 0.056/neg 0.002) | sup 498+/8849- | seedF1 0.695 | subgraph n=9,347 e=30,021 | lr 1.18e-04 | gpu 973MB
15:25:54 ┌────────────────────────────────────────────────────────────────────────────
15:25:54 │ EPOCH  56/80  train_loss 0.0060 (pos 0.063 / neg 0.003)  seedF1 0.687  1.9s  (92635 seeds/s)  eta ~0.8min
15:25:54 │ VAL  AUROC 0.9700 | AUPRC 0.6994 (base 0.0141) | F1 0.6978 (thr 0.847) | P 0.9744 R 0.5436 | MCC 0.7252
15:25:54 │ best AUPRC 0.7128 @ ep48   patience 12/20
15:25:54 └────────────────────────────────────────────────────────────────────────────
15:25:54 [train] ep57 step   1/19 | loss 0.0049 (pos 0.041/neg 0.003) | sup 531+/8858- | seedF1 0.724 | subgraph n=9,389 e=29,717 | lr 1.16e-04 | gpu 973MB
15:25:54 [train] ep57 step   6/19 | loss 0.0048 (pos 0.045/neg 0.002) | sup 528+/9028- | seedF1 0.691 | subgraph n=9,556 e=30,564 | lr 1.14e-04 | gpu 973MB
15:25:55 [train] ep57 step  11/19 | loss 0.0054 (pos 0.051/neg 0.003) | sup 476+/8571- | seedF1 0.678 | subgraph n=9,047 e=29,341 | lr 1.12e-04 | gpu 973MB
15:25:55 [train] ep57 step  16/19 | loss 0.0051 (pos 0.056/neg 0.002) | sup 462+/8830- | seedF1 0.686 | subgraph n=9,292 e=29,827 | lr 1.10e-04 | gpu 973MB
15:25:57 ┌────────────────────────────────────────────────────────────────────────────
15:25:57 │ EPOCH  57/80  train_loss 0.0058 (pos 0.062 / neg 0.003)  seedF1 0.681  1.9s  (93895 seeds/s)  eta ~0.7min
15:25:57 │ VAL  AUROC 0.9695 | AUPRC 0.6988 (base 0.0141) | F1 0.6972 (thr 0.854) | P 0.9721 R 0.5436 | MCC 0.7243
15:25:57 │ best AUPRC 0.7128 @ ep48   patience 11/20
15:25:57 └────────────────────────────────────────────────────────────────────────────
15:25:57 [train] ep58 step   1/19 | loss 0.0049 (pos 0.054/neg 0.002) | sup 539+/10037- | seedF1 0.723 | subgraph n=10,576 e=33,708 | lr 1.09e-04 | gpu 973MB
15:25:57 [train] ep58 step   2/19 | loss 0.0061 (pos 0.066/neg 0.003) | sup 485+/8464- | seedF1 0.688 | subgraph n=8,949 e=28,707 | lr 1.09e-04 | gpu 973MB
15:25:57 [train] ep58 step   7/19 | loss 0.0062 (pos 0.075/neg 0.003) | sup 463+/8737- | seedF1 0.665 | subgraph n=9,200 e=28,877 | lr 1.07e-04 | gpu 973MB
15:25:58 [train] ep58 step  12/19 | loss 0.0055 (pos 0.061/neg 0.003) | sup 437+/8626- | seedF1 0.675 | subgraph n=9,063 e=29,105 | lr 1.05e-04 | gpu 973MB
15:25:58 [train] ep58 step  17/19 | loss 0.0061 (pos 0.062/neg 0.003) | sup 513+/8980- | seedF1 0.673 | subgraph n=9,493 e=30,561 | lr 1.03e-04 | gpu 973MB
15:26:00 ┌────────────────────────────────────────────────────────────────────────────
15:26:00 │ EPOCH  58/80  train_loss 0.0060 (pos 0.065 / neg 0.003)  seedF1 0.676  1.9s  (93839 seeds/s)  eta ~0.7min
15:26:00 │ VAL  AUROC 0.9703 | AUPRC 0.7047 (base 0.0141) | F1 0.7022 (thr 0.842) | P 0.9746 R 0.5488 | MCC 0.7288
15:26:00 │ best AUPRC 0.7128 @ ep48   patience 10/20
15:26:00 └────────────────────────────────────────────────────────────────────────────
15:26:00 [train] ep59 step   1/19 | loss 0.0054 (pos 0.049/neg 0.003) | sup 497+/8404- | seedF1 0.727 | subgraph n=8,901 e=28,516 | lr 1.02e-04 | gpu 973MB
15:26:00 [train] ep59 step   3/19 | loss 0.0059 (pos 0.068/neg 0.002) | sup 468+/8307- | seedF1 0.714 | subgraph n=8,775 e=28,295 | lr 1.01e-04 | gpu 973MB
15:26:00 [train] ep59 step   8/19 | loss 0.0064 (pos 0.072/neg 0.003) | sup 507+/9104- | seedF1 0.691 | subgraph n=9,611 e=30,875 | lr 9.93e-05 | gpu 973MB
15:26:01 [train] ep59 step  13/19 | loss 0.0061 (pos 0.060/neg 0.003) | sup 493+/8422- | seedF1 0.695 | subgraph n=8,915 e=28,571 | lr 9.75e-05 | gpu 973MB
15:26:01 [train] ep59 step  18/19 | loss 0.0063 (pos 0.083/neg 0.002) | sup 472+/8902- | seedF1 0.692 | subgraph n=9,374 e=30,264 | lr 9.57e-05 | gpu 973MB
15:26:02 ┌────────────────────────────────────────────────────────────────────────────
15:26:02 │ EPOCH  59/80  train_loss 0.0060 (pos 0.066 / neg 0.003)  seedF1 0.689  1.9s  (92382 seeds/s)  eta ~0.7min
15:26:02 │ VAL  AUROC 0.9702 | AUPRC 0.7109 (base 0.0141) | F1 0.7036 (thr 0.822) | P 0.9638 R 0.5540 | MCC 0.7281
15:26:02 │ best AUPRC 0.7128 @ ep48   patience 9/20
15:26:02 └────────────────────────────────────────────────────────────────────────────
15:26:03 [train] ep60 step   1/19 | loss 0.0059 (pos 0.063/neg 0.002) | sup 511+/8247- | seedF1 0.752 | subgraph n=8,758 e=27,737 | lr 9.50e-05 | gpu 973MB
15:26:03 [train] ep60 step   4/19 | loss 0.0058 (pos 0.060/neg 0.003) | sup 520+/9254- | seedF1 0.726 | subgraph n=9,774 e=31,435 | lr 9.39e-05 | gpu 973MB
15:26:03 [train] ep60 step   9/19 | loss 0.0071 (pos 0.084/neg 0.003) | sup 503+/8686- | seedF1 0.727 | subgraph n=9,189 e=29,512 | lr 9.21e-05 | gpu 973MB
15:26:04 [train] ep60 step  14/19 | loss 0.0063 (pos 0.066/neg 0.003) | sup 518+/8616- | seedF1 0.726 | subgraph n=9,134 e=29,703 | lr 9.03e-05 | gpu 973MB
15:26:04 [train] ep60 step  19/19 | loss 0.0071 (pos 0.086/neg 0.003) | sup 479+/8754- | seedF1 0.725 | subgraph n=9,233 e=29,608 | lr 8.86e-05 | gpu 973MB
15:26:05 ┌────────────────────────────────────────────────────────────────────────────
15:26:05 │ EPOCH  60/80  train_loss 0.0061 (pos 0.065 / neg 0.003)  seedF1 0.725  1.9s  (93358 seeds/s)  eta ~0.6min
15:26:05 │ VAL  AUROC 0.9699 | AUPRC 0.7033 (base 0.0141) | F1 0.7015 (thr 0.838) | P 0.9680 R 0.5501 | MCC 0.7271
15:26:05 │ best AUPRC 0.7128 @ ep48   patience 8/20
15:26:05 └────────────────────────────────────────────────────────────────────────────
15:26:06 [train] ep61 step   1/19 | loss 0.0064 (pos 0.079/neg 0.003) | sup 482+/9124- | seedF1 0.639 | subgraph n=9,606 e=30,675 | lr 8.82e-05 | gpu 973MB
15:26:06 [train] ep61 step   5/19 | loss 0.0057 (pos 0.044/neg 0.003) | sup 484+/8206- | seedF1 0.704 | subgraph n=8,690 e=28,142 | lr 8.68e-05 | gpu 973MB
15:26:06 [train] ep61 step  10/19 | loss 0.0060 (pos 0.065/neg 0.003) | sup 504+/8798- | seedF1 0.696 | subgraph n=9,302 e=29,746 | lr 8.51e-05 | gpu 973MB
15:26:07 [train] ep61 step  15/19 | loss 0.0067 (pos 0.080/neg 0.003) | sup 465+/8791- | seedF1 0.692 | subgraph n=9,256 e=29,902 | lr 8.34e-05 | gpu 973MB
15:26:08 ┌────────────────────────────────────────────────────────────────────────────
15:26:08 │ EPOCH  61/80  train_loss 0.0060 (pos 0.063 / neg 0.003)  seedF1 0.692  1.9s  (91918 seeds/s)  eta ~0.6min
15:26:08 │ VAL  AUROC 0.9698 | AUPRC 0.7042 (base 0.0141) | F1 0.7015 (thr 0.839) | P 0.9680 R 0.5501 | MCC 0.7271
15:26:08 │ best AUPRC 0.7128 @ ep48   patience 7/20
15:26:08 └────────────────────────────────────────────────────────────────────────────
15:26:08 [train] ep62 step   1/19 | loss 0.0062 (pos 0.062/neg 0.003) | sup 505+/8548- | seedF1 0.724 | subgraph n=9,053 e=29,106 | lr 8.17e-05 | gpu 973MB
15:26:09 [train] ep62 step   6/19 | loss 0.0065 (pos 0.067/neg 0.003) | sup 522+/8754- | seedF1 0.686 | subgraph n=9,276 e=29,996 | lr 8.00e-05 | gpu 973MB
15:26:09 [train] ep62 step  11/19 | loss 0.0067 (pos 0.073/neg 0.003) | sup 498+/8244- | seedF1 0.678 | subgraph n=8,742 e=27,951 | lr 7.83e-05 | gpu 973MB
15:26:10 [train] ep62 step  16/19 | loss 0.0058 (pos 0.066/neg 0.003) | sup 453+/8481- | seedF1 0.680 | subgraph n=8,934 e=28,912 | lr 7.67e-05 | gpu 973MB
15:26:11 ┌────────────────────────────────────────────────────────────────────────────
15:26:11 │ EPOCH  62/80  train_loss 0.0061 (pos 0.065 / neg 0.003)  seedF1 0.677  1.9s  (92564 seeds/s)  eta ~0.6min
15:26:11 │ VAL  AUROC 0.9701 | AUPRC 0.7131 (base 0.0141) | F1 0.7088 (thr 0.810) | P 0.9600 R 0.5618 | MCC 0.7318
15:26:11 │ best AUPRC 0.7131 @ ep62   ** improved **
15:26:11 └────────────────────────────────────────────────────────────────────────────
15:26:11 [train] ep63 step   1/19 | loss 0.0058 (pos 0.064/neg 0.003) | sup 528+/9554- | seedF1 0.736 | subgraph n=10,082 e=31,992 | lr 7.54e-05 | gpu 973MB
15:26:11 [train] ep63 step   2/19 | loss 0.0057 (pos 0.068/neg 0.002) | sup 527+/9625- | seedF1 0.722 | subgraph n=10,152 e=32,318 | lr 7.50e-05 | gpu 973MB
15:26:12 [train] ep63 step   7/19 | loss 0.0064 (pos 0.070/neg 0.003) | sup 521+/8856- | seedF1 0.726 | subgraph n=9,377 e=30,337 | lr 7.34e-05 | gpu 973MB
15:26:12 [train] ep63 step  12/19 | loss 0.0056 (pos 0.056/neg 0.003) | sup 509+/9254- | seedF1 0.726 | subgraph n=9,763 e=30,866 | lr 7.18e-05 | gpu 973MB
15:26:13 [train] ep63 step  17/19 | loss 0.0055 (pos 0.064/neg 0.002) | sup 491+/8922- | seedF1 0.725 | subgraph n=9,413 e=30,155 | lr 7.02e-05 | gpu 973MB
15:26:14 ┌────────────────────────────────────────────────────────────────────────────
15:26:14 │ EPOCH  63/80  train_loss 0.0061 (pos 0.068 / neg 0.003)  seedF1 0.724  1.9s  (92958 seeds/s)  eta ~0.6min
15:26:14 │ VAL  AUROC 0.9697 | AUPRC 0.7107 (base 0.0141) | F1 0.7064 (thr 0.821) | P 0.9705 R 0.5553 | MCC 0.7315
15:26:14 │ best AUPRC 0.7131 @ ep62   patience 19/20
15:26:14 └────────────────────────────────────────────────────────────────────────────
15:26:14 [train] ep64 step   1/19 | loss 0.0066 (pos 0.072/neg 0.003) | sup 504+/8441- | seedF1 0.726 | subgraph n=8,945 e=28,541 | lr 6.93e-05 | gpu 973MB
15:26:14 [train] ep64 step   3/19 | loss 0.0066 (pos 0.065/neg 0.003) | sup 594+/9135- | seedF1 0.702 | subgraph n=9,729 e=31,434 | lr 6.87e-05 | gpu 973MB
15:26:15 [train] ep64 step   8/19 | loss 0.0054 (pos 0.053/neg 0.003) | sup 482+/8451- | seedF1 0.719 | subgraph n=8,933 e=28,705 | lr 6.71e-05 | gpu 973MB
15:26:15 [train] ep64 step  13/19 | loss 0.0059 (pos 0.071/neg 0.002) | sup 512+/9460- | seedF1 0.722 | subgraph n=9,972 e=31,959 | lr 6.56e-05 | gpu 973MB
15:26:16 [train] ep64 step  18/19 | loss 0.0058 (pos 0.064/neg 0.003) | sup 493+/9232- | seedF1 0.724 | subgraph n=9,725 e=30,967 | lr 6.40e-05 | gpu 973MB
15:26:17 ┌────────────────────────────────────────────────────────────────────────────
15:26:17 │ EPOCH  64/80  train_loss 0.0058 (pos 0.060 / neg 0.003)  seedF1 0.724  1.9s  (93539 seeds/s)  eta ~0.5min
15:26:17 │ VAL  AUROC 0.9697 | AUPRC 0.7060 (base 0.0141) | F1 0.7042 (thr 0.842) | P 0.9703 R 0.5527 | MCC 0.7297
15:26:17 │ best AUPRC 0.7131 @ ep62   patience 18/20
15:26:17 └────────────────────────────────────────────────────────────────────────────
15:26:17 [train] ep65 step   1/19 | loss 0.0052 (pos 0.053/neg 0.003) | sup 507+/9007- | seedF1 0.722 | subgraph n=9,514 e=30,696 | lr 6.34e-05 | gpu 973MB
15:26:17 [train] ep65 step   4/19 | loss 0.0059 (pos 0.063/neg 0.003) | sup 480+/8779- | seedF1 0.701 | subgraph n=9,259 e=29,706 | lr 6.25e-05 | gpu 973MB
15:26:18 [train] ep65 step   9/19 | loss 0.0059 (pos 0.068/neg 0.002) | sup 499+/8808- | seedF1 0.688 | subgraph n=9,307 e=30,209 | lr 6.11e-05 | gpu 973MB
15:26:18 [train] ep65 step  14/19 | loss 0.0064 (pos 0.073/neg 0.002) | sup 550+/9308- | seedF1 0.681 | subgraph n=9,858 e=31,545 | lr 5.96e-05 | gpu 973MB
15:26:19 [train] ep65 step  19/19 | loss 0.0069 (pos 0.080/neg 0.003) | sup 510+/8573- | seedF1 0.678 | subgraph n=9,083 e=29,564 | lr 5.82e-05 | gpu 973MB
15:26:20 ┌────────────────────────────────────────────────────────────────────────────
15:26:20 │ EPOCH  65/80  train_loss 0.0058 (pos 0.063 / neg 0.003)  seedF1 0.678  1.9s  (93405 seeds/s)  eta ~0.5min
15:26:20 │ VAL  AUROC 0.9694 | AUPRC 0.7077 (base 0.0141) | F1 0.7015 (thr 0.840) | P 0.9680 R 0.5501 | MCC 0.7271
15:26:20 │ best AUPRC 0.7131 @ ep62   patience 17/20
15:26:20 └────────────────────────────────────────────────────────────────────────────
15:26:20 [train] ep66 step   1/19 | loss 0.0052 (pos 0.057/neg 0.003) | sup 464+/8895- | seedF1 0.667 | subgraph n=9,359 e=29,669 | lr 5.79e-05 | gpu 973MB
15:26:20 [train] ep66 step   5/19 | loss 0.0066 (pos 0.082/neg 0.003) | sup 441+/8564- | seedF1 0.673 | subgraph n=9,005 e=28,685 | lr 5.67e-05 | gpu 973MB
15:26:21 [train] ep66 step  10/19 | loss 0.0052 (pos 0.059/neg 0.002) | sup 514+/9121- | seedF1 0.687 | subgraph n=9,635 e=30,929 | lr 5.53e-05 | gpu 973MB
15:26:21 [train] ep66 step  15/19 | loss 0.0052 (pos 0.059/neg 0.002) | sup 516+/9726- | seedF1 0.694 | subgraph n=10,242 e=32,922 | lr 5.40e-05 | gpu 973MB
15:26:23 ┌────────────────────────────────────────────────────────────────────────────
15:26:23 │ EPOCH  66/80  train_loss 0.0059 (pos 0.063 / neg 0.003)  seedF1 0.702  1.9s  (93160 seeds/s)  eta ~0.4min
15:26:23 │ VAL  AUROC 0.9699 | AUPRC 0.7088 (base 0.0141) | F1 0.7020 (thr 0.839) | P 0.9658 R 0.5514 | MCC 0.7271
15:26:23 │ best AUPRC 0.7131 @ ep62   patience 16/20
15:26:23 └────────────────────────────────────────────────────────────────────────────
15:26:23 [train] ep67 step   1/19 | loss 0.0062 (pos 0.072/neg 0.003) | sup 474+/9014- | seedF1 0.680 | subgraph n=9,488 e=30,248 | lr 5.26e-05 | gpu 973MB
15:26:23 [train] ep67 step   6/19 | loss 0.0055 (pos 0.057/neg 0.002) | sup 483+/8289- | seedF1 0.706 | subgraph n=8,772 e=27,799 | lr 5.12e-05 | gpu 973MB
15:26:24 [train] ep67 step  11/19 | loss 0.0070 (pos 0.080/neg 0.003) | sup 527+/8601- | seedF1 0.695 | subgraph n=9,128 e=29,601 | lr 4.99e-05 | gpu 973MB
15:26:24 [train] ep67 step  16/19 | loss 0.0052 (pos 0.051/neg 0.003) | sup 480+/9355- | seedF1 0.702 | subgraph n=9,835 e=31,598 | lr 4.86e-05 | gpu 973MB
15:26:26 ┌────────────────────────────────────────────────────────────────────────────
15:26:26 │ EPOCH  67/80  train_loss 0.0057 (pos 0.061 / neg 0.003)  seedF1 0.706  1.9s  (93496 seeds/s)  eta ~0.4min
15:26:26 │ VAL  AUROC 0.9694 | AUPRC 0.7028 (base 0.0141) | F1 0.7015 (thr 0.852) | P 0.9680 R 0.5501 | MCC 0.7271
15:26:26 │ best AUPRC 0.7131 @ ep62   patience 15/20
15:26:26 └────────────────────────────────────────────────────────────────────────────
15:26:26 [train] ep68 step   1/19 | loss 0.0061 (pos 0.060/neg 0.003) | sup 474+/8375- | seedF1 0.678 | subgraph n=8,849 e=28,505 | lr 4.76e-05 | gpu 973MB
15:26:26 [train] ep68 step   2/19 | loss 0.0060 (pos 0.061/neg 0.003) | sup 554+/8818- | seedF1 0.675 | subgraph n=9,372 e=30,675 | lr 4.73e-05 | gpu 973MB
15:26:26 [train] ep68 step   7/19 | loss 0.0055 (pos 0.055/neg 0.003) | sup 467+/8219- | seedF1 0.685 | subgraph n=8,686 e=27,688 | lr 4.61e-05 | gpu 973MB
15:26:27 [train] ep68 step  12/19 | loss 0.0059 (pos 0.069/neg 0.002) | sup 497+/9063- | seedF1 0.692 | subgraph n=9,560 e=30,639 | lr 4.49e-05 | gpu 973MB
15:26:27 [train] ep68 step  17/19 | loss 0.0066 (pos 0.063/neg 0.003) | sup 573+/8744- | seedF1 0.682 | subgraph n=9,317 e=30,295 | lr 4.36e-05 | gpu 973MB
15:26:29 ┌────────────────────────────────────────────────────────────────────────────
15:26:29 │ EPOCH  68/80  train_loss 0.0058 (pos 0.064 / neg 0.003)  seedF1 0.685  1.9s  (92251 seeds/s)  eta ~0.4min
15:26:29 │ VAL  AUROC 0.9695 | AUPRC 0.7089 (base 0.0141) | F1 0.7020 (thr 0.837) | P 0.9658 R 0.5514 | MCC 0.7271
15:26:29 │ best AUPRC 0.7131 @ ep62   patience 14/20
15:26:29 └────────────────────────────────────────────────────────────────────────────
15:26:29 [train] ep69 step   1/19 | loss 0.0058 (pos 0.061/neg 0.003) | sup 476+/8191- | seedF1 0.681 | subgraph n=8,667 e=27,958 | lr 4.29e-05 | gpu 973MB
15:26:29 [train] ep69 step   3/19 | loss 0.0052 (pos 0.050/neg 0.003) | sup 471+/8657- | seedF1 0.694 | subgraph n=9,128 e=29,341 | lr 4.25e-05 | gpu 973MB
15:26:29 [train] ep69 step   8/19 | loss 0.0060 (pos 0.063/neg 0.003) | sup 488+/8598- | seedF1 0.709 | subgraph n=9,086 e=29,113 | lr 4.13e-05 | gpu 973MB
15:26:30 [train] ep69 step  13/19 | loss 0.0067 (pos 0.075/neg 0.003) | sup 498+/8627- | seedF1 0.701 | subgraph n=9,125 e=29,084 | lr 4.01e-05 | gpu 973MB
15:26:30 [train] ep69 step  18/19 | loss 0.0055 (pos 0.053/neg 0.003) | sup 507+/8792- | seedF1 0.707 | subgraph n=9,299 e=29,679 | lr 3.90e-05 | gpu 973MB
15:26:31 ┌────────────────────────────────────────────────────────────────────────────
15:26:31 │ EPOCH  69/80  train_loss 0.0057 (pos 0.060 / neg 0.003)  seedF1 0.707  1.9s  (91614 seeds/s)  eta ~0.4min
15:26:31 │ VAL  AUROC 0.9697 | AUPRC 0.7058 (base 0.0141) | F1 0.7036 (thr 0.844) | P 0.9681 R 0.5527 | MCC 0.7289
15:26:31 │ best AUPRC 0.7131 @ ep62   patience 13/20
15:26:31 └────────────────────────────────────────────────────────────────────────────
15:26:32 [train] ep70 step   1/19 | loss 0.0068 (pos 0.071/neg 0.003) | sup 481+/8248- | seedF1 0.718 | subgraph n=8,729 e=27,633 | lr 3.86e-05 | gpu 973MB
15:26:32 [train] ep70 step   4/19 | loss 0.0052 (pos 0.061/neg 0.002) | sup 486+/9276- | seedF1 0.702 | subgraph n=9,762 e=31,182 | lr 3.79e-05 | gpu 973MB
15:26:32 [train] ep70 step   9/19 | loss 0.0057 (pos 0.058/neg 0.003) | sup 458+/8078- | seedF1 0.706 | subgraph n=8,536 e=27,802 | lr 3.68e-05 | gpu 973MB
15:26:33 [train] ep70 step  14/19 | loss 0.0058 (pos 0.069/neg 0.002) | sup 455+/8699- | seedF1 0.703 | subgraph n=9,154 e=29,267 | lr 3.58e-05 | gpu 973MB
15:26:33 [train] ep70 step  19/19 | loss 0.0067 (pos 0.070/neg 0.003) | sup 523+/8336- | seedF1 0.700 | subgraph n=8,859 e=28,365 | lr 3.48e-05 | gpu 973MB
15:26:34 ┌────────────────────────────────────────────────────────────────────────────
15:26:34 │ EPOCH  70/80  train_loss 0.0059 (pos 0.063 / neg 0.003)  seedF1 0.700  1.9s  (92488 seeds/s)  eta ~0.3min
15:26:34 │ VAL  AUROC 0.9695 | AUPRC 0.7080 (base 0.0141) | F1 0.7036 (thr 0.838) | P 0.9681 R 0.5527 | MCC 0.7289
15:26:34 │ best AUPRC 0.7131 @ ep62   patience 12/20
15:26:34 └────────────────────────────────────────────────────────────────────────────
15:26:34 [train] ep71 step   1/19 | loss 0.0055 (pos 0.059/neg 0.003) | sup 519+/9333- | seedF1 0.732 | subgraph n=9,852 e=31,612 | lr 3.46e-05 | gpu 973MB
15:26:35 [train] ep71 step   5/19 | loss 0.0056 (pos 0.059/neg 0.003) | sup 501+/8659- | seedF1 0.715 | subgraph n=9,160 e=29,728 | lr 3.38e-05 | gpu 973MB
15:26:35 [train] ep71 step  10/19 | loss 0.0062 (pos 0.071/neg 0.002) | sup 510+/8829- | seedF1 0.703 | subgraph n=9,339 e=29,745 | lr 3.28e-05 | gpu 973MB
15:26:36 [train] ep71 step  15/19 | loss 0.0061 (pos 0.075/neg 0.003) | sup 479+/9180- | seedF1 0.690 | subgraph n=9,659 e=30,889 | lr 3.18e-05 | gpu 973MB
15:26:37 ┌────────────────────────────────────────────────────────────────────────────
15:26:37 │ EPOCH  71/80  train_loss 0.0057 (pos 0.061 / neg 0.003)  seedF1 0.695  1.9s  (92759 seeds/s)  eta ~0.3min
15:26:37 │ VAL  AUROC 0.9695 | AUPRC 0.7065 (base 0.0141) | F1 0.7031 (thr 0.842) | P 0.9659 R 0.5527 | MCC 0.7280
15:26:37 │ best AUPRC 0.7131 @ ep62   patience 11/20
15:26:37 └────────────────────────────────────────────────────────────────────────────
15:26:37 [train] ep72 step   1/19 | loss 0.0054 (pos 0.064/neg 0.002) | sup 493+/9154- | seedF1 0.686 | subgraph n=9,647 e=30,530 | lr 3.09e-05 | gpu 973MB
15:26:38 [train] ep72 step   6/19 | loss 0.0057 (pos 0.058/neg 0.003) | sup 534+/8739- | seedF1 0.715 | subgraph n=9,273 e=29,800 | lr 3.00e-05 | gpu 973MB
15:26:38 [train] ep72 step  11/19 | loss 0.0061 (pos 0.069/neg 0.003) | sup 539+/9413- | seedF1 0.701 | subgraph n=9,952 e=31,651 | lr 2.91e-05 | gpu 973MB
15:26:39 [train] ep72 step  16/19 | loss 0.0052 (pos 0.049/neg 0.003) | sup 501+/8473- | seedF1 0.708 | subgraph n=8,974 e=28,641 | lr 2.83e-05 | gpu 973MB
15:26:40 ┌────────────────────────────────────────────────────────────────────────────
15:26:40 │ EPOCH  72/80  train_loss 0.0056 (pos 0.058 / neg 0.003)  seedF1 0.712  1.9s  (93643 seeds/s)  eta ~0.3min
15:26:40 │ VAL  AUROC 0.9696 | AUPRC 0.7101 (base 0.0141) | F1 0.7068 (thr 0.840) | P 0.9640 R 0.5579 | MCC 0.7308
15:26:40 │ best AUPRC 0.7131 @ ep62   patience 10/20
15:26:40 └────────────────────────────────────────────────────────────────────────────
15:26:40 [train] ep73 step   1/19 | loss 0.0056 (pos 0.065/neg 0.002) | sup 484+/9227- | seedF1 0.685 | subgraph n=9,711 e=31,037 | lr 2.76e-05 | gpu 973MB
15:26:40 [train] ep73 step   2/19 | loss 0.0049 (pos 0.048/neg 0.003) | sup 484+/8804- | seedF1 0.728 | subgraph n=9,288 e=29,821 | lr 2.74e-05 | gpu 973MB
15:26:41 [train] ep73 step   7/19 | loss 0.0064 (pos 0.074/neg 0.003) | sup 520+/9286- | seedF1 0.708 | subgraph n=9,806 e=31,390 | lr 2.66e-05 | gpu 973MB
15:26:41 [train] ep73 step  12/19 | loss 0.0059 (pos 0.058/neg 0.003) | sup 524+/8580- | seedF1 0.695 | subgraph n=9,104 e=28,963 | lr 2.58e-05 | gpu 973MB
15:26:42 [train] ep73 step  17/19 | loss 0.0054 (pos 0.070/neg 0.002) | sup 463+/9495- | seedF1 0.700 | subgraph n=9,958 e=31,832 | lr 2.51e-05 | gpu 973MB
15:26:43 ┌────────────────────────────────────────────────────────────────────────────
15:26:43 │ EPOCH  73/80  train_loss 0.0059 (pos 0.065 / neg 0.003)  seedF1 0.700  1.9s  (93384 seeds/s)  eta ~0.2min
15:26:43 │ VAL  AUROC 0.9694 | AUPRC 0.7074 (base 0.0141) | F1 0.7026 (thr 0.845) | P 0.9680 R 0.5514 | MCC 0.7280
15:26:43 │ best AUPRC 0.7131 @ ep62   patience 9/20
15:26:43 └────────────────────────────────────────────────────────────────────────────
15:26:43 [train] ep74 step   1/19 | loss 0.0063 (pos 0.072/neg 0.003) | sup 505+/8805- | seedF1 0.625 | subgraph n=9,310 e=29,708 | lr 2.47e-05 | gpu 973MB
15:26:43 [train] ep74 step   3/19 | loss 0.0055 (pos 0.055/neg 0.003) | sup 489+/9251- | seedF1 0.693 | subgraph n=9,740 e=30,272 | lr 2.44e-05 | gpu 973MB
15:26:44 [train] ep74 step   8/19 | loss 0.0062 (pos 0.075/neg 0.002) | sup 474+/8718- | seedF1 0.698 | subgraph n=9,192 e=29,303 | lr 2.37e-05 | gpu 973MB
15:26:44 [train] ep74 step  13/19 | loss 0.0059 (pos 0.067/neg 0.002) | sup 485+/8529- | seedF1 0.696 | subgraph n=9,014 e=28,924 | lr 2.30e-05 | gpu 973MB
15:26:45 [train] ep74 step  18/19 | loss 0.0067 (pos 0.075/neg 0.003) | sup 511+/8954- | seedF1 0.700 | subgraph n=9,465 e=30,424 | lr 2.23e-05 | gpu 973MB
15:26:46 ┌────────────────────────────────────────────────────────────────────────────
15:26:46 │ EPOCH  74/80  train_loss 0.0057 (pos 0.063 / neg 0.003)  seedF1 0.700  1.9s  (92719 seeds/s)  eta ~0.2min
15:26:46 │ VAL  AUROC 0.9692 | AUPRC 0.7076 (base 0.0141) | F1 0.7026 (thr 0.841) | P 0.9680 R 0.5514 | MCC 0.7280
15:26:46 │ best AUPRC 0.7131 @ ep62   patience 8/20
15:26:46 └────────────────────────────────────────────────────────────────────────────
15:26:46 [train] ep75 step   1/19 | loss 0.0048 (pos 0.052/neg 0.002) | sup 502+/9164- | seedF1 0.752 | subgraph n=9,666 e=30,927 | lr 2.21e-05 | gpu 973MB
15:26:46 [train] ep75 step   4/19 | loss 0.0056 (pos 0.059/neg 0.002) | sup 499+/8543- | seedF1 0.719 | subgraph n=9,042 e=29,100 | lr 2.17e-05 | gpu 973MB
15:26:47 [train] ep75 step   9/19 | loss 0.0059 (pos 0.068/neg 0.003) | sup 498+/9233- | seedF1 0.704 | subgraph n=9,731 e=30,770 | lr 2.11e-05 | gpu 973MB
15:26:47 [train] ep75 step  14/19 | loss 0.0058 (pos 0.059/neg 0.003) | sup 500+/8951- | seedF1 0.707 | subgraph n=9,451 e=29,973 | lr 2.06e-05 | gpu 973MB
15:26:48 [train] ep75 step  19/19 | loss 0.0058 (pos 0.070/neg 0.002) | sup 476+/9136- | seedF1 0.706 | subgraph n=9,612 e=30,519 | lr 2.00e-05 | gpu 973MB
15:26:49 ┌────────────────────────────────────────────────────────────────────────────
15:26:49 │ EPOCH  75/80  train_loss 0.0057 (pos 0.063 / neg 0.002)  seedF1 0.706  1.9s  (92629 seeds/s)  eta ~0.2min
15:26:49 │ VAL  AUROC 0.9694 | AUPRC 0.7070 (base 0.0141) | F1 0.7021 (thr 0.847) | P 0.9702 R 0.5501 | MCC 0.7279
15:26:49 │ best AUPRC 0.7131 @ ep62   patience 7/20
15:26:49 └────────────────────────────────────────────────────────────────────────────
15:26:49 [train] ep76 step   1/19 | loss 0.0056 (pos 0.060/neg 0.003) | sup 466+/8794- | seedF1 0.712 | subgraph n=9,260 e=29,607 | lr 1.99e-05 | gpu 973MB
15:26:49 [train] ep76 step   5/19 | loss 0.0054 (pos 0.061/neg 0.002) | sup 485+/9020- | seedF1 0.705 | subgraph n=9,505 e=30,769 | lr 1.95e-05 | gpu 973MB
15:26:50 [train] ep76 step  10/19 | loss 0.0056 (pos 0.067/neg 0.002) | sup 477+/9293- | seedF1 0.705 | subgraph n=9,770 e=31,285 | lr 1.90e-05 | gpu 973MB
15:26:50 [train] ep76 step  15/19 | loss 0.0051 (pos 0.055/neg 0.002) | sup 459+/8801- | seedF1 0.706 | subgraph n=9,260 e=30,246 | lr 1.86e-05 | gpu 973MB
15:26:52 ┌────────────────────────────────────────────────────────────────────────────
15:26:52 │ EPOCH  76/80  train_loss 0.0056 (pos 0.061 / neg 0.003)  seedF1 0.700  1.9s  (92764 seeds/s)  eta ~0.1min
15:26:52 │ VAL  AUROC 0.9694 | AUPRC 0.7084 (base 0.0141) | F1 0.7030 (thr 0.842) | P 0.9616 R 0.5540 | MCC 0.7272
15:26:52 │ best AUPRC 0.7131 @ ep62   patience 6/20
15:26:52 └────────────────────────────────────────────────────────────────────────────
15:26:52 [train] ep77 step   1/19 | loss 0.0058 (pos 0.067/neg 0.002) | sup 490+/8964- | seedF1 0.701 | subgraph n=9,454 e=30,361 | lr 1.81e-05 | gpu 973MB
15:26:52 [train] ep77 step   6/19 | loss 0.0056 (pos 0.065/neg 0.002) | sup 514+/9082- | seedF1 0.724 | subgraph n=9,596 e=30,442 | lr 1.77e-05 | gpu 973MB
15:26:53 [train] ep77 step  11/19 | loss 0.0068 (pos 0.076/neg 0.003) | sup 476+/8302- | seedF1 0.717 | subgraph n=8,778 e=28,086 | lr 1.74e-05 | gpu 973MB
15:26:53 [train] ep77 step  16/19 | loss 0.0051 (pos 0.059/neg 0.002) | sup 474+/9006- | seedF1 0.712 | subgraph n=9,480 e=30,226 | lr 1.70e-05 | gpu 973MB
15:26:55 ┌────────────────────────────────────────────────────────────────────────────
15:26:55 │ EPOCH  77/80  train_loss 0.0056 (pos 0.062 / neg 0.002)  seedF1 0.716  1.9s  (92767 seeds/s)  eta ~0.1min
15:26:55 │ VAL  AUROC 0.9692 | AUPRC 0.7078 (base 0.0141) | F1 0.7031 (thr 0.842) | P 0.9659 R 0.5527 | MCC 0.7280
15:26:55 │ best AUPRC 0.7131 @ ep62   patience 5/20
15:26:55 └────────────────────────────────────────────────────────────────────────────
15:26:55 [train] ep78 step   1/19 | loss 0.0048 (pos 0.048/neg 0.003) | sup 489+/9071- | seedF1 0.753 | subgraph n=9,560 e=30,245 | lr 1.68e-05 | gpu 973MB
15:26:55 [train] ep78 step   2/19 | loss 0.0053 (pos 0.056/neg 0.003) | sup 444+/8803- | seedF1 0.734 | subgraph n=9,247 e=29,396 | lr 1.67e-05 | gpu 973MB
15:26:55 [train] ep78 step   7/19 | loss 0.0054 (pos 0.065/neg 0.002) | sup 502+/9605- | seedF1 0.725 | subgraph n=10,107 e=32,024 | lr 1.64e-05 | gpu 973MB
15:26:56 [train] ep78 step  12/19 | loss 0.0063 (pos 0.074/neg 0.003) | sup 471+/8975- | seedF1 0.716 | subgraph n=9,446 e=29,977 | lr 1.61e-05 | gpu 973MB
15:26:56 [train] ep78 step  17/19 | loss 0.0056 (pos 0.056/neg 0.002) | sup 529+/8642- | seedF1 0.717 | subgraph n=9,171 e=29,427 | lr 1.59e-05 | gpu 973MB
15:26:58 ┌────────────────────────────────────────────────────────────────────────────
15:26:58 │ EPOCH  78/80  train_loss 0.0057 (pos 0.061 / neg 0.003)  seedF1 0.714  1.9s  (92405 seeds/s)  eta ~0.1min
15:26:58 │ VAL  AUROC 0.9691 | AUPRC 0.7077 (base 0.0141) | F1 0.7036 (thr 0.841) | P 0.9681 R 0.5527 | MCC 0.7289
15:26:58 │ best AUPRC 0.7131 @ ep62   patience 4/20
15:26:58 └────────────────────────────────────────────────────────────────────────────
15:26:58 [train] ep79 step   1/19 | loss 0.0054 (pos 0.057/neg 0.003) | sup 507+/9659- | seedF1 0.674 | subgraph n=10,166 e=32,063 | lr 1.58e-05 | gpu 973MB
15:26:58 [train] ep79 step   3/19 | loss 0.0058 (pos 0.064/neg 0.002) | sup 508+/8652- | seedF1 0.722 | subgraph n=9,160 e=29,130 | lr 1.57e-05 | gpu 973MB
15:26:58 [train] ep79 step   8/19 | loss 0.0057 (pos 0.063/neg 0.003) | sup 500+/9319- | seedF1 0.704 | subgraph n=9,819 e=31,715 | lr 1.55e-05 | gpu 973MB
15:26:59 [train] ep79 step  13/19 | loss 0.0057 (pos 0.060/neg 0.002) | sup 546+/9374- | seedF1 0.698 | subgraph n=9,920 e=31,486 | lr 1.54e-05 | gpu 973MB
15:27:00 [train] ep79 step  18/19 | loss 0.0054 (pos 0.063/neg 0.002) | sup 513+/9322- | seedF1 0.704 | subgraph n=9,835 e=31,974 | lr 1.52e-05 | gpu 973MB
15:27:01 ┌────────────────────────────────────────────────────────────────────────────
15:27:01 │ EPOCH  79/80  train_loss 0.0056 (pos 0.059 / neg 0.003)  seedF1 0.704  1.9s  (92994 seeds/s)  eta ~0.0min
15:27:01 │ VAL  AUROC 0.9692 | AUPRC 0.7090 (base 0.0141) | F1 0.7036 (thr 0.837) | P 0.9681 R 0.5527 | MCC 0.7289
15:27:01 │ best AUPRC 0.7131 @ ep62   patience 3/20
15:27:01 └────────────────────────────────────────────────────────────────────────────
15:27:01 [train] ep80 step   1/19 | loss 0.0066 (pos 0.074/neg 0.003) | sup 501+/8784- | seedF1 0.686 | subgraph n=9,285 e=29,136 | lr 1.52e-05 | gpu 973MB
15:27:01 [train] ep80 step   4/19 | loss 0.0051 (pos 0.054/neg 0.003) | sup 477+/8856- | seedF1 0.708 | subgraph n=9,333 e=29,294 | lr 1.51e-05 | gpu 973MB
15:27:02 [train] ep80 step   9/19 | loss 0.0057 (pos 0.052/neg 0.002) | sup 583+/8444- | seedF1 0.714 | subgraph n=9,027 e=28,735 | lr 1.51e-05 | gpu 973MB
15:27:02 [train] ep80 step  14/19 | loss 0.0053 (pos 0.060/neg 0.002) | sup 462+/8969- | seedF1 0.713 | subgraph n=9,431 e=30,233 | lr 1.50e-05 | gpu 973MB
15:27:03 [train] ep80 step  19/19 | loss 0.0055 (pos 0.057/neg 0.003) | sup 503+/8705- | seedF1 0.711 | subgraph n=9,208 e=29,646 | lr 1.50e-05 | gpu 973MB
15:27:03 ┌────────────────────────────────────────────────────────────────────────────
15:27:03 │ EPOCH  80/80  train_loss 0.0057 (pos 0.063 / neg 0.002)  seedF1 0.711  1.9s  (94329 seeds/s)  eta ~0.0min
15:27:03 │ VAL  AUROC 0.9691 | AUPRC 0.7092 (base 0.0141) | F1 0.7036 (thr 0.835) | P 0.9681 R 0.5527 | MCC 0.7289
15:27:03 │ best AUPRC 0.7131 @ ep62   patience 2/20
15:27:03 └────────────────────────────────────────────────────────────────────────────
15:27:04 [eval] loaded checkpoint runs\20260807_152310_deep_member_1337\best.pt (epoch 62)
15:27:05 ── VALIDATION ────────────────────────────────────────────────────
  events=54,356  positives=769  pos_rate=1.41%
  ranking:   AUROC=0.9701   AUPRC=0.7131   (baseline AP=0.0141, lift x50.4)
  @thr=0.810:  F1=0.7088   P=0.9600   R=0.5618   MCC=0.7318
  @thr=0.50:  F1=0.3902
  confusion: TN=53,569  FP=18  FN=337  TP=432
  triage:    precision@K(=n_pos)=0.6476  (lift x45.8 over random)
──────────────────────────────────────────────────────────────────
15:27:06 ── TEST ──────────────────────────────────────────────────────────
  events=60,664  positives=779  pos_rate=1.28%
  ranking:   AUROC=0.9807   AUPRC=0.7310   (baseline AP=0.0128, lift x56.9)
  @thr=0.810:  F1=0.7179   P=0.9379   R=0.5815   MCC=0.7361
  @thr=0.50:  F1=0.4072
  confusion: TN=59,855  FP=30  FN=326  TP=453
  triage:    precision@K(=n_pos)=0.6444  (lift x50.2 over random)
──────────────────────────────────────────────────────────────────
15:27:06 [eval] mean attention per edge, per provenance relation (what the model leans on, normalised for edge volume):
15:27:06 [eval]   NET_TRIGGER       19.0%  #######
15:27:06 [eval]   CONFIG_TRIGGER    18.5%  #######
15:27:06 [eval]   PROCESS_CHILD     17.4%  ######
15:27:06 [eval]   SESSION_ACTION    15.6%  ######
15:27:06 [eval]   HOST_SEQUENCE     15.2%  ######
15:27:06 [eval]   USER_SEQUENCE     14.3%  #####
15:27:07 ── TEST (alt operating point: recall) ────────────────────────────
  events=60,664  positives=779  pos_rate=1.28%
  ranking:   AUROC=0.9807   AUPRC=0.7310   (baseline AP=0.0128, lift x56.9)
  @thr=0.261:  F1=0.2358   P=0.1348   R=0.9409   MCC=0.3399
  @thr=0.50:  F1=0.4072
  confusion: TN=55,179  FP=4,706  FN=46  TP=733
  triage:    precision@K(=n_pos)=0.6444  (lift x50.2 over random)
──────────────────────────────────────────────────────────────────
15:27:07 [eval] rewire ablation: permuting edge destinations (degrees kept, topology destroyed) ...
15:28:50 ── TEST (REWIRE ablation) ────────────────────────────────────────
  events=60,664  positives=779  pos_rate=1.28%
  ranking:   AUROC=0.7783   AUPRC=0.2711   (baseline AP=0.0128, lift x21.1)
  @thr=0.810:  F1=0.2795   P=0.7444   R=0.1720   MCC=0.3545
  @thr=0.50:  F1=0.2455
  confusion: TN=59,839  FP=46  FN=645  TP=134
  triage:    precision@K(=n_pos)=0.2978  (lift x23.2 over random)
──────────────────────────────────────────────────────────────────
15:28:50 [eval] AUPRC drop from rewiring: 0.7310 -> 0.2711  (delta +0.4599). Model depends on graph structure as intended.
15:28:51 [eval] report -> runs\20260807_152310_deep_member_1337\eval_report.json
15:28:51 [run ] done.
