04:07:00 ==============================================================================
04:07:00 EVENT-PROVENANCE RGAT  |  focal loss  |  neighbourhood sampling
04:07:00 ==============================================================================
04:07:00 ==============================================================================
EVENT-PROVENANCE SCHEMA (KQL contract)
==============================================================================
event types (6):  SignIn, ProcessCreate, NetworkConnection, FileActivity, SystemConfig, DnsQuery
relations   (6):  PROCESS_CHILD, SESSION_ACTION, HOST_SEQUENCE, USER_SEQUENCE, NET_TRIGGER, CONFIG_TRIGGER
------------------------------------------------------------------------------
feature block             offset   dim  kind
etype_onehot                   0     6  onehot
hour_sin_cos                   6     2  dense
dow_sin_cos                    8     2  dense
host_role_onehot              10     6  onehot
os_onehot                     16     2  onehot
user_role_onehot              18     3  onehot
auth_flags                    21     4  dense
integrity_onehot              25     3  onehot
net_flags                     28     2  dense
protocol_onehot               30     3  onehot
port_class_onehot             33     4  onehot
log_bytes                     37     1  dense
process_cat_onehot            38    14  onehot
file_cat_onehot               52     9  onehot
file_action_onehot            61     4  onehot
config_kind_onehot            65     5  onehot
dns_feats                     70     2  dense
cmdline_feats                 72     6  dense
behaviour_feats               78     4  dense
TOTAL node features                 82
edge features: 8  (log_dt_min + dt bucket onehot + log_bytes)
==============================================================================
04:07:00 [run ] run dir: runs\20260807_040700_smoke_rgat
04:07:00 [env ] using CPU (torch 2.11.0+cu128)
04:07:00 [data] generating synthetic Sentinel-like event stream ...
04:07:00 [data]   events=7,775  hosts=60  users=50  days=4  positive events=152 (1.95%)  [0.2s]
04:07:00 [data] building node features ...
04:07:00 [data] building provenance edges (KQL make-graph equivalent) ...
04:07:00 [data] temporal split ...
04:07:00 [data] leakage audit (single-feature AUC on train split) ...
04:07:00 [data]   top-5 single-feature AUCs (must stay < 0.95):
04:07:00 [data]     hour_sin_cos[1]                  AUC=0.769
04:07:00 [data]     dow_sin_cos[0]                   AUC=0.691
04:07:00 [data]     dow_sin_cos[1]                   AUC=0.691
04:07:00 [data]     behaviour_feats[2]               AUC=0.637
04:07:00 [data]     host_role_onehot[4]              AUC=0.626
04:07:00 [data] assembling HeteroData ...
04:07:00 [data]   PROCESS_CHILD    edges=      985
04:07:00 [data]   SESSION_ACTION   edges=      512
04:07:00 [data]   HOST_SEQUENCE    edges=    4,347
04:07:00 [data]   USER_SEQUENCE    edges=    4,617
04:07:00 [data]   NET_TRIGGER      edges=      445
04:07:00 [data]   CONFIG_TRIGGER   edges=       27
04:07:00 [data]   split train: nodes=   4,742  positive=    87  pos_rate=1.83%
04:07:00 [data]   split val  : nodes=     128  positive=    31  pos_rate=24.22%
04:07:00 [data]   split test : nodes=   1,493  positive=    26  pos_rate=1.74%
04:07:00 [data] cached dataset -> data\graph_f82f18671316.pt  (total 0.4s)
