06:07:22 ==============================================================================
06:07:22 EVENT-PROVENANCE RGAT  |  focal loss  |  neighbourhood sampling
06:07:22 ==============================================================================
06:07:22 ==============================================================================
EVENT-PROVENANCE SCHEMA (KQL contract)
==============================================================================
event types (6):  SignIn, ProcessCreate, NetworkConnection, FileActivity, SystemConfig, DnsQuery
relations   (6):  PROCESS_CHILD, SESSION_ACTION, HOST_SEQUENCE, USER_SEQUENCE, NET_TRIGGER, CONFIG_TRIGGER
------------------------------------------------------------------------------
feature block             offset   dim  kind
etype_onehot                   0     6  onehot
hour_sin_cos                   6     2  dense
dow_sin_cos                    8     2  dense
host_role_onehot              10     6  onehot
os_onehot                     16     2  onehot
user_role_onehot              18     3  onehot
auth_flags                    21     4  dense
integrity_onehot              25     3  onehot
net_flags                     28     2  dense
protocol_onehot               30     3  onehot
port_class_onehot             33     4  onehot
log_bytes                     37     1  dense
process_cat_onehot            38    14  onehot
file_cat_onehot               52     9  onehot
file_action_onehot            61     4  onehot
config_kind_onehot            65     5  onehot
dns_feats                     70     2  dense
cmdline_feats                 72     6  dense
behaviour_feats               78     4  dense
TOTAL node features                 82
edge features: 8  (log_dt_min + dt bucket onehot + log_bytes)
==============================================================================
06:07:22 [run ] run dir: runs\20260807_060722_full_rgat
06:07:22 [env ] CUDA device: NVIDIA GeForce RTX 5060  VRAM 8.0 GB  torch 2.11.0+cu128
06:07:22 [data] generating synthetic Sentinel-like event stream ...
06:07:30 [data]   events=335,484  hosts=350  users=300  days=28  positive events=1,912 (0.57%)  [7.9s]
06:07:30 [data] building node features ...
06:07:30 [data] building provenance edges (KQL make-graph equivalent) ...
06:07:31 [data] temporal split ...
06:07:31 [data] leakage audit (single-feature AUC on train split) ...
06:07:33 [data]   top-5 single-feature AUCs (must stay < 0.95):
06:07:33 [data]     behaviour_feats[2]               AUC=0.758
06:07:33 [data]     hour_sin_cos[1]                  AUC=0.691
06:07:33 [data]     host_role_onehot[0]              AUC=0.626
06:07:33 [data]     behaviour_feats[1]               AUC=0.626
06:07:33 [data]     behaviour_feats[0]               AUC=0.614
06:07:33 [data] assembling HeteroData ...
06:07:33 [data]   PROCESS_CHILD    edges=   44,651
06:07:33 [data]   SESSION_ACTION   edges=   24,251
06:07:33 [data]   HOST_SEQUENCE    edges=  237,235
06:07:33 [data]   USER_SEQUENCE    edges=  252,159
06:07:33 [data]   NET_TRIGGER      edges=    7,627
06:07:33 [data]   CONFIG_TRIGGER   edges=    2,369
06:07:33 [data]   split train: nodes= 229,173  positive= 1,149  pos_rate=0.50%
06:07:33 [data]   split val  : nodes=  46,232  positive=   368  pos_rate=0.80%
06:07:33 [data]   split test : nodes=  53,099  positive=   382  pos_rate=0.72%
06:07:33 [data] cached dataset -> data\graph_568282fff629.pt  (total 11.2s)
06:07:33 [run ] --data-only: stopping after dataset build.
